INFO  flat.Driver$: 
INFO  flat.Driver$: Checking: /benchmark/subjects/012.neg.1.py
INFO  flat.checker.VCPrf: 
INFO  flat.checker.VCPrf: Goal:  ⇒ (|s| ≤ 1)
INFO  flat.checker.VCPrf: Failed (time: 39.163962 ms)
INFO  flat.checker.VCPrf: 
INFO  flat.checker.VCPrf: Goal:  ⇒ (((|s| - 1) ≥ 0) && ((|s| - 1) < |s|))
INFO  flat.checker.VCPrf: Failed (time: 8.765964 ms)
INFO  flat.checker.VCPrf: 
INFO  flat.checker.VCPrf: Goal: ((|s| - 1) ≥ 0) ∧ ((|s| - 1) < |s|) ⇒ s[(|s| - 1)] : LangType((...*)?)
INFO  flat.checker.VCPrf: Failed (time: 11.937361 ms)
- [ERROR] Type Error: /benchmark/subjects/012.neg.1.py
5 |  assert n <= 1
  |         ^^^^^^
  |         assertion may fail
- [ERROR] Type Error: /benchmark/subjects/012.neg.1.py
6 |  return s[n-1]
  |           ^^^
  |           index may be out of bounds
- [ERROR] Type Error: /benchmark/subjects/012.neg.1.py
6 |  return s[n-1]
  |         ^^^^^^
  |         type may mismatch
  |         expected: LangType((...*)?)
  |         actual:   LangType(.)
