INFO  flat.Driver$: 
INFO  flat.Driver$: Checking: /benchmark/subjects/014.neg.1.py
INFO  flat.checker.VCPrf: 
INFO  flat.checker.VCPrf: Goal: (|s| ≠ 1) ⇒ false
INFO  flat.checker.VCPrf: Failed (time: 44.033144 ms)
INFO  flat.checker.VCPrf: 
INFO  flat.checker.VCPrf: Goal: (|s| ≠ 1) ⇒ ((0 ≥ 0) && (1 ≥ 0))
INFO  flat.checker.VCPrf: Proved with SMT (time: 4.366111 ms)
INFO  flat.checker.VCPrf: 
INFO  flat.checker.VCPrf: Goal: (|s| ≠ 1) ∧ (0 ≥ 0) ∧ (1 ≥ 0) ⇒ s[0:1] : LangType((...*)?)
INFO  flat.checker.VCPrf: Failed (time: 12.213732 ms)
INFO  flat.checker.VCPrf: 
INFO  flat.checker.VCPrf: Goal: (|s| = 1) ⇒ ((0 ≥ 0) && (1 ≥ 0))
INFO  flat.checker.VCPrf: Proved with SMT (time: 2.908005 ms)
INFO  flat.checker.VCPrf: 
INFO  flat.checker.VCPrf: Goal: (|s| = 1) ∧ (0 ≥ 0) ∧ (1 ≥ 0) ⇒ s[0:1] : LangType((...*)?)
INFO  flat.checker.VCPrf: Failed (time: 4.039619 ms)
- [ERROR] Type Error: /benchmark/subjects/014.neg.1.py
5 |    raise Exception
  |    ^^^^^^^^^^^^^^^
  |    assertion may fail
- [ERROR] Type Error: /benchmark/subjects/014.neg.1.py
6 |  return s[0:1]
  |         ^^^^^^
  |         type may mismatch
  |         expected: LangType((...*)?)
  |         actual:   LangType(.)
- [ERROR] Type Error: /benchmark/subjects/014.neg.1.py
6 |  return s[0:1]
  |         ^^^^^^
  |         type may mismatch
  |         expected: LangType((...*)?)
  |         actual:   LangType(.)
