INFO  flat.Driver$: 
INFO  flat.Driver$: Checking: /benchmark/subjects/043.neg.1.py
INFO  flat.checker.VCPrf: 
INFO  flat.checker.VCPrf: Goal:  ⇒ (((|s| - 2) ≥ 0) && ((|s| - 2) < |s|))
INFO  flat.checker.VCPrf: Failed (time: 40.519949 ms)
INFO  flat.checker.VCPrf: 
INFO  flat.checker.VCPrf: Goal:  ⇒ ((((|s| - 2) + 1) ≥ 0) && (((|s| - 2) + 1) < |s|))
INFO  flat.checker.VCPrf: Failed (time: 6.436446 ms)
INFO  flat.checker.VCPrf: 
INFO  flat.checker.VCPrf: Goal:  ⇒ (|s| = 2)
INFO  flat.checker.VCPrf: Failed (time: 4.844824 ms)
- [ERROR] Type Error: /benchmark/subjects/043.neg.1.py
5 |  c1 = s[n]
  |         ^
  |         index may be out of bounds
- [ERROR] Type Error: /benchmark/subjects/043.neg.1.py
6 |  c2 = s[n+1]
  |         ^^^
  |         index may be out of bounds
- [ERROR] Type Error: /benchmark/subjects/043.neg.1.py
7 |  assert len(s) == 2
  |         ^^^^^^^^^^^
  |         assertion may fail
