INFO  flat.Driver$: 
INFO  flat.Driver$: Checking: /benchmark/subjects/053.neg.1.py
INFO  flat.checker.VCPrf: 
INFO  flat.checker.VCPrf: Goal: (|s| = 1) ⇒ "" : LangType((ε|.))
INFO  flat.checker.VCPrf: Proved with lemmas (time: 10.168842 ms)
INFO  flat.checker.VCPrf: 
INFO  flat.checker.VCPrf: Goal: (|s| ≠ 1) ⇒ ((0 ≥ 0) && (0 < |s|))
INFO  flat.checker.VCPrf: Failed (time: 38.137747 ms)
INFO  flat.checker.VCPrf: 
INFO  flat.checker.VCPrf: Goal: (|s| ≠ 1) ∧ (0 ≥ 0) ∧ (0 < |s|) ⇒ s[0] : LangType((ε|.))
java.lang.IllegalArgumentException: requirement failed
	at scala.Predef$.require(Predef.scala:324)
	at flat.regex.RegExpr.<init>(RegExpr.scala:19)
	at flat.regex.RegExpr$REChar.<init>(RegExpr.scala:8)
	at flat.regex.RegExpr$REChar$.apply(RegExpr.scala:8)
	at flat.checker.HintSynth.inferLang(HintSynth.scala:178)
	at flat.checker.Prover.checkType(Prover.scala:61)
	at flat.checker.Prover.processTypeTest(Prover.scala:54)
	at flat.checker.Prover.processAtomic(Prover.scala:28)
	at flat.checker.Prover.process(Prover.scala:23)
	at flat.checker.VCPrf.$anonfun$1(VCPrf.scala:29)
	at flat.util$.time(util.scala:35)
	at flat.checker.VCPrf.proveHasType(VCPrf.scala:29)
	at flat.checker.VCPrf.proveHasType$(VCPrf.scala:9)
	at flat.checker.Prover.proveHasType(Prover.scala:6)
	at flat.checker.VCPrf.prove(VCPrf.scala:19)
	at flat.checker.VCPrf.prove$(VCPrf.scala:9)
	at flat.checker.Prover.prove(Prover.scala:6)
	at flat.checker.VCPrf.prove(VCPrf.scala:23)
	at flat.checker.VCPrf.prove$(VCPrf.scala:9)
	at flat.checker.Prover.prove(Prover.scala:6)
	at flat.checker.VCPrf.prove(VCPrf.scala:22)
	at flat.checker.VCPrf.prove$(VCPrf.scala:9)
	at flat.checker.Prover.prove(Prover.scala:6)
	at flat.checker.VCPrf.prove(VCPrf.scala:23)
	at flat.checker.VCPrf.prove$(VCPrf.scala:9)
	at flat.checker.Prover.prove(Prover.scala:6)
	at flat.checker.VCPrf.prove(VCPrf.scala:22)
	at flat.checker.VCPrf.prove$(VCPrf.scala:9)
	at flat.checker.Prover.prove(Prover.scala:6)
	at flat.Driver$.checkPython$$anonfun$1(Driver.scala:65)
	at scala.runtime.function.JProcedure1.apply(JProcedure1.java:15)
	at scala.runtime.function.JProcedure1.apply(JProcedure1.java:10)
	at scala.collection.immutable.List.foreach(List.scala:334)
	at flat.Driver$.checkPython(Driver.scala:58)
	at flat.Driver$.tryCheckPython(Driver.scala:40)
	at flat.Driver$.run$$anonfun$2(Driver.scala:32)
	at scala.runtime.function.JProcedure1.apply(JProcedure1.java:15)
	at scala.runtime.function.JProcedure1.apply(JProcedure1.java:10)
	at scala.collection.immutable.List.foreach(List.scala:334)
	at flat.Driver$.run(Driver.scala:29)
	at flat.CLI$.main(CLI.scala:48)
	at flat.CLI.main(CLI.scala)
