INFO  flat.Driver$: 
INFO  flat.Driver$: Checking: /benchmark/subjects/066.neg.1.py
INFO  flat.checker.VCPrf: 
INFO  flat.checker.VCPrf: Goal: (|s| > 3) ⇒ false
INFO  flat.checker.VCPrf: Failed (time: 44.649469 ms)
INFO  flat.checker.VCPrf: 
INFO  flat.checker.VCPrf: Goal: (|s| ≤ 3) ⇒ ((0 ≥ 0) && (3 ≥ 0))
INFO  flat.checker.VCPrf: Proved with SMT (time: 4.559939 ms)
INFO  flat.checker.VCPrf: 
INFO  flat.checker.VCPrf: Goal: (|s| ≤ 3) ∧ (0 ≥ 0) ∧ (3 ≥ 0) ⇒ s[0:3] : LangType((.(.(...*)?)?)?)
INFO  flat.checker.VCPrf: Failed (time: 13.415044 ms)
- [ERROR] Type Error: /benchmark/subjects/066.neg.1.py
5 |    raise Exception
  |    ^^^^^^^^^^^^^^^
  |    assertion may fail
- [ERROR] Type Error: /benchmark/subjects/066.neg.1.py
7 |    return s[0:3]
  |           ^^^^^^
  |           type may mismatch
  |           expected: LangType((.(.(...*)?)?)?)
  |           actual:   LangType(...)
