INFO  flat.Driver$: 
INFO  flat.Driver$: Checking: /benchmark/subjects/068.neg.1.py
INFO  flat.checker.VCPrf: 
INFO  flat.checker.VCPrf: Goal:  ⇒ (|s| = 3)
INFO  flat.checker.VCPrf: Failed (time: 34.56572 ms)
INFO  flat.checker.VCPrf: 
INFO  flat.checker.VCPrf: Goal:  ⇒ ((0 ≥ 0) && (0 < |s|))
INFO  flat.checker.VCPrf: Failed (time: 6.796283 ms)
INFO  flat.checker.VCPrf: 
INFO  flat.checker.VCPrf: Goal:  ⇒ ((1 ≥ 0) && (1 < |s|))
INFO  flat.checker.VCPrf: Failed (time: 5.641263 ms)
INFO  flat.checker.VCPrf: 
INFO  flat.checker.VCPrf: Goal:  ⇒ ((2 ≥ 0) && (2 < |s|))
INFO  flat.checker.VCPrf: Failed (time: 5.639244 ms)
- [ERROR] Type Error: /benchmark/subjects/068.neg.1.py
4 |  a,b,c = s
  |  ^^^^^^^^^
  |  assertion may fail
- [ERROR] Type Error: /benchmark/subjects/068.neg.1.py
4 |  a,b,c = s
  |  ^
  |  index may be out of bounds
- [ERROR] Type Error: /benchmark/subjects/068.neg.1.py
4 |  a,b,c = s
  |    ^
  |    index may be out of bounds
- [ERROR] Type Error: /benchmark/subjects/068.neg.1.py
4 |  a,b,c = s
  |      ^
  |      index may be out of bounds
