INFO  flat.Driver$: 
INFO  flat.Driver$: Checking: /benchmark/subjects/081.neg.1.py
INFO  flat.checker.VCPrf: 
INFO  flat.checker.VCPrf: Goal:  ⇒ ((0 ≥ 0) && (0 < |s|))
INFO  flat.checker.VCPrf: Failed (time: 37.279789 ms)
INFO  flat.checker.VCPrf: 
INFO  flat.checker.VCPrf: Goal: (0 ≥ 0) ∧ (0 < |s|) ⇒ (s[0] = "a")
INFO  flat.checker.VCPrf: Failed (time: 35.314905 ms)
INFO  flat.checker.VCPrf: 
INFO  flat.checker.VCPrf: Goal:  ⇒ (|s| = 1)
INFO  flat.checker.VCPrf: Failed (time: 4.722301 ms)
- [ERROR] Type Error: /benchmark/subjects/081.neg.1.py
4 |  assert s[0] == "a"
  |           ^
  |           index may be out of bounds
- [ERROR] Type Error: /benchmark/subjects/081.neg.1.py
4 |  assert s[0] == "a"
  |         ^^^^^^^^^^^
  |         assertion may fail
- [ERROR] Type Error: /benchmark/subjects/081.neg.1.py
5 |  assert len(s) == 1
  |         ^^^^^^^^^^^
  |         assertion may fail
