INFO  flat.Driver$: 
INFO  flat.Driver$: Checking: /benchmark/subjects/082.neg.1.py
INFO  flat.checker.VCPrf: 
INFO  flat.checker.VCPrf: Goal:  ⇒ ((0 ≥ 0) && (0 < |s|))
INFO  flat.checker.VCPrf: Failed (time: 36.657842 ms)
INFO  flat.checker.VCPrf: 
INFO  flat.checker.VCPrf: Goal: (s[0] = "a") ∧ (0 ≥ 0) ∧ (0 < |s|) ⇒ (|s| = 1)
INFO  flat.checker.VCPrf: Failed (time: 37.695006 ms)
INFO  flat.checker.VCPrf: 
INFO  flat.checker.VCPrf: Goal: (s[0] ≠ "a") ∧ (0 ≥ 0) ∧ (0 < |s|) ⇒ false
INFO  flat.checker.VCPrf: Failed (time: 17.559292 ms)
- [ERROR] Type Error: /benchmark/subjects/082.neg.1.py
4 |  if s[0] == "a":
  |       ^
  |       index may be out of bounds
- [ERROR] Type Error: /benchmark/subjects/082.neg.1.py
5 |    assert len(s) == 1
  |           ^^^^^^^^^^^
  |           assertion may fail
- [ERROR] Type Error: /benchmark/subjects/082.neg.1.py
7 |    assert False
  |           ^^^^^
  |           assertion may fail
