INFO  flat.Driver$: 
INFO  flat.Driver$: Checking: /benchmark/subjects/103.neg.1.py
INFO  flat.checker.VCPrf: 
INFO  flat.checker.VCPrf: Goal:  ⇒ ((0 ≤ 0) && (0 ≤ |s|))
INFO  flat.checker.VCPrf: Proved with SMT (time: 23.346319 ms)
INFO  flat.checker.VCPrf: 
INFO  flat.checker.VCPrf: Goal:  ⇒ (0 = 0)
INFO  flat.checker.VCPrf: Proved with SMT (time: 1.279021 ms)
INFO  flat.checker.VCPrf: 
INFO  flat.checker.VCPrf: Goal: (i₁ < |s|) ∧ (0 ≤ i₁) ∧ (i₁ ≤ |s|) ∧ (j₁ = i₁) ⇒ ((i₁ ≥ 0) && (i₁ < |s|))
INFO  flat.checker.VCPrf: Proved with SMT (time: 2.250829 ms)
INFO  flat.checker.VCPrf: 
INFO  flat.checker.VCPrf: Goal: (i₁ < |s|) ∧ (0 ≤ i₁) ∧ (i₁ ≤ |s|) ∧ (j₁ = i₁) ∧ (i₁ ≥ 0) ∧ (i₁ < |s|) ⇒ (s[i₁] = "a")
INFO  flat.checker.VCPrf: Failed (time: 44.430283 ms)
INFO  flat.checker.VCPrf: 
INFO  flat.checker.VCPrf: Goal: (i₁ < |s|) ∧ (0 ≤ i₁) ∧ (i₁ ≤ |s|) ∧ (j₁ = i₁) ⇒ ((0 ≤ (i₁ + 1)) && ((i₁ + 1) ≤ |s|))
INFO  flat.checker.VCPrf: Proved with SMT (time: 4.385647 ms)
INFO  flat.checker.VCPrf: 
INFO  flat.checker.VCPrf: Goal: (i₁ < |s|) ∧ (0 ≤ i₁) ∧ (i₁ ≤ |s|) ∧ (j₁ = i₁) ⇒ ((j₁ + 1) = (i₁ + 1))
INFO  flat.checker.VCPrf: Proved with SMT (time: 2.027383 ms)
INFO  flat.checker.VCPrf: 
INFO  flat.checker.VCPrf: Goal: (i₁ ≥ |s|) ∧ (0 ≤ i₁) ∧ (i₁ ≤ |s|) ∧ (j₁ = i₁) ⇒ (j₁ = 2)
INFO  flat.checker.VCPrf: Failed (time: 6.8303 ms)
- [ERROR] Type Error: /benchmark/subjects/103.neg.1.py
9 |    assert s[i] == "a"
  |           ^^^^^^^^^^^
  |           assertion may fail
-- [ERROR] Type Error: /benchmark/subjects/103.neg.1.py
12 |  assert j == 2
   |         ^^^^^^
   |         assertion may fail
