INFO  flat.Driver$: 
INFO  flat.Driver$: Checking: /benchmark/subjects/113.neg.1.py
INFO  flat.checker.VCPrf: 
INFO  flat.checker.VCPrf: Goal:  ⇒ ((0 ≥ 0) && (0 ≤ |s|))
INFO  flat.checker.VCPrf: Proved with SMT (time: 22.421825 ms)
INFO  flat.checker.VCPrf: 
INFO  flat.checker.VCPrf: Goal: (i₁ < |s|) ∧ (i₁ ≥ 0) ∧ (i₁ ≤ |s|) ⇒ ((i₁ ≥ 0) && (i₁ < |s|))
INFO  flat.checker.VCPrf: Proved trivial (time: 0.232062 ms)
INFO  flat.checker.VCPrf: 
INFO  flat.checker.VCPrf: Goal: (i₁ < |s|) ∧ (i₁ ≥ 0) ∧ (i₁ ≤ |s|) ∧ (s[i₁] ≠ "a") ∧ (i₁ ≥ 0) ∧ (i₁ < |s|) ⇒ ((i₁ ≥ 0) && (i₁ ≤ |s|))
INFO  flat.checker.VCPrf: Proved trivial (time: 0.104432 ms)
INFO  flat.checker.VCPrf: 
INFO  flat.checker.VCPrf: Goal: (i₁ < |s|) ∧ (i₁ ≥ 0) ∧ (i₁ ≤ |s|) ∧ (s[i₁] = "a") ∧ (i₁ ≥ 0) ∧ (i₁ < |s|) ⇒ (((i₁ + 1) ≥ 0) && ((i₁ + 1) ≤ |s|))
INFO  flat.checker.VCPrf: Proved with SMT (time: 5.981903 ms)
INFO  flat.checker.VCPrf: 
INFO  flat.checker.VCPrf: Goal: ((i₁ ≥ |s|) || ((s[i₁] ≠ "a") && ((i₁ ≥ 0) && (i₁ < |s|)))) ∧ (i₁ ≥ 0) ∧ (i₁ ≤ |s|) ⇒ (i₁ = |s|)
INFO  flat.checker.VCPrf: Failed (time: 89.762043 ms)
- [ERROR] Type Error: /benchmark/subjects/113.neg.1.py
9 |  assert i == len(s)
  |         ^^^^^^^^^^^
  |         assertion may fail
