INFO  flat.Driver$: 
INFO  flat.Driver$: Checking: /benchmark/subjects/123.neg.1.py
INFO  flat.checker.VCPrf: 
INFO  flat.checker.VCPrf: Goal:  ⇒ (|s| > 0)
INFO  flat.checker.VCPrf: Failed (time: 32.840354 ms)
INFO  flat.checker.VCPrf: 
INFO  flat.checker.VCPrf: Goal:  ⇒ ((0 ≥ 0) && (0 ≤ |s|))
INFO  flat.checker.VCPrf: Proved with SMT (time: 4.296625 ms)
INFO  flat.checker.VCPrf: 
INFO  flat.checker.VCPrf: Goal: (i₁ < |s|) ∧ (i₁ ≥ 0) ∧ (i₁ ≤ |s|) ⇒ ((i₁ ≥ 0) && (i₁ < |s|))
INFO  flat.checker.VCPrf: Proved trivial (time: 0.285836 ms)
INFO  flat.checker.VCPrf: 
INFO  flat.checker.VCPrf: Goal: (i₁ < |s|) ∧ (i₁ ≥ 0) ∧ (i₁ ≤ |s|) ∧ (i₁ ≥ 0) ∧ (i₁ < |s|) ⇒ ((i₁ > 0) || (s[i₁] = "a"))
INFO  flat.checker.VCPrf: Failed (time: 32.417269 ms)
INFO  flat.checker.VCPrf: 
INFO  flat.checker.VCPrf: Goal: (i₁ < |s|) ∧ (i₁ ≥ 0) ∧ (i₁ ≤ |s|) ⇒ (((i₁ + 1) ≥ 0) && ((i₁ + 1) ≤ |s|))
INFO  flat.checker.VCPrf: Proved with SMT (time: 4.740113 ms)
- [ERROR] Type Error: /benchmark/subjects/123.neg.1.py
5 |  assert len(s) > 0
  |         ^^^^^^^^^^
  |         assertion may fail
- [ERROR] Type Error: /benchmark/subjects/123.neg.1.py
7 |    assert i > 0 or s[i] == "a"
  |           ^^^^^^^^^^^^^^^^^^^^
  |           assertion may fail
