INFO  flat.Driver$: 
INFO  flat.Driver$: Checking: /benchmark/subjects/126.neg.1.py
INFO  flat.checker.VCPrf: 
INFO  flat.checker.VCPrf: Goal:  ⇒ ((|s| ≤ |s|) && (|s| ≥ 0))
INFO  flat.checker.VCPrf: Proved with SMT (time: 22.189768 ms)
INFO  flat.checker.VCPrf: 
INFO  flat.checker.VCPrf: Goal: (i₁ > 0) ∧ (i₁ ≤ |s|) ∧ (i₁ ≥ 0) ⇒ (((i₁ - 1) ≤ |s|) && ((i₁ - 1) ≥ 0))
INFO  flat.checker.VCPrf: Proved with SMT (time: 5.056438 ms)
INFO  flat.checker.VCPrf: 
INFO  flat.checker.VCPrf: Goal: (i₁ ≤ 0) ∧ (i₁ ≤ |s|) ∧ (i₁ ≥ 0) ⇒ ((i₁ ≥ 0) && (i₁ < |s|))
INFO  flat.checker.VCPrf: Failed (time: 21.813262 ms)
INFO  flat.checker.VCPrf: 
INFO  flat.checker.VCPrf: Goal: (i₁ ≤ 0) ∧ (i₁ ≤ |s|) ∧ (i₁ ≥ 0) ∧ (i₁ ≥ 0) ∧ (i₁ < |s|) ⇒ (s[i₁] = "a")
INFO  flat.checker.VCPrf: Failed (time: 27.159083 ms)
- [ERROR] Type Error: /benchmark/subjects/126.neg.1.py
7 |  assert s[i] == "a"
  |           ^
  |           index may be out of bounds
- [ERROR] Type Error: /benchmark/subjects/126.neg.1.py
7 |  assert s[i] == "a"
  |         ^^^^^^^^^^^
  |         assertion may fail
