INFO  flat.Driver$: 
INFO  flat.Driver$: Checking: /benchmark/subjects/133.neg.1.py
INFO  flat.checker.VCPrf: 
INFO  flat.checker.VCPrf: Goal:  ⇒ ((0 ≥ 0) && (0 ≤ (|s| - 1)))
INFO  flat.checker.VCPrf: Failed (time: 38.51072 ms)
INFO  flat.checker.VCPrf: 
INFO  flat.checker.VCPrf: Goal: (i₁ < (|s| - 1)) ∧ (i₁ ≥ 0) ∧ (i₁ ≤ (|s| - 1)) ⇒ (((i₁ + 1) ≥ 0) && ((i₁ + 1) ≤ (|s| - 1)))
INFO  flat.checker.VCPrf: Proved with SMT (time: 5.406569 ms)
INFO  flat.checker.VCPrf: 
INFO  flat.checker.VCPrf: Goal: (i₁ ≥ (|s| - 1)) ∧ (i₁ ≥ 0) ∧ (i₁ ≤ (|s| - 1)) ⇒ ((i₁ ≥ 0) && (i₁ < |s|))
INFO  flat.checker.VCPrf: Proved with SMT (time: 2.188018 ms)
INFO  flat.checker.VCPrf: 
INFO  flat.checker.VCPrf: Goal: (i₁ ≥ (|s| - 1)) ∧ (i₁ ≥ 0) ∧ (i₁ ≤ (|s| - 1)) ∧ (i₁ ≥ 0) ∧ (i₁ < |s|) ⇒ (s[i₁] = "a")
INFO  flat.checker.VCPrf: Failed (time: 33.04427 ms)
- [ERROR] Type Error: /benchmark/subjects/133.neg.1.py
5 |  while i < len(s) - 1:
  |        ^^^^^^^^^^^^^^
  |        invariant may violate
- [ERROR] Type Error: /benchmark/subjects/133.neg.1.py
7 |  assert s[i] == "a"
  |         ^^^^^^^^^^^
  |         assertion may fail
