INFO  flat.Driver$: 
INFO  flat.Driver$: Checking: /benchmark/subjects/145.neg.1.py
INFO  flat.checker.VCPrf: 
INFO  flat.checker.VCPrf: Goal:  ⇒ ((0 ≤ 0) && (0 ≤ |s|))
INFO  flat.checker.VCPrf: Proved with SMT (time: 23.511692 ms)
INFO  flat.checker.VCPrf: 
INFO  flat.checker.VCPrf: Goal:  ⇒ (false || (!s[0:0].contains("a")))
INFO  flat.checker.VCPrf: Proved with SMT (time: 2.99442 ms)
INFO  flat.checker.VCPrf: 
INFO  flat.checker.VCPrf: Goal: (i₁ < |s|) ∧ (0 ≤ i₁) ∧ (i₁ ≤ |s|) ∧ (f₁ || (!s[0:i₁].contains("a"))) ⇒ ((i₁ ≥ 0) && (i₁ < |s|))
INFO  flat.checker.VCPrf: Proved with SMT (time: 2.541671 ms)
INFO  flat.checker.VCPrf: 
INFO  flat.checker.VCPrf: Goal: (i₁ < |s|) ∧ (0 ≤ i₁) ∧ (i₁ ≤ |s|) ∧ (f₁ || (!s[0:i₁].contains("a"))) ⇒ ((0 ≤ (i₁ + 1)) && ((i₁ + 1) ≤ |s|))
INFO  flat.checker.VCPrf: Proved with SMT (time: 5.513554 ms)
INFO  flat.checker.VCPrf: 
INFO  flat.checker.VCPrf: Goal: (i₁ < |s|) ∧ (0 ≤ i₁) ∧ (i₁ ≤ |s|) ∧ (f₁ || (!s[0:i₁].contains("a"))) ⇒ ((f₁ || (s[i₁] = "a")) || (!s[0:(i₁ + 1)].contains("a")))
INFO  flat.checker.VCPrf: Proved with SMT (time: 34.630882 ms)
INFO  flat.checker.VCPrf: 
INFO  flat.checker.VCPrf: Goal: (i₁ ≥ |s|) ∧ (0 ≤ i₁) ∧ (i₁ ≤ |s|) ∧ (f₁ || (!s[0:i₁].contains("a"))) ⇒ f₁
INFO  flat.checker.VCPrf: Failed (time: 58.903843 ms)
-- [ERROR] Type Error: /benchmark/subjects/145.neg.1.py
11 |  assert f
   |         ^
   |         assertion may fail
