INFO  flat.Driver$: 
INFO  flat.Driver$: Checking: /benchmark/subjects/180.neg.1.py
INFO  flat.checker.VCPrf: 
INFO  flat.checker.VCPrf: Goal:  ⇒ ((0 ≥ 0) && (0 < |s|))
INFO  flat.checker.VCPrf: Failed (time: 44.944622 ms)
INFO  flat.checker.VCPrf: 
INFO  flat.checker.VCPrf: Goal: (0 ≥ 0) ∧ (0 < |s|) ⇒ (s[0] ≠ "a")
INFO  flat.checker.VCPrf: Failed (time: 19.321212 ms)
INFO  flat.checker.VCPrf: 
INFO  flat.checker.VCPrf: Goal:  ⇒ ((1 ≥ 0) && (1 < |s|))
INFO  flat.checker.VCPrf: Failed (time: 6.055086 ms)
INFO  flat.checker.VCPrf: 
INFO  flat.checker.VCPrf: Goal: (1 ≥ 0) ∧ (1 < |s|) ⇒ (s[1] = "a")
INFO  flat.checker.VCPrf: Failed (time: 14.906298 ms)
INFO  flat.checker.VCPrf: 
INFO  flat.checker.VCPrf: Goal:  ⇒ (|s| = 2)
INFO  flat.checker.VCPrf: Failed (time: 4.418937 ms)
- [ERROR] Type Error: /benchmark/subjects/180.neg.1.py
4 |  assert s[0] != "a"
  |           ^
  |           index may be out of bounds
- [ERROR] Type Error: /benchmark/subjects/180.neg.1.py
4 |  assert s[0] != "a"
  |         ^^^^^^^^^^^
  |         assertion may fail
- [ERROR] Type Error: /benchmark/subjects/180.neg.1.py
5 |  assert s[1] == "a"
  |           ^
  |           index may be out of bounds
- [ERROR] Type Error: /benchmark/subjects/180.neg.1.py
5 |  assert s[1] == "a"
  |         ^^^^^^^^^^^
  |         assertion may fail
- [ERROR] Type Error: /benchmark/subjects/180.neg.1.py
6 |  assert len(s) == 2
  |         ^^^^^^^^^^^
  |         assertion may fail
