INFO  flat.Driver$: 
INFO  flat.Driver$: Checking: /benchmark/subjects/192.neg.1.py
INFO  flat.checker.VCPrf: 
INFO  flat.checker.VCPrf: Goal:  ⇒ ((0 ≥ 0) && (0 ≤ (|s| - 1)))
INFO  flat.checker.VCPrf: Failed (time: 36.592601 ms)
INFO  flat.checker.VCPrf: 
INFO  flat.checker.VCPrf: Goal: (i₁ < (|s| - 1)) ∧ (i₁ ≥ 0) ∧ (i₁ ≤ (|s| - 1)) ⇒ ((i₁ ≥ 0) && (i₁ < |s|))
INFO  flat.checker.VCPrf: Proved with SMT (time: 2.800098 ms)
INFO  flat.checker.VCPrf: 
INFO  flat.checker.VCPrf: Goal: (i₁ < (|s| - 1)) ∧ (i₁ ≥ 0) ∧ (i₁ ≤ (|s| - 1)) ∧ (s[i₁] = "a") ∧ (i₁ ≥ 0) ∧ (i₁ < |s|) ⇒ false
INFO  flat.checker.VCPrf: Failed (time: 56.295831 ms)
INFO  flat.checker.VCPrf: 
INFO  flat.checker.VCPrf: Goal: (i₁ < (|s| - 1)) ∧ (i₁ ≥ 0) ∧ (i₁ ≤ (|s| - 1)) ∧ (s[i₁] = "a") ∧ (i₁ ≥ 0) ∧ (i₁ < |s|) ⇒ (((i₁ + 1) ≥ 0) && ((i₁ + 1) ≤ (|s| - 1)))
INFO  flat.checker.VCPrf: Proved with SMT (time: 5.406116 ms)
INFO  flat.checker.VCPrf: 
INFO  flat.checker.VCPrf: Goal: (i₁ < (|s| - 1)) ∧ (i₁ ≥ 0) ∧ (i₁ ≤ (|s| - 1)) ∧ (s[i₁] ≠ "a") ∧ (i₁ ≥ 0) ∧ (i₁ < |s|) ⇒ (((i₁ + 1) ≥ 0) && ((i₁ + 1) ≤ (|s| - 1)))
INFO  flat.checker.VCPrf: Proved with SMT (time: 5.301355 ms)
INFO  flat.checker.VCPrf: 
INFO  flat.checker.VCPrf: Goal: (i₁ ≥ (|s| - 1)) ∧ (i₁ ≥ 0) ∧ (i₁ ≤ (|s| - 1)) ⇒ ((i₁ ≥ 0) && (i₁ < |s|))
INFO  flat.checker.VCPrf: Proved with SMT (time: 1.771661 ms)
INFO  flat.checker.VCPrf: 
INFO  flat.checker.VCPrf: Goal: (i₁ ≥ (|s| - 1)) ∧ (i₁ ≥ 0) ∧ (i₁ ≤ (|s| - 1)) ∧ (s[i₁] ≠ "a") ∧ (i₁ ≥ 0) ∧ (i₁ < |s|) ⇒ false
INFO  flat.checker.VCPrf: Failed (time: 24.291255 ms)
- [ERROR] Type Error: /benchmark/subjects/192.neg.1.py
5 |  while i < len(s)-1:
  |        ^^^^^^^^^^^^
  |        invariant may violate
- [ERROR] Type Error: /benchmark/subjects/192.neg.1.py
7 |      raise Exception
  |      ^^^^^^^^^^^^^^^
  |      assertion may fail
-- [ERROR] Type Error: /benchmark/subjects/192.neg.1.py
10 |    raise Exception
   |    ^^^^^^^^^^^^^^^
   |    assertion may fail
