INFO  flat.Driver$: 
INFO  flat.Driver$: Checking: /benchmark/subjects/194.py
INFO  flat.checker.VCPrf: 
INFO  flat.checker.VCPrf: Goal:  ⇒ (((|s| - 1) ≥ 0) && ((|s| - 1) < |s|))
INFO  flat.checker.VCPrf: Proved with SMT + lemmas (time: 38.612728 ms)
INFO  flat.checker.VCPrf: 
INFO  flat.checker.VCPrf: Goal: ((|s| - 1) ≥ 0) ∧ ((|s| - 1) < |s|) ⇒ (s[(|s| - 1)] = "a")
INFO  flat.checker.VCPrf: Proved with lemmas (time: 20.242597 ms)
INFO  flat.checker.VCPrf: 
INFO  flat.checker.VCPrf: Goal:  ⇒ (((|s| - 1) ≤ (|s| - 1)) && ((|s| - 1) ≥ 0))
INFO  flat.checker.VCPrf: Proved with SMT + lemmas (time: 8.026377 ms)
INFO  flat.checker.VCPrf: 
INFO  flat.checker.VCPrf: Goal: (i₁ > 0) ∧ (i₁ ≤ (|s| - 1)) ∧ (i₁ ≥ 0) ⇒ (((i₁ - 1) ≥ 0) && ((i₁ - 1) < |s|))
INFO  flat.checker.VCPrf: Proved with SMT (time: 5.693575 ms)
INFO  flat.checker.VCPrf: 
INFO  flat.checker.VCPrf: Goal: (i₁ > 0) ∧ (i₁ ≤ (|s| - 1)) ∧ (i₁ ≥ 0) ∧ ((i₁ - 1) ≥ 0) ∧ ((i₁ - 1) < |s|) ⇒ (s[(i₁ - 1)] ≠ "a")
INFO  flat.checker.VCPrf: Proved with lemmas (time: 26.627639 ms)
INFO  flat.checker.VCPrf: 
INFO  flat.checker.VCPrf: Goal: (i₁ > 0) ∧ (i₁ ≤ (|s| - 1)) ∧ (i₁ ≥ 0) ⇒ (((i₁ - 1) ≤ (|s| - 1)) && ((i₁ - 1) ≥ 0))
INFO  flat.checker.VCPrf: Proved with SMT (time: 3.940889 ms)
