INFO  flat.Driver$: 
INFO  flat.Driver$: Checking: /benchmark/subjects/194.pos.1.py
INFO  flat.checker.VCPrf: 
INFO  flat.checker.VCPrf: Goal:  ⇒ (((|s| - 1) ≥ 0) && ((|s| - 1) < |s|))
INFO  flat.checker.VCPrf: Proved with SMT + lemmas (time: 37.414118 ms)
INFO  flat.checker.VCPrf: 
INFO  flat.checker.VCPrf: Goal: ((|s| - 1) ≥ 0) ∧ ((|s| - 1) < |s|) ⇒ (s[(|s| - 1)] = "a")
INFO  flat.checker.VCPrf: Proved with lemmas (time: 19.713574 ms)
INFO  flat.checker.VCPrf: 
INFO  flat.checker.VCPrf: Goal:  ⇒ (((|s| - 1) ≤ (|s| - 1)) && ((|s| - 1) ≥ 0))
INFO  flat.checker.VCPrf: Proved with SMT + lemmas (time: 7.872928 ms)
INFO  flat.checker.VCPrf: 
INFO  flat.checker.VCPrf: Goal: (i₁ > 0) ∧ (i₁ ≤ (|s| - 1)) ∧ (i₁ ≥ 0) ⇒ (((i₁ - 1) ≥ 0) && ((i₁ - 1) < |s|))
INFO  flat.checker.VCPrf: Proved with SMT (time: 5.167368 ms)
INFO  flat.checker.VCPrf: 
INFO  flat.checker.VCPrf: Goal: (i₁ > 0) ∧ (i₁ ≤ (|s| - 1)) ∧ (i₁ ≥ 0) ∧ ((i₁ - 1) ≥ 0) ∧ ((i₁ - 1) < |s|) ⇒ (s[(i₁ - 1)] ≠ "a")
INFO  flat.checker.VCPrf: Proved with lemmas (time: 26.345511 ms)
INFO  flat.checker.VCPrf: 
INFO  flat.checker.VCPrf: Goal: (i₁ > 0) ∧ (i₁ ≤ (|s| - 1)) ∧ (i₁ ≥ 0) ⇒ (((i₁ - 1) ≤ (|s| - 1)) && ((i₁ - 1) ≥ 0))
INFO  flat.checker.VCPrf: Proved with SMT (time: 4.122651 ms)
