INFO  flat.Driver$: 
INFO  flat.Driver$: Checking: /benchmark/subjects/202.py
INFO  flat.checker.VCPrf: 
INFO  flat.checker.VCPrf: Goal:  ⇒ ((0 ≥ 0) && (0 ≤ |s|))
INFO  flat.checker.VCPrf: Proved with SMT (time: 23.790856 ms)
INFO  flat.checker.VCPrf: 
INFO  flat.checker.VCPrf: Goal: (i₁ < |s|) ∧ (i₁ ≥ 0) ∧ (i₁ ≤ |s|) ⇒ ((i₁ ≥ 0) && (i₁ < |s|))
INFO  flat.checker.VCPrf: Proved trivial (time: 0.608072 ms)
INFO  flat.checker.VCPrf: 
INFO  flat.checker.VCPrf: Goal: (i₁ < |s|) ∧ (i₁ ≥ 0) ∧ (i₁ ≤ |s|) ∧ (s[i₁] ≠ "a") ∧ (i₁ ≥ 0) ∧ (i₁ < |s|) ⇒ ((i₁ ≥ 0) && (i₁ ≤ |s|))
INFO  flat.checker.VCPrf: Proved trivial (time: 0.125283 ms)
INFO  flat.checker.VCPrf: 
INFO  flat.checker.VCPrf: Goal: (i₁ < |s|) ∧ (i₁ ≥ 0) ∧ (i₁ ≤ |s|) ∧ (s[i₁] = "a") ∧ (i₁ ≥ 0) ∧ (i₁ < |s|) ⇒ (((i₁ + 1) ≥ 0) && ((i₁ + 1) ≤ |s|))
INFO  flat.checker.VCPrf: Proved with SMT (time: 7.4618 ms)
INFO  flat.checker.VCPrf: 
INFO  flat.checker.VCPrf: Goal: ((i₁ ≥ |s|) || ((s[i₁] ≠ "a") && ((i₁ ≥ 0) && (i₁ < |s|)))) ∧ (i₁ ≥ 0) ∧ (i₁ ≤ |s|) ⇒ (i₁ = (|s| - 1))
INFO  flat.checker.VCPrf: Failed (time: 86.411115 ms)
- [ERROR] Type Error: /benchmark/subjects/202.py
9 |  assert i == len(s)-1
  |         ^^^^^^^^^^^^^
  |         assertion may fail
