INFO  flat.Driver$: 
INFO  flat.Driver$: Checking: /benchmark/subjects/203.pos.1.py
INFO  flat.checker.VCPrf: 
INFO  flat.checker.VCPrf: Goal:  ⇒ ((0 ≥ 0) && ((|s| - 1) ≥ 0))
INFO  flat.checker.VCPrf: Proved with SMT + lemmas (time: 38.424826 ms)
INFO  flat.checker.VCPrf: 
INFO  flat.checker.VCPrf: Goal:  ⇒ ((0 ≥ 0) && (0 ≤ |s[0:(|s| - 1)]|))
INFO  flat.checker.VCPrf: Proved with SMT (time: 3.681578 ms)
INFO  flat.checker.VCPrf: 
INFO  flat.checker.VCPrf: Goal: (i₁ < |s[0:(|s| - 1)]|) ∧ (i₁ ≥ 0) ∧ (i₁ ≤ |s[0:(|s| - 1)]|) ⇒ ((i₁ ≥ 0) && (i₁ < |s[0:(|s| - 1)]|))
INFO  flat.checker.VCPrf: Proved trivial (time: 0.039866 ms)
INFO  flat.checker.VCPrf: 
INFO  flat.checker.VCPrf: Goal: (i₁ < |s[0:(|s| - 1)]|) ∧ (i₁ ≥ 0) ∧ (i₁ ≤ |s[0:(|s| - 1)]|) ∧ (i₁ ≥ 0) ∧ (i₁ < |s[0:(|s| - 1)]|) ⇒ (s[0:(|s| - 1)][i₁] = "a")
INFO  flat.checker.VCPrf: Proved with lemmas (time: 62.541225 ms)
INFO  flat.checker.VCPrf: 
INFO  flat.checker.VCPrf: Goal: (i₁ < |s[0:(|s| - 1)]|) ∧ (i₁ ≥ 0) ∧ (i₁ ≤ |s[0:(|s| - 1)]|) ⇒ (((i₁ + 1) ≥ 0) && ((i₁ + 1) ≤ |s[0:(|s| - 1)]|))
INFO  flat.checker.VCPrf: Proved with SMT (time: 4.724255 ms)
INFO  flat.checker.VCPrf: 
INFO  flat.checker.VCPrf: Goal: (i₁ ≥ |s[0:(|s| - 1)]|) ∧ (i₁ ≥ 0) ∧ (i₁ ≤ |s[0:(|s| - 1)]|) ⇒ (((|s| - 1) ≥ 0) && ((|s| - 1) < |s|))
INFO  flat.checker.VCPrf: Proved with SMT + lemmas (time: 22.558175 ms)
INFO  flat.checker.VCPrf: 
INFO  flat.checker.VCPrf: Goal: (i₁ ≥ |s[0:(|s| - 1)]|) ∧ (i₁ ≥ 0) ∧ (i₁ ≤ |s[0:(|s| - 1)]|) ∧ ((|s| - 1) ≥ 0) ∧ ((|s| - 1) < |s|) ⇒ (s[(|s| - 1)] ≠ "a")
INFO  flat.checker.VCPrf: Proved with lemmas (time: 28.041173 ms)
