INFO  flat.Driver$: 
INFO  flat.Driver$: Checking: /benchmark/subjects/213.pos.1.py
INFO  flat.checker.VCPrf: 
INFO  flat.checker.VCPrf: Goal:  ⇒ (|s| = 2)
INFO  flat.checker.VCPrf: Proved with lemmas (time: 39.384647 ms)
INFO  flat.checker.VCPrf: 
INFO  flat.checker.VCPrf: Goal:  ⇒ ((0 ≥ 0) && (0 < |s|))
INFO  flat.checker.VCPrf: Proved with SMT + lemmas (time: 9.085556 ms)
INFO  flat.checker.VCPrf: 
INFO  flat.checker.VCPrf: Goal:  ⇒ ((1 ≥ 0) && (1 < |s|))
INFO  flat.checker.VCPrf: Proved with SMT + lemmas (time: 7.852743 ms)
INFO  flat.checker.VCPrf: 
INFO  flat.checker.VCPrf: Goal: (s[0] ≠ "a") ⇒ false
INFO  flat.checker.VCPrf: Proved with lemmas (time: 12.757564 ms)
INFO  flat.checker.VCPrf: 
INFO  flat.checker.VCPrf: Goal: (s[0] ≠ "a") ∧ (s[1] ≠ "b") ⇒ false
INFO  flat.checker.VCPrf: Proved with lemmas (time: 4.774544 ms)
INFO  flat.checker.VCPrf: 
INFO  flat.checker.VCPrf: Goal: (s[0] = "a") ∧ (s[1] ≠ "b") ⇒ false
INFO  flat.checker.VCPrf: Proved with lemmas (time: 8.886351 ms)
