INFO  flat.Driver$: 
INFO  flat.Driver$: Checking: /benchmark/subjects/213.py
INFO  flat.checker.VCPrf: 
INFO  flat.checker.VCPrf: Goal:  ⇒ (|s| = 2)
INFO  flat.checker.VCPrf: Proved with lemmas (time: 36.162797 ms)
INFO  flat.checker.VCPrf: 
INFO  flat.checker.VCPrf: Goal:  ⇒ ((0 ≥ 0) && (0 < |s|))
INFO  flat.checker.VCPrf: Proved with SMT + lemmas (time: 8.734889 ms)
INFO  flat.checker.VCPrf: 
INFO  flat.checker.VCPrf: Goal:  ⇒ ((1 ≥ 0) && (1 < |s|))
INFO  flat.checker.VCPrf: Proved with SMT + lemmas (time: 7.565045 ms)
INFO  flat.checker.VCPrf: 
INFO  flat.checker.VCPrf: Goal: (s[0] ≠ "a") ⇒ false
INFO  flat.checker.VCPrf: Proved with lemmas (time: 12.226042 ms)
INFO  flat.checker.VCPrf: 
INFO  flat.checker.VCPrf: Goal: (s[0] ≠ "a") ∧ (s[1] ≠ "b") ⇒ false
INFO  flat.checker.VCPrf: Proved with lemmas (time: 5.028246 ms)
INFO  flat.checker.VCPrf: 
INFO  flat.checker.VCPrf: Goal: (s[0] = "a") ∧ (s[1] ≠ "b") ⇒ false
INFO  flat.checker.VCPrf: Proved with lemmas (time: 9.315511 ms)
