INFO  flat.Driver$: 
INFO  flat.Driver$: Checking: /benchmark/subjects/223.neg.1.py
INFO  flat.checker.VCPrf: 
INFO  flat.checker.VCPrf: Goal:  ⇒ ((0 ≥ 0) && (0 ≤ (|s| - 1)))
INFO  flat.checker.VCPrf: Failed (time: 36.227054 ms)
INFO  flat.checker.VCPrf: 
INFO  flat.checker.VCPrf: Goal: (i₁ < (|s| - 1)) ∧ (i₁ ≥ 0) ∧ (i₁ ≤ (|s| - 1)) ⇒ ((i₁ ≥ 0) && (|s| ≥ 0))
INFO  flat.checker.VCPrf: Proved with SMT (time: 3.326843 ms)
INFO  flat.checker.VCPrf: 
INFO  flat.checker.VCPrf: Goal: (i₁ < (|s| - 1)) ∧ (i₁ ≥ 0) ∧ (i₁ ≤ (|s| - 1)) ∧ (i₁ ≥ 0) ∧ (|s| ≥ 0) ⇒ s[i₁:].contains("a")
INFO  flat.checker.VCPrf: Failed (time: 44.6939 ms)
INFO  flat.checker.VCPrf: 
INFO  flat.checker.VCPrf: Goal: (i₁ < (|s| - 1)) ∧ (i₁ ≥ 0) ∧ (i₁ ≤ (|s| - 1)) ⇒ ((i₁ ≥ 0) && (|s| ≥ 0))
INFO  flat.checker.VCPrf: Proved with SMT (time: 2.374179 ms)
INFO  flat.checker.VCPrf: 
INFO  flat.checker.VCPrf: Goal: (i₁ < (|s| - 1)) ∧ (i₁ ≥ 0) ∧ (i₁ ≤ (|s| - 1)) ∧ (i₁ ≥ 0) ∧ (|s| ≥ 0) ⇒ ((s[i₁:].find("a") + i₁) = i₁)
INFO  flat.checker.VCPrf: Failed (time: 40.938786 ms)
INFO  flat.checker.VCPrf: 
INFO  flat.checker.VCPrf: Goal: (i₁ < (|s| - 1)) ∧ (i₁ ≥ 0) ∧ (i₁ ≤ (|s| - 1)) ⇒ (((i₁ + 1) ≥ 0) && ((i₁ + 1) ≤ (|s| - 1)))
INFO  flat.checker.VCPrf: Proved with SMT (time: 4.257545 ms)
INFO  flat.checker.VCPrf: 
INFO  flat.checker.VCPrf: Goal: (i₁ ≥ (|s| - 1)) ∧ (i₁ ≥ 0) ∧ (i₁ ≤ (|s| - 1)) ⇒ ((i₁ ≥ 0) && (|s| ≥ 0))
INFO  flat.checker.VCPrf: Proved with SMT (time: 2.228912 ms)
INFO  flat.checker.VCPrf: 
INFO  flat.checker.VCPrf: Goal: (i₁ ≥ (|s| - 1)) ∧ (i₁ ≥ 0) ∧ (i₁ ≤ (|s| - 1)) ∧ (i₁ ≥ 0) ∧ (|s| ≥ 0) ⇒ s[i₁:].contains("b")
INFO  flat.checker.VCPrf: Failed (time: 17.738441 ms)
INFO  flat.checker.VCPrf: 
INFO  flat.checker.VCPrf: Goal: (i₁ ≥ (|s| - 1)) ∧ (i₁ ≥ 0) ∧ (i₁ ≤ (|s| - 1)) ⇒ ((i₁ ≥ 0) && (|s| ≥ 0))
INFO  flat.checker.VCPrf: Proved with SMT (time: 2.382492 ms)
INFO  flat.checker.VCPrf: 
INFO  flat.checker.VCPrf: Goal: (i₁ ≥ (|s| - 1)) ∧ (i₁ ≥ 0) ∧ (i₁ ≤ (|s| - 1)) ∧ (i₁ ≥ 0) ∧ (|s| ≥ 0) ⇒ ((s[i₁:].find("b") + i₁) = i₁)
INFO  flat.checker.VCPrf: Proved with SMT + lemmas (time: 25.682926 ms)
- [ERROR] Type Error: /benchmark/subjects/223.neg.1.py
5 |  while i < len(s)-1:
  |        ^^^^^^^^^^^^
  |        invariant may violate
- [ERROR] Type Error: /benchmark/subjects/223.neg.1.py
6 |    assert s.index("a", i) == i
  |           ^^^^^^^^^^^^^^^
  |           assertion may fail
- [ERROR] Type Error: /benchmark/subjects/223.neg.1.py
6 |    assert s.index("a", i) == i
  |           ^^^^^^^^^^^^^^^^^^^^
  |           assertion may fail
- [ERROR] Type Error: /benchmark/subjects/223.neg.1.py
8 |  assert s.index("b",i) == i
  |         ^^^^^^^^^^^^^^
  |         assertion may fail
