INFO  flat.Driver$: 
INFO  flat.Driver$: Checking: /benchmark/subjects/223.pos.1.py
INFO  flat.checker.VCPrf: 
INFO  flat.checker.VCPrf: Goal:  ⇒ ((0 ≥ 0) && (0 ≤ (|s| - 1)))
INFO  flat.checker.VCPrf: Proved with SMT + lemmas (time: 40.788599 ms)
INFO  flat.checker.VCPrf: 
INFO  flat.checker.VCPrf: Goal: (i₁ < (|s| - 1)) ∧ (i₁ ≥ 0) ∧ (i₁ ≤ (|s| - 1)) ⇒ ((i₁ ≥ 0) && (|s| ≥ 0))
INFO  flat.checker.VCPrf: Proved with SMT (time: 3.299032 ms)
INFO  flat.checker.VCPrf: 
INFO  flat.checker.VCPrf: Goal: (i₁ < (|s| - 1)) ∧ (i₁ ≥ 0) ∧ (i₁ ≤ (|s| - 1)) ∧ (i₁ ≥ 0) ∧ (|s| ≥ 0) ⇒ s[i₁:].contains("a")
INFO  flat.checker.VCPrf: Proved with lemmas (time: 41.166426 ms)
INFO  flat.checker.VCPrf: 
INFO  flat.checker.VCPrf: Goal: (i₁ < (|s| - 1)) ∧ (i₁ ≥ 0) ∧ (i₁ ≤ (|s| - 1)) ⇒ ((i₁ ≥ 0) && (|s| ≥ 0))
INFO  flat.checker.VCPrf: Proved with SMT (time: 2.216994 ms)
INFO  flat.checker.VCPrf: 
INFO  flat.checker.VCPrf: Goal: (i₁ < (|s| - 1)) ∧ (i₁ ≥ 0) ∧ (i₁ ≤ (|s| - 1)) ∧ (i₁ ≥ 0) ∧ (|s| ≥ 0) ⇒ ((s[i₁:].find("a") + i₁) = i₁)
INFO  flat.checker.VCPrf: Proved with SMT + lemmas (time: 29.864764 ms)
INFO  flat.checker.VCPrf: 
INFO  flat.checker.VCPrf: Goal: (i₁ < (|s| - 1)) ∧ (i₁ ≥ 0) ∧ (i₁ ≤ (|s| - 1)) ⇒ (((i₁ + 1) ≥ 0) && ((i₁ + 1) ≤ (|s| - 1)))
INFO  flat.checker.VCPrf: Proved with SMT (time: 4.272288 ms)
INFO  flat.checker.VCPrf: 
INFO  flat.checker.VCPrf: Goal: (i₁ ≥ (|s| - 1)) ∧ (i₁ ≥ 0) ∧ (i₁ ≤ (|s| - 1)) ⇒ ((i₁ ≥ 0) && (|s| ≥ 0))
INFO  flat.checker.VCPrf: Proved with SMT (time: 2.138822 ms)
INFO  flat.checker.VCPrf: 
INFO  flat.checker.VCPrf: Goal: (i₁ ≥ (|s| - 1)) ∧ (i₁ ≥ 0) ∧ (i₁ ≤ (|s| - 1)) ∧ (i₁ ≥ 0) ∧ (|s| ≥ 0) ⇒ s[i₁:].contains("b")
INFO  flat.checker.VCPrf: Proved with lemmas (time: 16.803152 ms)
INFO  flat.checker.VCPrf: 
INFO  flat.checker.VCPrf: Goal: (i₁ ≥ (|s| - 1)) ∧ (i₁ ≥ 0) ∧ (i₁ ≤ (|s| - 1)) ⇒ ((i₁ ≥ 0) && (|s| ≥ 0))
INFO  flat.checker.VCPrf: Proved with SMT (time: 2.127929 ms)
INFO  flat.checker.VCPrf: 
INFO  flat.checker.VCPrf: Goal: (i₁ ≥ (|s| - 1)) ∧ (i₁ ≥ 0) ∧ (i₁ ≤ (|s| - 1)) ∧ (i₁ ≥ 0) ∧ (|s| ≥ 0) ⇒ ((s[i₁:].find("b") + i₁) = i₁)
INFO  flat.checker.VCPrf: Proved with SMT + lemmas (time: 24.136403 ms)
