INFO  flat.Driver$: 
INFO  flat.Driver$: Checking: /benchmark/subjects/231.neg.1.py
INFO  flat.checker.VCPrf: 
INFO  flat.checker.VCPrf: Goal:  ⇒ ((|s| ≤ |s|) && (|s| ≥ 0))
INFO  flat.checker.VCPrf: Proved with SMT (time: 22.781871 ms)
INFO  flat.checker.VCPrf: 
INFO  flat.checker.VCPrf: Goal: (i₁ > 0) ∧ (i₁ ≤ |s|) ∧ (i₁ ≥ 0) ⇒ (((i₁ - 1) ≥ 0) && ((i₁ - 1) < |s|))
INFO  flat.checker.VCPrf: Proved with SMT (time: 4.791944 ms)
INFO  flat.checker.VCPrf: 
INFO  flat.checker.VCPrf: Goal: (i₁ > 0) ∧ (i₁ ≤ |s|) ∧ (i₁ ≥ 0) ∧ (s[(i₁ - 1)] ≠ "b") ∧ ((i₁ - 1) ≥ 0) ∧ ((i₁ - 1) < |s|) ⇒ (((i₁ - 1) ≤ |s|) && ((i₁ - 1) ≥ 0))
INFO  flat.checker.VCPrf: Proved with SMT (time: 4.169913 ms)
INFO  flat.checker.VCPrf: 
INFO  flat.checker.VCPrf: Goal: (i₁ > 0) ∧ (i₁ ≤ |s|) ∧ (i₁ ≥ 0) ∧ (s[(i₁ - 1)] = "b") ∧ ((i₁ - 1) ≥ 0) ∧ ((i₁ - 1) < |s|) ⇒ (((i₁ - 1) ≤ |s|) && ((i₁ - 1) ≥ 0))
INFO  flat.checker.VCPrf: Proved with SMT (time: 3.16774 ms)
INFO  flat.checker.VCPrf: 
INFO  flat.checker.VCPrf: Goal: ((i₁ ≤ 0) || ((s[i₁] ≠ "b") && ((i₁ ≥ 0) && (i₁ < |s|)))) ∧ (i₁ ≤ |s|) ∧ (i₁ ≥ 0) ⇒ ((i₁ ≥ 0) && (i₁ < |s|))
INFO  flat.checker.VCPrf: Failed (time: 41.204033 ms)
INFO  flat.checker.VCPrf: 
INFO  flat.checker.VCPrf: Goal: ((i₁ ≤ 0) || ((s[i₁] ≠ "b") && ((i₁ ≥ 0) && (i₁ < |s|)))) ∧ (i₁ ≤ |s|) ∧ (i₁ ≥ 0) ∧ (i₁ ≥ 0) ∧ (i₁ < |s|) ⇒ (s[i₁] = "a")
INFO  flat.checker.VCPrf: Failed (time: 35.312064 ms)
- [ERROR] Type Error: /benchmark/subjects/231.neg.1.py
9 |  assert s[i] == "a"
  |           ^
  |           index may be out of bounds
- [ERROR] Type Error: /benchmark/subjects/231.neg.1.py
9 |  assert s[i] == "a"
  |         ^^^^^^^^^^^
  |         assertion may fail
