INFO  flat.Driver$: 
INFO  flat.Driver$: Checking: /benchmark/subjects/232.neg.1.py
INFO  flat.checker.VCPrf: 
INFO  flat.checker.VCPrf: Goal:  ⇒ s.contains("a")
INFO  flat.checker.VCPrf: Failed (time: 31.478234 ms)
INFO  flat.checker.VCPrf: 
INFO  flat.checker.VCPrf: Goal:  ⇒ (s.find("a") = 0)
INFO  flat.checker.VCPrf: Failed (time: 22.444066 ms)
INFO  flat.checker.VCPrf: 
INFO  flat.checker.VCPrf: Goal:  ⇒ ((1 ≥ 1) && (1 ≤ |s|))
INFO  flat.checker.VCPrf: Failed (time: 9.316706 ms)
INFO  flat.checker.VCPrf: 
INFO  flat.checker.VCPrf: Goal: (i₁ < |s|) ∧ (i₁ ≥ 1) ∧ (i₁ ≤ |s|) ⇒ ((i₁ ≥ 0) && (i₁ < |s|))
INFO  flat.checker.VCPrf: Proved with SMT (time: 2.806372 ms)
INFO  flat.checker.VCPrf: 
INFO  flat.checker.VCPrf: Goal: (i₁ < |s|) ∧ (i₁ ≥ 1) ∧ (i₁ ≤ |s|) ∧ (i₁ ≥ 0) ∧ (i₁ < |s|) ⇒ (s[i₁] = "b")
INFO  flat.checker.VCPrf: Failed (time: 27.209572 ms)
INFO  flat.checker.VCPrf: 
INFO  flat.checker.VCPrf: Goal: (i₁ < |s|) ∧ (i₁ ≥ 1) ∧ (i₁ ≤ |s|) ⇒ (((i₁ + 1) ≥ 1) && ((i₁ + 1) ≤ |s|))
INFO  flat.checker.VCPrf: Proved with SMT (time: 4.153449 ms)
- [ERROR] Type Error: /benchmark/subjects/232.neg.1.py
4 |  assert s.index("a") == 0
  |         ^^^^^^^^^^^^
  |         assertion may fail
- [ERROR] Type Error: /benchmark/subjects/232.neg.1.py
4 |  assert s.index("a") == 0
  |         ^^^^^^^^^^^^^^^^^
  |         assertion may fail
- [ERROR] Type Error: /benchmark/subjects/232.neg.1.py
6 |  while i < len(s):
  |        ^^^^^^^^^^
  |        invariant may violate
- [ERROR] Type Error: /benchmark/subjects/232.neg.1.py
7 |    assert s[i] == "b"
  |           ^^^^^^^^^^^
  |           assertion may fail
