INFO  flat.Driver$: 
INFO  flat.Driver$: Checking: /benchmark/subjects/232.pos.1.py
INFO  flat.checker.VCPrf: 
INFO  flat.checker.VCPrf: Goal:  ⇒ s.contains("a")
INFO  flat.checker.VCPrf: Proved with lemmas (time: 31.251446 ms)
INFO  flat.checker.VCPrf: 
INFO  flat.checker.VCPrf: Goal:  ⇒ (s.find("a") = 0)
INFO  flat.checker.VCPrf: Proved with lemmas (time: 10.24501 ms)
INFO  flat.checker.VCPrf: 
INFO  flat.checker.VCPrf: Goal:  ⇒ ((1 ≥ 1) && (1 ≤ |s|))
INFO  flat.checker.VCPrf: Proved with SMT + lemmas (time: 10.47534 ms)
INFO  flat.checker.VCPrf: 
INFO  flat.checker.VCPrf: Goal: (i₁ < |s|) ∧ (i₁ ≥ 1) ∧ (i₁ ≤ |s|) ⇒ ((i₁ ≥ 0) && (i₁ < |s|))
INFO  flat.checker.VCPrf: Proved with SMT (time: 2.908296 ms)
INFO  flat.checker.VCPrf: 
INFO  flat.checker.VCPrf: Goal: (i₁ < |s|) ∧ (i₁ ≥ 1) ∧ (i₁ ≤ |s|) ∧ (i₁ ≥ 0) ∧ (i₁ < |s|) ⇒ (s[i₁] = "b")
INFO  flat.checker.VCPrf: Proved with lemmas (time: 29.45736 ms)
INFO  flat.checker.VCPrf: 
INFO  flat.checker.VCPrf: Goal: (i₁ < |s|) ∧ (i₁ ≥ 1) ∧ (i₁ ≤ |s|) ⇒ (((i₁ + 1) ≥ 1) && ((i₁ + 1) ≤ |s|))
INFO  flat.checker.VCPrf: Proved with SMT (time: 4.586303 ms)
