INFO  flat.Driver$: 
INFO  flat.Driver$: Checking: /benchmark/subjects/233.py
INFO  flat.checker.VCPrf: 
INFO  flat.checker.VCPrf: Goal:  ⇒ ((0 ≥ 0) && (|s| ≥ 0))
INFO  flat.checker.VCPrf: Proved with SMT (time: 24.162574 ms)
INFO  flat.checker.VCPrf: 
INFO  flat.checker.VCPrf: Goal: (0 ≥ 0) ∧ (|s| ≥ 0) ⇒ s[0:].contains("a")
INFO  flat.checker.VCPrf: Proved with lemmas (time: 32.120145 ms)
INFO  flat.checker.VCPrf: 
INFO  flat.checker.VCPrf: Goal:  ⇒ ((0 ≥ 0) && (|s| ≥ 0))
INFO  flat.checker.VCPrf: Proved with SMT (time: 3.207471 ms)
INFO  flat.checker.VCPrf: 
INFO  flat.checker.VCPrf: Goal: (0 ≥ 0) ∧ (|s| ≥ 0) ⇒ ((s[0:].find("a") + 0) = 0)
INFO  flat.checker.VCPrf: Proved with SMT + lemmas (time: 14.082826 ms)
INFO  flat.checker.VCPrf: 
INFO  flat.checker.VCPrf: Goal:  ⇒ ((1 ≤ (0 + 1)) && ((0 + 1) ≤ |s|))
INFO  flat.checker.VCPrf: Proved with SMT + lemmas (time: 7.21826 ms)
INFO  flat.checker.VCPrf: 
INFO  flat.checker.VCPrf: Goal: (i₁ < |s|) ∧ (1 ≤ i₁) ∧ (i₁ ≤ |s|) ⇒ ((i₁ ≥ 0) && (|s| ≥ 0))
INFO  flat.checker.VCPrf: Proved with SMT (time: 4.400804 ms)
INFO  flat.checker.VCPrf: 
INFO  flat.checker.VCPrf: Goal: (i₁ < |s|) ∧ (1 ≤ i₁) ∧ (i₁ ≤ |s|) ∧ (i₁ ≥ 0) ∧ (|s| ≥ 0) ⇒ s[i₁:].contains("b")
INFO  flat.checker.VCPrf: Proved with lemmas (time: 27.028841 ms)
INFO  flat.checker.VCPrf: 
INFO  flat.checker.VCPrf: Goal: (i₁ < |s|) ∧ (1 ≤ i₁) ∧ (i₁ ≤ |s|) ⇒ ((i₁ ≥ 0) && (|s| ≥ 0))
INFO  flat.checker.VCPrf: Proved with SMT (time: 4.793393 ms)
INFO  flat.checker.VCPrf: 
INFO  flat.checker.VCPrf: Goal: (i₁ < |s|) ∧ (1 ≤ i₁) ∧ (i₁ ≤ |s|) ∧ (i₁ ≥ 0) ∧ (|s| ≥ 0) ⇒ ((s[i₁:].find("b") + i₁) = i₁)
INFO  flat.checker.VCPrf: Proved with SMT + lemmas (time: 27.994391 ms)
INFO  flat.checker.VCPrf: 
INFO  flat.checker.VCPrf: Goal: (i₁ < |s|) ∧ (1 ≤ i₁) ∧ (i₁ ≤ |s|) ⇒ ((1 ≤ (i₁ + 1)) && ((i₁ + 1) ≤ |s|))
INFO  flat.checker.VCPrf: Proved with SMT (time: 4.24362 ms)
