INFO  flat.Driver$: 
INFO  flat.Driver$: Checking: /benchmark/subjects/240.neg.1.py
INFO  flat.checker.VCPrf: 
INFO  flat.checker.VCPrf: Goal: (s.find("b") < 0) ⇒ ((0 ≤ 0) && (0 ≤ |s|))
INFO  flat.checker.VCPrf: Proved with SMT (time: 24.96317 ms)
INFO  flat.checker.VCPrf: 
INFO  flat.checker.VCPrf: Goal: (s.find("b") < 0) ∧ (i₂ < |s|) ∧ (0 ≤ i₂) ∧ (i₂ ≤ |s|) ⇒ ((i₂ ≥ 0) && (i₂ < |s|))
INFO  flat.checker.VCPrf: Proved with SMT (time: 2.436424 ms)
INFO  flat.checker.VCPrf: 
INFO  flat.checker.VCPrf: Goal: (s.find("b") < 0) ∧ (i₂ < |s|) ∧ (0 ≤ i₂) ∧ (i₂ ≤ |s|) ∧ (s[i₂] ≠ "a") ∧ (i₂ ≥ 0) ∧ (i₂ < |s|) ⇒ ((0 ≤ i₂) && (i₂ ≤ |s|))
INFO  flat.checker.VCPrf: Proved trivial (time: 0.027516 ms)
INFO  flat.checker.VCPrf: 
INFO  flat.checker.VCPrf: Goal: (s.find("b") < 0) ∧ (i₂ < |s|) ∧ (0 ≤ i₂) ∧ (i₂ ≤ |s|) ∧ (s[i₂] = "a") ∧ (i₂ ≥ 0) ∧ (i₂ < |s|) ⇒ ((0 ≤ (i₂ + 1)) && ((i₂ + 1) ≤ |s|))
INFO  flat.checker.VCPrf: Proved with SMT (time: 6.04193 ms)
INFO  flat.checker.VCPrf: 
INFO  flat.checker.VCPrf: Goal: (s.find("b") < 0) ∧ ((i₂ ≥ |s|) || ((s[i₂] ≠ "a") && ((i₂ ≥ 0) && (i₂ < |s|)))) ∧ (0 ≤ i₂) ∧ (i₂ ≤ |s|) ⇒ ((|s| ≤ i₂) && (i₂ ≤ |s|))
INFO  flat.checker.VCPrf: Proved with lemmas (time: 21.827821 ms)
INFO  flat.checker.VCPrf: 
INFO  flat.checker.VCPrf: Goal: (s.find("b") < 0) ∧ ((i₂ ≥ |s|) || ((s[i₂] ≠ "a") && ((i₂ ≥ 0) && (i₂ < |s|)))) ∧ (0 ≤ i₂) ∧ (i₂ ≤ |s|) ∧ (i₁ < |s|) ∧ (|s| ≤ i₁) ∧ (i₁ ≤ |s|) ⇒ ((i₁ ≥ 0) && (i₁ < |s|))
INFO  flat.checker.VCPrf: Proved with SMT (time: 2.432261 ms)
INFO  flat.checker.VCPrf: 
INFO  flat.checker.VCPrf: Goal: (s.find("b") < 0) ∧ ((i₂ ≥ |s|) || ((s[i₂] ≠ "a") && ((i₂ ≥ 0) && (i₂ < |s|)))) ∧ (0 ≤ i₂) ∧ (i₂ ≤ |s|) ∧ (i₁ < |s|) ∧ (|s| ≤ i₁) ∧ (i₁ ≤ |s|) ∧ (s[i₁] ≠ "b") ∧ (i₁ ≥ 0) ∧ (i₁ < |s|) ⇒ ((|s| ≤ i₁) && (i₁ ≤ |s|))
INFO  flat.checker.VCPrf: Proved trivial (time: 0.032368 ms)
INFO  flat.checker.VCPrf: 
INFO  flat.checker.VCPrf: Goal: (s.find("b") < 0) ∧ ((i₂ ≥ |s|) || ((s[i₂] ≠ "a") && ((i₂ ≥ 0) && (i₂ < |s|)))) ∧ (0 ≤ i₂) ∧ (i₂ ≤ |s|) ∧ (i₁ < |s|) ∧ (|s| ≤ i₁) ∧ (i₁ ≤ |s|) ∧ (s[i₁] = "b") ∧ (i₁ ≥ 0) ∧ (i₁ < |s|) ⇒ ((|s| ≤ (i₁ + 1)) && ((i₁ + 1) ≤ |s|))
INFO  flat.checker.VCPrf: Proved with SMT (time: 6.273068 ms)
INFO  flat.checker.VCPrf: 
INFO  flat.checker.VCPrf: Goal: (s.find("b") < 0) ∧ ((i₂ ≥ |s|) || ((s[i₂] ≠ "a") && ((i₂ ≥ 0) && (i₂ < |s|)))) ∧ (0 ≤ i₂) ∧ (i₂ ≤ |s|) ∧ ((i₁ ≥ |s|) || ((s[i₁] ≠ "b") && ((i₁ ≥ 0) && (i₁ < |s|)))) ∧ (|s| ≤ i₁) ∧ (i₁ ≤ |s|) ⇒ (i₁ = |s|)
INFO  flat.checker.VCPrf: Proved with SMT (time: 4.224402 ms)
INFO  flat.checker.VCPrf: 
INFO  flat.checker.VCPrf: Goal: (s.find("b") ≥ 0) ⇒ ((0 ≤ 0) && (0 ≤ s.find("b")))
INFO  flat.checker.VCPrf: Proved with SMT (time: 3.138247 ms)
INFO  flat.checker.VCPrf: 
INFO  flat.checker.VCPrf: Goal: (s.find("b") ≥ 0) ∧ (i₂ < |s|) ∧ (0 ≤ i₂) ∧ (i₂ ≤ s.find("b")) ⇒ ((i₂ ≥ 0) && (i₂ < |s|))
INFO  flat.checker.VCPrf: Proved with SMT (time: 1.960158 ms)
INFO  flat.checker.VCPrf: 
INFO  flat.checker.VCPrf: Goal: (s.find("b") ≥ 0) ∧ (i₂ < |s|) ∧ (0 ≤ i₂) ∧ (i₂ ≤ s.find("b")) ∧ (s[i₂] ≠ "a") ∧ (i₂ ≥ 0) ∧ (i₂ < |s|) ⇒ ((0 ≤ i₂) && (i₂ ≤ s.find("b")))
INFO  flat.checker.VCPrf: Proved trivial (time: 0.039479 ms)
INFO  flat.checker.VCPrf: 
INFO  flat.checker.VCPrf: Goal: (s.find("b") ≥ 0) ∧ (i₂ < |s|) ∧ (0 ≤ i₂) ∧ (i₂ ≤ s.find("b")) ∧ (s[i₂] = "a") ∧ (i₂ ≥ 0) ∧ (i₂ < |s|) ⇒ ((0 ≤ (i₂ + 1)) && ((i₂ + 1) ≤ s.find("b")))
INFO  flat.checker.VCPrf: Proved with SMT (time: 12.734071 ms)
INFO  flat.checker.VCPrf: 
INFO  flat.checker.VCPrf: Goal: (s.find("b") ≥ 0) ∧ ((i₂ ≥ |s|) || ((s[i₂] ≠ "a") && ((i₂ ≥ 0) && (i₂ < |s|)))) ∧ (0 ≤ i₂) ∧ (i₂ ≤ s.find("b")) ⇒ ((s.find("b") ≤ i₂) && (i₂ ≤ |s|))
java.lang.IllegalArgumentException: requirement failed
	at scala.Predef$.require(Predef.scala:324)
	at flat.regex.CharSet.$minus$minus(CharSet.scala:56)
	at flat.checker.HintSynth$IndexVar.apply$$anonfun$3(HintSynth.scala:90)
	at scala.runtime.function.JProcedure1.apply(JProcedure1.java:15)
	at scala.runtime.function.JProcedure1.apply(JProcedure1.java:10)
	at scala.collection.immutable.List.foreach(List.scala:334)
	at flat.checker.PrfCtx.foreach(PrfCtx.scala:24)
	at flat.checker.HintSynth$IndexVar.apply(HintSynth.scala:68)
	at flat.checker.HintSynth.collectHints$$anonfun$1(HintSynth.scala:39)
	at scala.runtime.function.JProcedure1.apply(JProcedure1.java:15)
	at scala.runtime.function.JProcedure1.apply(JProcedure1.java:10)
	at scala.collection.immutable.List.foreach(List.scala:334)
	at flat.checker.HintSynth.collectHints(HintSynth.scala:39)
	at flat.checker.Prover.$anonfun$3(Prover.scala:101)
	at scala.collection.immutable.List.flatMap(List.scala:294)
	at flat.checker.Prover.processProp(Prover.scala:101)
	at flat.checker.Prover.processAtomic(Prover.scala:29)
	at flat.checker.Prover.process(Prover.scala:23)
	at flat.checker.Prover.process(Prover.scala:13)
	at flat.checker.VCPrf.$anonfun$2(VCPrf.scala:53)
	at flat.util$.time(util.scala:35)
	at flat.checker.VCPrf.proveSubGoal(VCPrf.scala:53)
	at flat.checker.VCPrf.proveSubGoal$(VCPrf.scala:9)
	at flat.checker.Prover.proveSubGoal(Prover.scala:6)
	at flat.checker.VCPrf.prove(VCPrf.scala:21)
	at flat.checker.VCPrf.prove$(VCPrf.scala:9)
	at flat.checker.Prover.prove(Prover.scala:6)
	at flat.checker.VCPrf.prove(VCPrf.scala:22)
	at flat.checker.VCPrf.prove$(VCPrf.scala:9)
	at flat.checker.Prover.prove(Prover.scala:6)
	at flat.checker.VCPrf.prove(VCPrf.scala:23)
	at flat.checker.VCPrf.prove$(VCPrf.scala:9)
	at flat.checker.Prover.prove(Prover.scala:6)
	at flat.checker.VCPrf.prove(VCPrf.scala:23)
	at flat.checker.VCPrf.prove$(VCPrf.scala:9)
	at flat.checker.Prover.prove(Prover.scala:6)
	at flat.checker.VCPrf.prove(VCPrf.scala:22)
	at flat.checker.VCPrf.prove$(VCPrf.scala:9)
	at flat.checker.Prover.prove(Prover.scala:6)
	at flat.checker.VCPrf.prove(VCPrf.scala:22)
	at flat.checker.VCPrf.prove$(VCPrf.scala:9)
	at flat.checker.Prover.prove(Prover.scala:6)
	at flat.checker.VCPrf.prove(VCPrf.scala:23)
	at flat.checker.VCPrf.prove$(VCPrf.scala:9)
	at flat.checker.Prover.prove(Prover.scala:6)
	at flat.checker.VCPrf.prove(VCPrf.scala:22)
	at flat.checker.VCPrf.prove$(VCPrf.scala:9)
	at flat.checker.Prover.prove(Prover.scala:6)
	at flat.Driver$.checkPython$$anonfun$1(Driver.scala:65)
	at scala.runtime.function.JProcedure1.apply(JProcedure1.java:15)
	at scala.runtime.function.JProcedure1.apply(JProcedure1.java:10)
	at scala.collection.immutable.List.foreach(List.scala:334)
	at flat.Driver$.checkPython(Driver.scala:58)
	at flat.Driver$.tryCheckPython(Driver.scala:40)
	at flat.Driver$.run$$anonfun$2(Driver.scala:32)
	at scala.runtime.function.JProcedure1.apply(JProcedure1.java:15)
	at scala.runtime.function.JProcedure1.apply(JProcedure1.java:10)
	at scala.collection.immutable.List.foreach(List.scala:334)
	at flat.Driver$.run(Driver.scala:29)
	at flat.CLI$.main(CLI.scala:48)
	at flat.CLI.main(CLI.scala)
