INFO  flat.Driver$: 
INFO  flat.Driver$: Checking: /benchmark/subjects/241.py
INFO  flat.checker.VCPrf: 
INFO  flat.checker.VCPrf: Goal: (s.find("b") < 0) ⇒ ((0 ≥ 0) && (0 ≤ |s|))
INFO  flat.checker.VCPrf: Proved with SMT (time: 23.697808 ms)
INFO  flat.checker.VCPrf: 
INFO  flat.checker.VCPrf: Goal: (s.find("b") < 0) ∧ (i₂ < |s|) ∧ (i₂ ≥ 0) ∧ (i₂ ≤ |s|) ⇒ ((i₂ ≥ 0) && (i₂ < |s|))
INFO  flat.checker.VCPrf: Proved trivial (time: 0.034927 ms)
INFO  flat.checker.VCPrf: 
INFO  flat.checker.VCPrf: Goal: (s.find("b") < 0) ∧ (i₂ < |s|) ∧ (i₂ ≥ 0) ∧ (i₂ ≤ |s|) ∧ (i₂ ≥ 0) ∧ (i₂ < |s|) ⇒ (s[i₂] = "a")
INFO  flat.checker.VCPrf: Proved with lemmas (time: 20.144637 ms)
INFO  flat.checker.VCPrf: 
INFO  flat.checker.VCPrf: Goal: (s.find("b") < 0) ∧ (i₂ < |s|) ∧ (i₂ ≥ 0) ∧ (i₂ ≤ |s|) ⇒ (((i₂ + 1) ≥ 0) && ((i₂ + 1) ≤ |s|))
INFO  flat.checker.VCPrf: Proved with SMT (time: 4.544385 ms)
INFO  flat.checker.VCPrf: 
INFO  flat.checker.VCPrf: Goal: (s.find("b") < 0) ∧ (i₂ ≥ |s|) ∧ (i₂ ≥ 0) ∧ (i₂ ≤ |s|) ⇒ ((|s| ≤ i₂) && (i₂ ≤ |s|))
INFO  flat.checker.VCPrf: Proved with SMT (time: 2.090201 ms)
INFO  flat.checker.VCPrf: 
INFO  flat.checker.VCPrf: Goal: (s.find("b") < 0) ∧ (i₂ ≥ |s|) ∧ (i₂ ≥ 0) ∧ (i₂ ≤ |s|) ∧ (i₁ < |s|) ∧ (|s| ≤ i₁) ∧ (i₁ ≤ |s|) ⇒ ((i₁ ≥ 0) && (i₁ < |s|))
INFO  flat.checker.VCPrf: Proved with SMT (time: 2.269404 ms)
INFO  flat.checker.VCPrf: 
INFO  flat.checker.VCPrf: Goal: (s.find("b") < 0) ∧ (i₂ ≥ |s|) ∧ (i₂ ≥ 0) ∧ (i₂ ≤ |s|) ∧ (i₁ < |s|) ∧ (|s| ≤ i₁) ∧ (i₁ ≤ |s|) ∧ (i₁ ≥ 0) ∧ (i₁ < |s|) ⇒ (s[i₁] = "b")
INFO  flat.checker.VCPrf: Proved with SMT (time: 2.509901 ms)
INFO  flat.checker.VCPrf: 
INFO  flat.checker.VCPrf: Goal: (s.find("b") < 0) ∧ (i₂ ≥ |s|) ∧ (i₂ ≥ 0) ∧ (i₂ ≤ |s|) ∧ (i₁ < |s|) ∧ (|s| ≤ i₁) ∧ (i₁ ≤ |s|) ⇒ ((|s| ≤ (i₁ + 1)) && ((i₁ + 1) ≤ |s|))
INFO  flat.checker.VCPrf: Proved with SMT (time: 4.668612 ms)
INFO  flat.checker.VCPrf: 
INFO  flat.checker.VCPrf: Goal: (s.find("b") ≥ 0) ⇒ ((0 ≥ 0) && (0 ≤ s.find("b")))
INFO  flat.checker.VCPrf: Proved with SMT (time: 2.975845 ms)
INFO  flat.checker.VCPrf: 
INFO  flat.checker.VCPrf: Goal: (s.find("b") ≥ 0) ∧ (i₂ < s.find("b")) ∧ (i₂ ≥ 0) ∧ (i₂ ≤ s.find("b")) ⇒ ((i₂ ≥ 0) && (i₂ < |s|))
INFO  flat.checker.VCPrf: Proved with SMT (time: 2.71606 ms)
INFO  flat.checker.VCPrf: 
INFO  flat.checker.VCPrf: Goal: (s.find("b") ≥ 0) ∧ (i₂ < s.find("b")) ∧ (i₂ ≥ 0) ∧ (i₂ ≤ s.find("b")) ∧ (i₂ ≥ 0) ∧ (i₂ < |s|) ⇒ (s[i₂] = "a")
INFO  flat.checker.VCPrf: Proved with lemmas (time: 48.622955 ms)
INFO  flat.checker.VCPrf: 
INFO  flat.checker.VCPrf: Goal: (s.find("b") ≥ 0) ∧ (i₂ < s.find("b")) ∧ (i₂ ≥ 0) ∧ (i₂ ≤ s.find("b")) ⇒ (((i₂ + 1) ≥ 0) && ((i₂ + 1) ≤ s.find("b")))
INFO  flat.checker.VCPrf: Proved with SMT (time: 4.374237 ms)
INFO  flat.checker.VCPrf: 
INFO  flat.checker.VCPrf: Goal: (s.find("b") ≥ 0) ∧ (i₂ ≥ s.find("b")) ∧ (i₂ ≥ 0) ∧ (i₂ ≤ s.find("b")) ⇒ ((s.find("b") ≤ i₂) && (i₂ ≤ |s|))
INFO  flat.checker.VCPrf: Proved with SMT (time: 4.295296 ms)
INFO  flat.checker.VCPrf: 
INFO  flat.checker.VCPrf: Goal: (s.find("b") ≥ 0) ∧ (i₂ ≥ s.find("b")) ∧ (i₂ ≥ 0) ∧ (i₂ ≤ s.find("b")) ∧ (i₁ < |s|) ∧ (s.find("b") ≤ i₁) ∧ (i₁ ≤ |s|) ⇒ ((i₁ ≥ 0) && (i₁ < |s|))
INFO  flat.checker.VCPrf: Proved with SMT (time: 3.090424 ms)
INFO  flat.checker.VCPrf: 
INFO  flat.checker.VCPrf: Goal: (s.find("b") ≥ 0) ∧ (i₂ ≥ s.find("b")) ∧ (i₂ ≥ 0) ∧ (i₂ ≤ s.find("b")) ∧ (i₁ < |s|) ∧ (s.find("b") ≤ i₁) ∧ (i₁ ≤ |s|) ∧ (i₁ ≥ 0) ∧ (i₁ < |s|) ⇒ (s[i₁] = "b")
INFO  flat.checker.VCPrf: Proved with lemmas (time: 32.990153 ms)
INFO  flat.checker.VCPrf: 
INFO  flat.checker.VCPrf: Goal: (s.find("b") ≥ 0) ∧ (i₂ ≥ s.find("b")) ∧ (i₂ ≥ 0) ∧ (i₂ ≤ s.find("b")) ∧ (i₁ < |s|) ∧ (s.find("b") ≤ i₁) ∧ (i₁ ≤ |s|) ⇒ ((s.find("b") ≤ (i₁ + 1)) && ((i₁ + 1) ≤ |s|))
INFO  flat.checker.VCPrf: Proved with SMT (time: 5.018989 ms)
