INFO  flat.Driver$: 
INFO  flat.Driver$: Checking: /benchmark/subjects/241.neg.1.py
INFO  flat.checker.VCPrf: 
INFO  flat.checker.VCPrf: Goal: (s.find("b") < 0) ⇒ ((0 ≥ 0) && (0 ≤ |s|))
INFO  flat.checker.VCPrf: Proved with SMT (time: 25.925708 ms)
INFO  flat.checker.VCPrf: 
INFO  flat.checker.VCPrf: Goal: (s.find("b") < 0) ∧ (i₂ < |s|) ∧ (i₂ ≥ 0) ∧ (i₂ ≤ |s|) ⇒ ((i₂ ≥ 0) && (i₂ < |s|))
INFO  flat.checker.VCPrf: Proved trivial (time: 0.035687 ms)
INFO  flat.checker.VCPrf: 
INFO  flat.checker.VCPrf: Goal: (s.find("b") < 0) ∧ (i₂ < |s|) ∧ (i₂ ≥ 0) ∧ (i₂ ≤ |s|) ∧ (i₂ ≥ 0) ∧ (i₂ < |s|) ⇒ (s[i₂] = "a")
INFO  flat.checker.VCPrf: Proved with lemmas (time: 24.097863 ms)
INFO  flat.checker.VCPrf: 
INFO  flat.checker.VCPrf: Goal: (s.find("b") < 0) ∧ (i₂ < |s|) ∧ (i₂ ≥ 0) ∧ (i₂ ≤ |s|) ⇒ (((i₂ + 1) ≥ 0) && ((i₂ + 1) ≤ |s|))
INFO  flat.checker.VCPrf: Proved with SMT (time: 4.895878 ms)
INFO  flat.checker.VCPrf: 
INFO  flat.checker.VCPrf: Goal: (s.find("b") < 0) ∧ (i₂ ≥ |s|) ∧ (i₂ ≥ 0) ∧ (i₂ ≤ |s|) ⇒ ((|s| ≤ i₂) && (i₂ ≤ |s|))
INFO  flat.checker.VCPrf: Proved with SMT (time: 2.132311 ms)
INFO  flat.checker.VCPrf: 
INFO  flat.checker.VCPrf: Goal: (s.find("b") < 0) ∧ (i₂ ≥ |s|) ∧ (i₂ ≥ 0) ∧ (i₂ ≤ |s|) ∧ (i₁ < |s|) ∧ (|s| ≤ i₁) ∧ (i₁ ≤ |s|) ⇒ ((i₁ ≥ 0) && (i₁ < |s|))
INFO  flat.checker.VCPrf: Proved with SMT (time: 2.67881 ms)
INFO  flat.checker.VCPrf: 
INFO  flat.checker.VCPrf: Goal: (s.find("b") < 0) ∧ (i₂ ≥ |s|) ∧ (i₂ ≥ 0) ∧ (i₂ ≤ |s|) ∧ (i₁ < |s|) ∧ (|s| ≤ i₁) ∧ (i₁ ≤ |s|) ∧ (i₁ ≥ 0) ∧ (i₁ < |s|) ⇒ (s[i₁] = "b")
INFO  flat.checker.VCPrf: Proved with SMT (time: 2.55367 ms)
INFO  flat.checker.VCPrf: 
INFO  flat.checker.VCPrf: Goal: (s.find("b") < 0) ∧ (i₂ ≥ |s|) ∧ (i₂ ≥ 0) ∧ (i₂ ≤ |s|) ∧ (i₁ < |s|) ∧ (|s| ≤ i₁) ∧ (i₁ ≤ |s|) ⇒ ((|s| ≤ (i₁ + 1)) && ((i₁ + 1) ≤ |s|))
INFO  flat.checker.VCPrf: Proved with SMT (time: 5.093088 ms)
INFO  flat.checker.VCPrf: 
INFO  flat.checker.VCPrf: Goal: (s.find("b") ≥ 0) ⇒ ((0 ≥ 0) && (0 ≤ s.find("b")))
INFO  flat.checker.VCPrf: Proved with SMT (time: 3.378828 ms)
INFO  flat.checker.VCPrf: 
INFO  flat.checker.VCPrf: Goal: (s.find("b") ≥ 0) ∧ (i₂ < s.find("b")) ∧ (i₂ ≥ 0) ∧ (i₂ ≤ s.find("b")) ⇒ ((i₂ ≥ 0) && (i₂ < |s|))
INFO  flat.checker.VCPrf: Proved with SMT (time: 3.057344 ms)
INFO  flat.checker.VCPrf: 
INFO  flat.checker.VCPrf: Goal: (s.find("b") ≥ 0) ∧ (i₂ < s.find("b")) ∧ (i₂ ≥ 0) ∧ (i₂ ≤ s.find("b")) ∧ (i₂ ≥ 0) ∧ (i₂ < |s|) ⇒ (s[i₂] = "a")
java.lang.IllegalArgumentException: requirement failed
	at scala.Predef$.require(Predef.scala:324)
	at flat.regex.CharSet.$minus$minus(CharSet.scala:56)
	at flat.checker.HintSynth$IndexVar.apply$$anonfun$3(HintSynth.scala:90)
	at scala.runtime.function.JProcedure1.apply(JProcedure1.java:15)
	at scala.runtime.function.JProcedure1.apply(JProcedure1.java:10)
	at scala.collection.immutable.List.foreach(List.scala:334)
	at flat.checker.PrfCtx.foreach(PrfCtx.scala:24)
	at flat.checker.HintSynth$IndexVar.apply(HintSynth.scala:68)
	at flat.checker.HintSynth.collectHints$$anonfun$1(HintSynth.scala:39)
	at scala.runtime.function.JProcedure1.apply(JProcedure1.java:15)
	at scala.runtime.function.JProcedure1.apply(JProcedure1.java:10)
	at scala.collection.immutable.List.foreach(List.scala:334)
	at flat.checker.HintSynth.collectHints(HintSynth.scala:39)
	at flat.checker.Prover.$anonfun$3(Prover.scala:101)
	at scala.collection.immutable.List.flatMap(List.scala:294)
	at flat.checker.Prover.processProp(Prover.scala:101)
	at flat.checker.Prover.processAtomic(Prover.scala:29)
	at flat.checker.Prover.process(Prover.scala:23)
	at flat.checker.VCPrf.$anonfun$2(VCPrf.scala:53)
	at flat.util$.time(util.scala:35)
	at flat.checker.VCPrf.proveSubGoal(VCPrf.scala:53)
	at flat.checker.VCPrf.proveSubGoal$(VCPrf.scala:9)
	at flat.checker.Prover.proveSubGoal(Prover.scala:6)
	at flat.checker.VCPrf.prove(VCPrf.scala:21)
	at flat.checker.VCPrf.prove$(VCPrf.scala:9)
	at flat.checker.Prover.prove(Prover.scala:6)
	at flat.checker.VCPrf.prove(VCPrf.scala:23)
	at flat.checker.VCPrf.prove$(VCPrf.scala:9)
	at flat.checker.Prover.prove(Prover.scala:6)
	at flat.checker.VCPrf.prove(VCPrf.scala:22)
	at flat.checker.VCPrf.prove$(VCPrf.scala:9)
	at flat.checker.Prover.prove(Prover.scala:6)
	at flat.checker.VCPrf.prove(VCPrf.scala:22)
	at flat.checker.VCPrf.prove$(VCPrf.scala:9)
	at flat.checker.Prover.prove(Prover.scala:6)
	at flat.checker.VCPrf.prove(VCPrf.scala:23)
	at flat.checker.VCPrf.prove$(VCPrf.scala:9)
	at flat.checker.Prover.prove(Prover.scala:6)
	at flat.checker.VCPrf.prove(VCPrf.scala:23)
	at flat.checker.VCPrf.prove$(VCPrf.scala:9)
	at flat.checker.Prover.prove(Prover.scala:6)
	at flat.checker.VCPrf.prove(VCPrf.scala:22)
	at flat.checker.VCPrf.prove$(VCPrf.scala:9)
	at flat.checker.Prover.prove(Prover.scala:6)
	at flat.checker.VCPrf.prove(VCPrf.scala:22)
	at flat.checker.VCPrf.prove$(VCPrf.scala:9)
	at flat.checker.Prover.prove(Prover.scala:6)
	at flat.checker.VCPrf.prove(VCPrf.scala:23)
	at flat.checker.VCPrf.prove$(VCPrf.scala:9)
	at flat.checker.Prover.prove(Prover.scala:6)
	at flat.checker.VCPrf.prove(VCPrf.scala:22)
	at flat.checker.VCPrf.prove$(VCPrf.scala:9)
	at flat.checker.Prover.prove(Prover.scala:6)
	at flat.Driver$.checkPython$$anonfun$1(Driver.scala:65)
	at scala.runtime.function.JProcedure1.apply(JProcedure1.java:15)
	at scala.runtime.function.JProcedure1.apply(JProcedure1.java:10)
	at scala.collection.immutable.List.foreach(List.scala:334)
	at flat.Driver$.checkPython(Driver.scala:58)
	at flat.Driver$.tryCheckPython(Driver.scala:40)
	at flat.Driver$.run$$anonfun$2(Driver.scala:32)
	at scala.runtime.function.JProcedure1.apply(JProcedure1.java:15)
	at scala.runtime.function.JProcedure1.apply(JProcedure1.java:10)
	at scala.collection.immutable.List.foreach(List.scala:334)
	at flat.Driver$.run(Driver.scala:29)
	at flat.CLI$.main(CLI.scala:48)
	at flat.CLI.main(CLI.scala)
