INFO  flat.Driver$: 
INFO  flat.Driver$: Checking: /benchmark/subjects/250.pos.1.py
INFO  flat.checker.VCPrf: 
INFO  flat.checker.VCPrf: Goal:  ⇒ ((0 ≤ 0) && (0 < (|s| + 2)))
INFO  flat.checker.VCPrf: Proved with SMT (time: 24.367267 ms)
INFO  flat.checker.VCPrf: 
INFO  flat.checker.VCPrf: Goal:  ⇒ s[0:] : (ab)*
INFO  flat.checker.VCPrf: Proved with lemmas (time: 14.898854 ms)
INFO  flat.checker.VCPrf: 
INFO  flat.checker.VCPrf: Goal: (i₁ < |s|) ∧ (0 ≤ i₁) ∧ (i₁ < (|s| + 2)) ∧ s[i₁:] : (ab)* ⇒ ((i₁ ≥ 0) && (i₁ < |s|))
INFO  flat.checker.VCPrf: Proved with SMT (time: 2.981154 ms)
INFO  flat.checker.VCPrf: 
INFO  flat.checker.VCPrf: Goal: (i₁ < |s|) ∧ (0 ≤ i₁) ∧ (i₁ < (|s| + 2)) ∧ s[i₁:] : (ab)* ∧ (i₁ ≥ 0) ∧ (i₁ < |s|) ⇒ (s[i₁] = "a")
INFO  flat.checker.VCPrf: Proved with lemmas (time: 50.773527 ms)
INFO  flat.checker.VCPrf: 
INFO  flat.checker.VCPrf: Goal: (i₁ < |s|) ∧ (0 ≤ i₁) ∧ (i₁ < (|s| + 2)) ∧ s[i₁:] : (ab)* ⇒ (((i₁ + 1) ≥ 0) && ((i₁ + 1) < |s|))
INFO  flat.checker.VCPrf: Proved with SMT + lemmas (time: 20.792824 ms)
INFO  flat.checker.VCPrf: 
INFO  flat.checker.VCPrf: Goal: (i₁ < |s|) ∧ (0 ≤ i₁) ∧ (i₁ < (|s| + 2)) ∧ s[i₁:] : (ab)* ∧ ((i₁ + 1) ≥ 0) ∧ ((i₁ + 1) < |s|) ⇒ (s[(i₁ + 1)] = "b")
INFO  flat.checker.VCPrf: Proved with lemmas (time: 30.358974 ms)
INFO  flat.checker.VCPrf: 
INFO  flat.checker.VCPrf: Goal: (i₁ < |s|) ∧ (0 ≤ i₁) ∧ (i₁ < (|s| + 2)) ∧ s[i₁:] : (ab)* ⇒ ((0 ≤ (i₁ + 2)) && ((i₁ + 2) < (|s| + 2)))
INFO  flat.checker.VCPrf: Proved with SMT (time: 4.633953 ms)
INFO  flat.checker.VCPrf: 
INFO  flat.checker.VCPrf: Goal: (i₁ < |s|) ∧ (0 ≤ i₁) ∧ (i₁ < (|s| + 2)) ∧ s[i₁:] : (ab)* ⇒ s[(i₁ + 2):] : (ab)*
INFO  flat.checker.VCPrf: Proved with lemmas (time: 4.646957 ms)
