INFO  flat.Driver$: 
INFO  flat.Driver$: Checking: /benchmark/subjects/251.pos.1.py
INFO  flat.checker.VCPrf: 
INFO  flat.checker.VCPrf: Goal:  ⇒ ((0 ≤ 0) && (0 < (|s| + 2)))
INFO  flat.checker.VCPrf: Proved with SMT (time: 24.028895 ms)
INFO  flat.checker.VCPrf: 
INFO  flat.checker.VCPrf: Goal:  ⇒ s[0:] : (ab)*
INFO  flat.checker.VCPrf: Proved with lemmas (time: 12.809241 ms)
INFO  flat.checker.VCPrf: 
INFO  flat.checker.VCPrf: Goal: (i₁ < |s|) ∧ (0 ≤ i₁) ∧ (i₁ < (|s| + 2)) ∧ s[i₁:] : (ab)* ⇒ ((i₁ ≥ 0) && ((i₁ + 2) ≥ 0))
INFO  flat.checker.VCPrf: Proved with SMT (time: 5.390626 ms)
INFO  flat.checker.VCPrf: 
INFO  flat.checker.VCPrf: Goal: (i₁ < |s|) ∧ (0 ≤ i₁) ∧ (i₁ < (|s| + 2)) ∧ s[i₁:] : (ab)* ⇒ (|s[i₁:(i₁ + 2)]| = 2)
INFO  flat.checker.VCPrf: Proved with lemmas (time: 43.500376 ms)
INFO  flat.checker.VCPrf: 
INFO  flat.checker.VCPrf: Goal: (i₁ < |s|) ∧ (0 ≤ i₁) ∧ (i₁ < (|s| + 2)) ∧ s[i₁:] : (ab)* ⇒ ((0 ≥ 0) && (0 < |s[i₁:(i₁ + 2)]|))
INFO  flat.checker.VCPrf: Proved with SMT (time: 6.756576 ms)
INFO  flat.checker.VCPrf: 
INFO  flat.checker.VCPrf: Goal: (i₁ < |s|) ∧ (0 ≤ i₁) ∧ (i₁ < (|s| + 2)) ∧ s[i₁:] : (ab)* ⇒ ((1 ≥ 0) && (1 < |s[i₁:(i₁ + 2)]|))
INFO  flat.checker.VCPrf: Proved with SMT + lemmas (time: 27.345235 ms)
INFO  flat.checker.VCPrf: 
INFO  flat.checker.VCPrf: Goal: (i₁ < |s|) ∧ (0 ≤ i₁) ∧ (i₁ < (|s| + 2)) ∧ s[i₁:] : (ab)* ⇒ (s[i₁:(i₁ + 2)][0] = "a")
INFO  flat.checker.VCPrf: Proved with lemmas (time: 33.336759 ms)
INFO  flat.checker.VCPrf: 
INFO  flat.checker.VCPrf: Goal: (i₁ < |s|) ∧ (0 ≤ i₁) ∧ (i₁ < (|s| + 2)) ∧ s[i₁:] : (ab)* ⇒ (s[i₁:(i₁ + 2)][1] = "b")
INFO  flat.checker.VCPrf: Proved with lemmas (time: 26.500925 ms)
INFO  flat.checker.VCPrf: 
INFO  flat.checker.VCPrf: Goal: (i₁ < |s|) ∧ (0 ≤ i₁) ∧ (i₁ < (|s| + 2)) ∧ s[i₁:] : (ab)* ⇒ ((0 ≤ (i₁ + 2)) && ((i₁ + 2) < (|s| + 2)))
INFO  flat.checker.VCPrf: Proved with SMT (time: 3.933849 ms)
INFO  flat.checker.VCPrf: 
INFO  flat.checker.VCPrf: Goal: (i₁ < |s|) ∧ (0 ≤ i₁) ∧ (i₁ < (|s| + 2)) ∧ s[i₁:] : (ab)* ⇒ s[(i₁ + 2):] : (ab)*
INFO  flat.checker.VCPrf: Proved with lemmas (time: 3.784861 ms)
