INFO  flat.Driver$: 
INFO  flat.Driver$: Checking: /benchmark/subjects/261.pos.1.py
INFO  flat.checker.VCPrf: 
INFO  flat.checker.VCPrf: Goal: (|s| = 1) ⇒ ((0 ≥ 0) && (0 < |s|))
INFO  flat.checker.VCPrf: Proved with SMT (time: 23.473144 ms)
INFO  flat.checker.VCPrf: 
INFO  flat.checker.VCPrf: Goal: (|s| = 1) ∧ (0 ≥ 0) ∧ (0 < |s|) ⇒ (s[0] = "b")
INFO  flat.checker.VCPrf: Proved with lemmas (time: 33.123268 ms)
INFO  flat.checker.VCPrf: 
INFO  flat.checker.VCPrf: Goal: (|s| ≠ 1) ∧ (|s| = 2) ⇒ ((0 ≥ 0) && (0 < |s|))
INFO  flat.checker.VCPrf: Proved with SMT (time: 3.338882 ms)
INFO  flat.checker.VCPrf: 
INFO  flat.checker.VCPrf: Goal: (|s| ≠ 1) ∧ (|s| = 2) ∧ (0 ≥ 0) ∧ (0 < |s|) ⇒ (s[0] = "a")
INFO  flat.checker.VCPrf: Proved with lemmas (time: 12.464669 ms)
INFO  flat.checker.VCPrf: 
INFO  flat.checker.VCPrf: Goal: (|s| ≠ 1) ∧ (|s| = 2) ⇒ ((1 ≥ 0) && (1 < |s|))
INFO  flat.checker.VCPrf: Proved with SMT (time: 3.522748 ms)
INFO  flat.checker.VCPrf: 
INFO  flat.checker.VCPrf: Goal: (|s| ≠ 1) ∧ (|s| = 2) ∧ (1 ≥ 0) ∧ (1 < |s|) ⇒ (s[1] = "b")
INFO  flat.checker.VCPrf: Proved with lemmas (time: 14.799968 ms)
INFO  flat.checker.VCPrf: 
INFO  flat.checker.VCPrf: Goal: (|s| ≠ 1) ∧ (|s| ≠ 2) ⇒ false
INFO  flat.checker.VCPrf: Proved with SMT + lemmas (time: 6.882655 ms)
