INFO  flat.Driver$: 
INFO  flat.Driver$: Checking: /benchmark/subjects/262.pos.1.py
INFO  flat.checker.VCPrf: 
INFO  flat.checker.VCPrf: Goal:  ⇒ s.contains("b")
INFO  flat.checker.VCPrf: Proved with lemmas (time: 33.31911 ms)
INFO  flat.checker.VCPrf: 
INFO  flat.checker.VCPrf: Goal: (s.find("b") = 1) ⇒ ((0 ≥ 0) && (0 < |s|))
INFO  flat.checker.VCPrf: Proved with SMT (time: 5.42309 ms)
INFO  flat.checker.VCPrf: 
INFO  flat.checker.VCPrf: Goal: (s.find("b") = 1) ∧ (0 ≥ 0) ∧ (0 < |s|) ⇒ (s[0] = "a")
INFO  flat.checker.VCPrf: Proved with lemmas (time: 34.341423 ms)
INFO  flat.checker.VCPrf: 
INFO  flat.checker.VCPrf: Goal: (s.find("b") = 1) ⇒ (|s| = 2)
INFO  flat.checker.VCPrf: Proved with lemmas (time: 12.962206 ms)
INFO  flat.checker.VCPrf: 
INFO  flat.checker.VCPrf: Goal: (s.find("b") ≠ 1) ⇒ (s.find("b") = 0)
INFO  flat.checker.VCPrf: Proved with lemmas (time: 7.79273 ms)
INFO  flat.checker.VCPrf: 
INFO  flat.checker.VCPrf: Goal: (s.find("b") ≠ 1) ⇒ (|s| = 1)
INFO  flat.checker.VCPrf: Proved with lemmas (time: 6.616084 ms)
