INFO  flat.Driver$: 
INFO  flat.Driver$: Checking: /benchmark/subjects/273.neg.1.py
INFO  flat.checker.VCPrf: 
INFO  flat.checker.VCPrf: Goal:  ⇒ (((|s| - 1) ≥ 0) && ((|s| - 1) < |s|))
INFO  flat.checker.VCPrf: Failed (time: 39.160149 ms)
INFO  flat.checker.VCPrf: 
INFO  flat.checker.VCPrf: Goal: (s[(|s| - 1)] = "b") ⇒ (|s| = 2)
INFO  flat.checker.VCPrf: Proved with lemmas (time: 16.901425 ms)
INFO  flat.checker.VCPrf: 
INFO  flat.checker.VCPrf: Goal: (s[(|s| - 1)] = "b") ⇒ ((0 ≥ 0) && (0 < |s|))
INFO  flat.checker.VCPrf: Proved with SMT (time: 4.750329 ms)
INFO  flat.checker.VCPrf: 
INFO  flat.checker.VCPrf: Goal: (s[(|s| - 1)] = "b") ∧ (0 ≥ 0) ∧ (0 < |s|) ⇒ (s[0] = "a")
INFO  flat.checker.VCPrf: Proved with lemmas (time: 8.08258 ms)
INFO  flat.checker.VCPrf: 
INFO  flat.checker.VCPrf: Goal: (s[(|s| - 1)] ≠ "b") ⇒ (s[(|s| - 1)] = "a")
INFO  flat.checker.VCPrf: Failed (time: 20.247484 ms)
INFO  flat.checker.VCPrf: 
INFO  flat.checker.VCPrf: Goal: (s[(|s| - 1)] ≠ "b") ⇒ (|s| = 1)
INFO  flat.checker.VCPrf: Failed (time: 17.918976 ms)
- [ERROR] Type Error: /benchmark/subjects/273.neg.1.py
4 |  c = s[len(s)-1]
  |        ^^^^^^^^
  |        index may be out of bounds
- [ERROR] Type Error: /benchmark/subjects/273.neg.1.py
9 |    assert c == "a"
  |           ^^^^^^^^
  |           assertion may fail
-- [ERROR] Type Error: /benchmark/subjects/273.neg.1.py
10 |    assert len(s) == 1
   |           ^^^^^^^^^^^
   |           assertion may fail
