INFO  flat.Driver$: 
INFO  flat.Driver$: Checking: /benchmark/subjects/273.py
INFO  flat.checker.VCPrf: 
INFO  flat.checker.VCPrf: Goal:  ⇒ (((|s| - 1) ≥ 0) && ((|s| - 1) < |s|))
INFO  flat.checker.VCPrf: Proved with SMT + lemmas (time: 44.915299 ms)
INFO  flat.checker.VCPrf: 
INFO  flat.checker.VCPrf: Goal: (s[(|s| - 1)] = "b") ⇒ (|s| = 2)
INFO  flat.checker.VCPrf: Proved with lemmas (time: 23.759234 ms)
INFO  flat.checker.VCPrf: 
INFO  flat.checker.VCPrf: Goal: (s[(|s| - 1)] = "b") ⇒ ((0 ≥ 0) && (0 < |s|))
INFO  flat.checker.VCPrf: Proved with SMT (time: 4.104082 ms)
INFO  flat.checker.VCPrf: 
INFO  flat.checker.VCPrf: Goal: (s[(|s| - 1)] = "b") ∧ (0 ≥ 0) ∧ (0 < |s|) ⇒ (s[0] = "a")
INFO  flat.checker.VCPrf: Proved with lemmas (time: 16.482984 ms)
INFO  flat.checker.VCPrf: 
INFO  flat.checker.VCPrf: Goal: (s[(|s| - 1)] ≠ "b") ⇒ (s[(|s| - 1)] = "a")
INFO  flat.checker.VCPrf: Proved with lemmas (time: 9.235196 ms)
INFO  flat.checker.VCPrf: 
INFO  flat.checker.VCPrf: Goal: (s[(|s| - 1)] ≠ "b") ⇒ (|s| = 1)
INFO  flat.checker.VCPrf: Proved with lemmas (time: 6.584313 ms)
