INFO  flat.Driver$: 
INFO  flat.Driver$: Checking: /benchmark/subjects/292.neg.1.py
INFO  flat.checker.VCPrf: 
INFO  flat.checker.VCPrf: Goal: (|s| ≠ 0) ∧ (s.find("b") = 0) ⇒ (|s| = 1)
INFO  flat.checker.VCPrf: Failed (time: 60.450832 ms)
INFO  flat.checker.VCPrf: 
INFO  flat.checker.VCPrf: Goal: (|s| ≠ 0) ∧ (s.find("b") ≠ 0) ∧ (s.find("b") = 1) ⇒ s.contains("a")
INFO  flat.checker.VCPrf: Failed (time: 23.875919 ms)
INFO  flat.checker.VCPrf: 
INFO  flat.checker.VCPrf: Goal: (|s| ≠ 0) ∧ (s.find("b") ≠ 0) ∧ (s.find("b") = 1) ⇒ (s.find("a") = 0)
INFO  flat.checker.VCPrf: Failed (time: 32.82168 ms)
INFO  flat.checker.VCPrf: 
INFO  flat.checker.VCPrf: Goal: (|s| ≠ 0) ∧ (s.find("b") ≠ 0) ∧ (s.find("b") = 1) ⇒ (|s| = 2)
INFO  flat.checker.VCPrf: Failed (time: 19.152453 ms)
INFO  flat.checker.VCPrf: 
INFO  flat.checker.VCPrf: Goal: (|s| ≠ 0) ∧ (s.find("b") ≠ 0) ∧ (s.find("b") ≠ 1) ⇒ (s = "a")
INFO  flat.checker.VCPrf: Failed (time: 22.780617 ms)
- [ERROR] Type Error: /benchmark/subjects/292.neg.1.py
8 |    assert len(s) == 1
  |           ^^^^^^^^^^^
  |           assertion may fail
-- [ERROR] Type Error: /benchmark/subjects/292.neg.1.py
10 |    assert s.index("a") == 0
   |           ^^^^^^^^^^^^
   |           assertion may fail
-- [ERROR] Type Error: /benchmark/subjects/292.neg.1.py
10 |    assert s.index("a") == 0
   |           ^^^^^^^^^^^^^^^^^
   |           assertion may fail
-- [ERROR] Type Error: /benchmark/subjects/292.neg.1.py
11 |    assert len(s) == 2
   |           ^^^^^^^^^^^
   |           assertion may fail
-- [ERROR] Type Error: /benchmark/subjects/292.neg.1.py
13 |    assert s == "a"
   |           ^^^^^^^^
   |           assertion may fail
