INFO  flat.Driver$: 
INFO  flat.Driver$: Checking: /benchmark/subjects/300.neg.1.py
INFO  flat.checker.VCPrf: 
INFO  flat.checker.VCPrf: Goal:  ⇒ ((0 ≥ 0) && (0 < |s|))
INFO  flat.checker.VCPrf: Failed (time: 37.643845 ms)
INFO  flat.checker.VCPrf: 
INFO  flat.checker.VCPrf: Goal: (0 ≥ 0) ∧ (0 < |s|) ⇒ (s[0] = "a")
INFO  flat.checker.VCPrf: Failed (time: 19.691252 ms)
INFO  flat.checker.VCPrf: 
INFO  flat.checker.VCPrf: Goal:  ⇒ ((1 ≥ 0) && (1 < |s|))
INFO  flat.checker.VCPrf: Failed (time: 5.890208 ms)
INFO  flat.checker.VCPrf: 
INFO  flat.checker.VCPrf: Goal: (1 ≥ 0) ∧ (1 < |s|) ⇒ (s[1] = "b")
INFO  flat.checker.VCPrf: Failed (time: 13.141965 ms)
- [ERROR] Type Error: /benchmark/subjects/300.neg.1.py
4 |  assert s[0] == "a"
  |           ^
  |           index may be out of bounds
- [ERROR] Type Error: /benchmark/subjects/300.neg.1.py
4 |  assert s[0] == "a"
  |         ^^^^^^^^^^^
  |         assertion may fail
- [ERROR] Type Error: /benchmark/subjects/300.neg.1.py
5 |  assert s[1] == "b"
  |           ^
  |           index may be out of bounds
- [ERROR] Type Error: /benchmark/subjects/300.neg.1.py
5 |  assert s[1] == "b"
  |         ^^^^^^^^^^^
  |         assertion may fail
