INFO  flat.Driver$: 
INFO  flat.Driver$: Checking: /benchmark/subjects/302.neg.1.py
INFO  flat.checker.VCPrf: 
INFO  flat.checker.VCPrf: Goal:  ⇒ ((0 ≥ 0) && (2 ≥ 0))
INFO  flat.checker.VCPrf: Proved with SMT (time: 22.278035 ms)
INFO  flat.checker.VCPrf: 
INFO  flat.checker.VCPrf: Goal:  ⇒ (|s[0:2]| = 2)
INFO  flat.checker.VCPrf: Proved with lemmas (time: 31.086392 ms)
INFO  flat.checker.VCPrf: 
INFO  flat.checker.VCPrf: Goal:  ⇒ ((0 ≥ 0) && (0 < |s[0:2]|))
INFO  flat.checker.VCPrf: Proved with SMT + lemmas (time: 12.606469 ms)
INFO  flat.checker.VCPrf: 
INFO  flat.checker.VCPrf: Goal:  ⇒ ((1 ≥ 0) && (1 < |s[0:2]|))
INFO  flat.checker.VCPrf: Proved with SMT + lemmas (time: 11.757583 ms)
INFO  flat.checker.VCPrf: 
INFO  flat.checker.VCPrf: Goal:  ⇒ (s[0:2][0] = "a")
INFO  flat.checker.VCPrf: Failed (time: 13.009159 ms)
INFO  flat.checker.VCPrf: 
INFO  flat.checker.VCPrf: Goal:  ⇒ (s[0:2][1] = "b")
INFO  flat.checker.VCPrf: Failed (time: 9.422397 ms)
- [ERROR] Type Error: /benchmark/subjects/302.neg.1.py
5 |  assert a == "a"
  |         ^^^^^^^^
  |         assertion may fail
- [ERROR] Type Error: /benchmark/subjects/302.neg.1.py
6 |  assert b == "b"
  |         ^^^^^^^^
  |         assertion may fail
