INFO  flat.Driver$: 
INFO  flat.Driver$: Checking: /benchmark/subjects/320.neg.1.py
INFO  flat.checker.VCPrf: 
INFO  flat.checker.VCPrf: Goal:  ⇒ ((0 ≥ 0) && (0 < |s|))
INFO  flat.checker.VCPrf: Failed (time: 37.813704 ms)
INFO  flat.checker.VCPrf: 
INFO  flat.checker.VCPrf: Goal: (0 ≥ 0) ∧ (0 < |s|) ⇒ (s[0] = "a")
INFO  flat.checker.VCPrf: Failed (time: 20.241144 ms)
INFO  flat.checker.VCPrf: 
INFO  flat.checker.VCPrf: Goal:  ⇒ ((2 ≥ 0) && (2 < |s|))
INFO  flat.checker.VCPrf: Failed (time: 5.634361 ms)
INFO  flat.checker.VCPrf: 
INFO  flat.checker.VCPrf: Goal: (2 ≥ 0) ∧ (2 < |s|) ⇒ (s[2] = "b")
INFO  flat.checker.VCPrf: Failed (time: 13.696549 ms)
INFO  flat.checker.VCPrf: 
INFO  flat.checker.VCPrf: Goal:  ⇒ (|s| = 3)
INFO  flat.checker.VCPrf: Failed (time: 4.245943 ms)
- [ERROR] Type Error: /benchmark/subjects/320.neg.1.py
4 |  assert s[0] == "a"
  |           ^
  |           index may be out of bounds
- [ERROR] Type Error: /benchmark/subjects/320.neg.1.py
4 |  assert s[0] == "a"
  |         ^^^^^^^^^^^
  |         assertion may fail
- [ERROR] Type Error: /benchmark/subjects/320.neg.1.py
5 |  assert s[2] == "b"
  |           ^
  |           index may be out of bounds
- [ERROR] Type Error: /benchmark/subjects/320.neg.1.py
5 |  assert s[2] == "b"
  |         ^^^^^^^^^^^
  |         assertion may fail
- [ERROR] Type Error: /benchmark/subjects/320.neg.1.py
6 |  assert len(s) == 3
  |         ^^^^^^^^^^^
  |         assertion may fail
