INFO  flat.Driver$: 
INFO  flat.Driver$: Checking: /benchmark/subjects/321.neg.1.py
INFO  flat.checker.VCPrf: 
INFO  flat.checker.VCPrf: Goal: (s ≠ "acb") ⇒ (|s| = 3)
INFO  flat.checker.VCPrf: Failed (time: 44.195301 ms)
INFO  flat.checker.VCPrf: 
INFO  flat.checker.VCPrf: Goal: (s ≠ "acb") ⇒ ((0 ≥ 0) && (0 < |s|))
INFO  flat.checker.VCPrf: Failed (time: 7.800256 ms)
INFO  flat.checker.VCPrf: 
INFO  flat.checker.VCPrf: Goal: (s ≠ "acb") ∧ (0 ≥ 0) ∧ (0 < |s|) ⇒ (s[0] = "a")
INFO  flat.checker.VCPrf: Failed (time: 13.967423 ms)
INFO  flat.checker.VCPrf: 
INFO  flat.checker.VCPrf: Goal: (s ≠ "acb") ⇒ ((2 ≥ 0) && (2 < |s|))
INFO  flat.checker.VCPrf: Failed (time: 7.43622 ms)
INFO  flat.checker.VCPrf: 
INFO  flat.checker.VCPrf: Goal: (s ≠ "acb") ∧ (2 ≥ 0) ∧ (2 < |s|) ⇒ (s[2] = "b")
INFO  flat.checker.VCPrf: Failed (time: 19.302349 ms)
- [ERROR] Type Error: /benchmark/subjects/321.neg.1.py
7 |    assert len(s) == 3
  |           ^^^^^^^^^^^
  |           assertion may fail
- [ERROR] Type Error: /benchmark/subjects/321.neg.1.py
8 |    assert s[0] == "a"
  |             ^
  |             index may be out of bounds
- [ERROR] Type Error: /benchmark/subjects/321.neg.1.py
8 |    assert s[0] == "a"
  |           ^^^^^^^^^^^
  |           assertion may fail
- [ERROR] Type Error: /benchmark/subjects/321.neg.1.py
9 |    assert s[2] == "b"
  |             ^
  |             index may be out of bounds
- [ERROR] Type Error: /benchmark/subjects/321.neg.1.py
9 |    assert s[2] == "b"
  |           ^^^^^^^^^^^
  |           assertion may fail
