INFO  flat.Driver$: 
INFO  flat.Driver$: Checking: /benchmark/subjects/322.neg.1.py
INFO  flat.checker.VCPrf: 
INFO  flat.checker.VCPrf: Goal:  ⇒ (|s| = 3)
INFO  flat.checker.VCPrf: Failed (time: 35.66255 ms)
INFO  flat.checker.VCPrf: 
INFO  flat.checker.VCPrf: Goal:  ⇒ ((0 ≥ 0) && (0 < |s|))
INFO  flat.checker.VCPrf: Failed (time: 7.458428 ms)
INFO  flat.checker.VCPrf: 
INFO  flat.checker.VCPrf: Goal:  ⇒ ((1 ≥ 0) && (1 < |s|))
INFO  flat.checker.VCPrf: Failed (time: 6.018644 ms)
INFO  flat.checker.VCPrf: 
INFO  flat.checker.VCPrf: Goal:  ⇒ ((2 ≥ 0) && (2 < |s|))
INFO  flat.checker.VCPrf: Failed (time: 5.602641 ms)
INFO  flat.checker.VCPrf: 
INFO  flat.checker.VCPrf: Goal:  ⇒ (s[0] = "a")
INFO  flat.checker.VCPrf: Failed (time: 12.080609 ms)
INFO  flat.checker.VCPrf: 
INFO  flat.checker.VCPrf: Goal:  ⇒ (s[2] = "b")
INFO  flat.checker.VCPrf: Failed (time: 6.862053 ms)
- [ERROR] Type Error: /benchmark/subjects/322.neg.1.py
4 |  a,x,b = s
  |  ^^^^^^^^^
  |  assertion may fail
- [ERROR] Type Error: /benchmark/subjects/322.neg.1.py
4 |  a,x,b = s
  |  ^
  |  index may be out of bounds
- [ERROR] Type Error: /benchmark/subjects/322.neg.1.py
4 |  a,x,b = s
  |    ^
  |    index may be out of bounds
- [ERROR] Type Error: /benchmark/subjects/322.neg.1.py
4 |  a,x,b = s
  |      ^
  |      index may be out of bounds
- [ERROR] Type Error: /benchmark/subjects/322.neg.1.py
5 |  assert a == "a"
  |         ^^^^^^^^
  |         assertion may fail
- [ERROR] Type Error: /benchmark/subjects/322.neg.1.py
6 |  assert b == "b"
  |         ^^^^^^^^
  |         assertion may fail
