INFO  flat.Driver$: 
INFO  flat.Driver$: Checking: /benchmark/subjects/322.pos.1.py
INFO  flat.checker.VCPrf: 
INFO  flat.checker.VCPrf: Goal:  ⇒ (|s| = 3)
INFO  flat.checker.VCPrf: Proved with lemmas (time: 37.955732 ms)
INFO  flat.checker.VCPrf: 
INFO  flat.checker.VCPrf: Goal:  ⇒ ((0 ≥ 0) && (0 < |s|))
INFO  flat.checker.VCPrf: Proved with SMT + lemmas (time: 8.398235 ms)
INFO  flat.checker.VCPrf: 
INFO  flat.checker.VCPrf: Goal:  ⇒ ((1 ≥ 0) && (1 < |s|))
INFO  flat.checker.VCPrf: Proved with SMT + lemmas (time: 7.49465 ms)
INFO  flat.checker.VCPrf: 
INFO  flat.checker.VCPrf: Goal:  ⇒ ((2 ≥ 0) && (2 < |s|))
INFO  flat.checker.VCPrf: Proved with SMT + lemmas (time: 7.116547 ms)
INFO  flat.checker.VCPrf: 
INFO  flat.checker.VCPrf: Goal:  ⇒ (s[0] = "a")
INFO  flat.checker.VCPrf: Proved with lemmas (time: 11.646281 ms)
INFO  flat.checker.VCPrf: 
INFO  flat.checker.VCPrf: Goal:  ⇒ (s[2] = "b")
INFO  flat.checker.VCPrf: Proved with lemmas (time: 6.26723 ms)
