INFO  flat.Driver$: 
INFO  flat.Driver$: Checking: /benchmark/subjects/323.py
INFO  flat.checker.VCPrf: 
INFO  flat.checker.VCPrf: Goal:  ⇒ ((0 ≥ 0) && (2 ≥ 0))
INFO  flat.checker.VCPrf: Proved with SMT (time: 22.492307 ms)
INFO  flat.checker.VCPrf: 
INFO  flat.checker.VCPrf: Goal:  ⇒ (|s[0:2]| = 2)
INFO  flat.checker.VCPrf: Proved with lemmas (time: 25.804959 ms)
INFO  flat.checker.VCPrf: 
INFO  flat.checker.VCPrf: Goal:  ⇒ ((0 ≥ 0) && (0 < |s[0:2]|))
INFO  flat.checker.VCPrf: Proved with SMT + lemmas (time: 14.097216 ms)
INFO  flat.checker.VCPrf: 
INFO  flat.checker.VCPrf: Goal:  ⇒ ((1 ≥ 0) && (1 < |s[0:2]|))
INFO  flat.checker.VCPrf: Proved with SMT + lemmas (time: 16.16977 ms)
INFO  flat.checker.VCPrf: 
INFO  flat.checker.VCPrf: Goal:  ⇒ ((1 ≥ 0) && (|s| ≥ 0))
INFO  flat.checker.VCPrf: Proved with SMT (time: 3.433341 ms)
INFO  flat.checker.VCPrf: 
INFO  flat.checker.VCPrf: Goal:  ⇒ (|s[1:]| = 2)
INFO  flat.checker.VCPrf: Proved with lemmas (time: 9.646625 ms)
INFO  flat.checker.VCPrf: 
INFO  flat.checker.VCPrf: Goal:  ⇒ ((0 ≥ 0) && (0 < |s[1:]|))
INFO  flat.checker.VCPrf: Proved with SMT + lemmas (time: 14.865153 ms)
INFO  flat.checker.VCPrf: 
INFO  flat.checker.VCPrf: Goal:  ⇒ ((1 ≥ 0) && (1 < |s[1:]|))
INFO  flat.checker.VCPrf: Proved with SMT + lemmas (time: 12.566884 ms)
INFO  flat.checker.VCPrf: 
INFO  flat.checker.VCPrf: Goal:  ⇒ (s[0:2][0] = "a")
INFO  flat.checker.VCPrf: Proved with lemmas (time: 12.317336 ms)
INFO  flat.checker.VCPrf: 
INFO  flat.checker.VCPrf: Goal:  ⇒ (s[1:][1] = "b")
INFO  flat.checker.VCPrf: Proved with lemmas (time: 10.027223 ms)
