INFO  flat.Driver$: 
INFO  flat.Driver$: Checking: /benchmark/subjects/331.neg.1.py
INFO  flat.checker.VCPrf: 
INFO  flat.checker.VCPrf: Goal: (s ≠ "acb") ∧ (s ≠ "") ⇒ (|s| = 3)
INFO  flat.checker.VCPrf: Failed (time: 51.653054 ms)
INFO  flat.checker.VCPrf: 
INFO  flat.checker.VCPrf: Goal: (s ≠ "acb") ∧ (s ≠ "") ⇒ ((0 ≥ 0) && (0 < |s|))
INFO  flat.checker.VCPrf: Proved with SMT (time: 4.600925 ms)
INFO  flat.checker.VCPrf: 
INFO  flat.checker.VCPrf: Goal: (s ≠ "acb") ∧ (s ≠ "") ∧ (0 ≥ 0) ∧ (0 < |s|) ⇒ (s[0] = "a")
INFO  flat.checker.VCPrf: Failed (time: 20.195182 ms)
INFO  flat.checker.VCPrf: 
INFO  flat.checker.VCPrf: Goal: (s ≠ "acb") ∧ (s ≠ "") ⇒ ((2 ≥ 0) && (2 < |s|))
INFO  flat.checker.VCPrf: Failed (time: 11.202517 ms)
INFO  flat.checker.VCPrf: 
INFO  flat.checker.VCPrf: Goal: (s ≠ "acb") ∧ (s ≠ "") ∧ (2 ≥ 0) ∧ (2 < |s|) ⇒ (s[2] = "b")
INFO  flat.checker.VCPrf: Failed (time: 27.986122 ms)
- [ERROR] Type Error: /benchmark/subjects/331.neg.1.py
7 |    assert len(s) == 3
  |           ^^^^^^^^^^^
  |           assertion may fail
- [ERROR] Type Error: /benchmark/subjects/331.neg.1.py
8 |    assert s[0] == "a"
  |           ^^^^^^^^^^^
  |           assertion may fail
- [ERROR] Type Error: /benchmark/subjects/331.neg.1.py
9 |    assert s[2] == "b"
  |             ^
  |             index may be out of bounds
- [ERROR] Type Error: /benchmark/subjects/331.neg.1.py
9 |    assert s[2] == "b"
  |           ^^^^^^^^^^^
  |           assertion may fail
