INFO  flat.Driver$: 
INFO  flat.Driver$: Checking: /benchmark/subjects/332.neg.1.py
INFO  flat.checker.VCPrf: 
INFO  flat.checker.VCPrf: Goal: (|s| > 0) ⇒ (|s| = 3)
INFO  flat.checker.VCPrf: Failed (time: 46.659246 ms)
INFO  flat.checker.VCPrf: 
INFO  flat.checker.VCPrf: Goal: (|s| > 0) ⇒ ((0 ≥ 0) && (0 < |s|))
INFO  flat.checker.VCPrf: Proved with SMT (time: 4.087241 ms)
INFO  flat.checker.VCPrf: 
INFO  flat.checker.VCPrf: Goal: (|s| > 0) ⇒ ((1 ≥ 0) && (1 < |s|))
INFO  flat.checker.VCPrf: Failed (time: 9.374114 ms)
INFO  flat.checker.VCPrf: 
INFO  flat.checker.VCPrf: Goal: (|s| > 0) ⇒ ((2 ≥ 0) && (2 < |s|))
INFO  flat.checker.VCPrf: Failed (time: 9.431753 ms)
INFO  flat.checker.VCPrf: 
INFO  flat.checker.VCPrf: Goal: (|s| > 0) ⇒ (s[0] = "a")
INFO  flat.checker.VCPrf: Failed (time: 19.684829 ms)
INFO  flat.checker.VCPrf: 
INFO  flat.checker.VCPrf: Goal: (|s| > 0) ⇒ (s[2] = "b")
INFO  flat.checker.VCPrf: Failed (time: 15.274108 ms)
- [ERROR] Type Error: /benchmark/subjects/332.neg.1.py
5 |    a,x,b = s
  |    ^^^^^^^^^
  |    assertion may fail
- [ERROR] Type Error: /benchmark/subjects/332.neg.1.py
5 |    a,x,b = s
  |      ^
  |      index may be out of bounds
- [ERROR] Type Error: /benchmark/subjects/332.neg.1.py
5 |    a,x,b = s
  |        ^
  |        index may be out of bounds
- [ERROR] Type Error: /benchmark/subjects/332.neg.1.py
6 |    assert a == "a"
  |           ^^^^^^^^
  |           assertion may fail
- [ERROR] Type Error: /benchmark/subjects/332.neg.1.py
7 |    assert b == "b"
  |           ^^^^^^^^
  |           assertion may fail
