INFO  flat.Driver$: 
INFO  flat.Driver$: Checking: /benchmark/subjects/333.neg.1.py
INFO  flat.checker.VCPrf: 
INFO  flat.checker.VCPrf: Goal: (|s| > 0) ⇒ ((0 ≥ 0) && (2 ≥ 0))
INFO  flat.checker.VCPrf: Proved with SMT (time: 23.002477 ms)
INFO  flat.checker.VCPrf: 
INFO  flat.checker.VCPrf: Goal: (|s| > 0) ⇒ (|s[0:2]| = 2)
INFO  flat.checker.VCPrf: Proved with lemmas (time: 36.941835 ms)
INFO  flat.checker.VCPrf: 
INFO  flat.checker.VCPrf: Goal: (|s| > 0) ⇒ ((0 ≥ 0) && (0 < |s[0:2]|))
INFO  flat.checker.VCPrf: Proved with SMT (time: 4.042897 ms)
INFO  flat.checker.VCPrf: 
INFO  flat.checker.VCPrf: Goal: (|s| > 0) ⇒ ((1 ≥ 0) && (1 < |s[0:2]|))
INFO  flat.checker.VCPrf: Proved with SMT + lemmas (time: 15.998598 ms)
INFO  flat.checker.VCPrf: 
INFO  flat.checker.VCPrf: Goal: (|s| > 0) ⇒ (s[0:2][0] = "a")
INFO  flat.checker.VCPrf: Failed (time: 22.384513 ms)
INFO  flat.checker.VCPrf: 
INFO  flat.checker.VCPrf: Goal: (|s| > 0) ∧ (|s| > 1) ⇒ ((1 ≥ 0) && (3 ≥ 0))
INFO  flat.checker.VCPrf: Proved with SMT (time: 3.405765 ms)
INFO  flat.checker.VCPrf: 
INFO  flat.checker.VCPrf: Goal: (|s| > 0) ∧ (|s| > 1) ⇒ (|s[1:3]| = 2)
INFO  flat.checker.VCPrf: Proved with lemmas (time: 15.986934 ms)
INFO  flat.checker.VCPrf: 
INFO  flat.checker.VCPrf: Goal: (|s| > 0) ∧ (|s| > 1) ⇒ ((0 ≥ 0) && (0 < |s[1:3]|))
INFO  flat.checker.VCPrf: Proved with SMT (time: 5.768588 ms)
INFO  flat.checker.VCPrf: 
INFO  flat.checker.VCPrf: Goal: (|s| > 0) ∧ (|s| > 1) ⇒ ((1 ≥ 0) && (1 < |s[1:3]|))
INFO  flat.checker.VCPrf: Proved with SMT + lemmas (time: 20.400664 ms)
INFO  flat.checker.VCPrf: 
INFO  flat.checker.VCPrf: Goal: (|s| > 0) ∧ (|s| > 1) ⇒ (s[1:3][1] = "b")
INFO  flat.checker.VCPrf: Failed (time: 20.847564 ms)
INFO  flat.checker.VCPrf: 
INFO  flat.checker.VCPrf: Goal: (|s| > 0) ∧ (|s| > 1) ∧ (|s| > 3) ⇒ false
INFO  flat.checker.VCPrf: Failed (time: 8.697307 ms)
INFO  flat.checker.VCPrf: 
INFO  flat.checker.VCPrf: Goal: (|s| > 0) ∧ (|s| ≤ 1) ∧ (|s| > 3) ⇒ false
INFO  flat.checker.VCPrf: Proved with SMT (time: 2.033754 ms)
INFO  flat.checker.VCPrf: 
INFO  flat.checker.VCPrf: Goal: (|s| ≤ 0) ∧ (|s| > 1) ⇒ ((1 ≥ 0) && (3 ≥ 0))
INFO  flat.checker.VCPrf: Proved with SMT (time: 2.765761 ms)
INFO  flat.checker.VCPrf: 
INFO  flat.checker.VCPrf: Goal: (|s| ≤ 0) ∧ (|s| > 1) ⇒ (|s[1:3]| = 2)
INFO  flat.checker.VCPrf: Proved with SMT (time: 2.076184 ms)
INFO  flat.checker.VCPrf: 
INFO  flat.checker.VCPrf: Goal: (|s| ≤ 0) ∧ (|s| > 1) ⇒ ((0 ≥ 0) && (0 < |s[1:3]|))
INFO  flat.checker.VCPrf: Proved with SMT (time: 3.460447 ms)
INFO  flat.checker.VCPrf: 
INFO  flat.checker.VCPrf: Goal: (|s| ≤ 0) ∧ (|s| > 1) ⇒ ((1 ≥ 0) && (1 < |s[1:3]|))
INFO  flat.checker.VCPrf: Proved with SMT (time: 3.736536 ms)
INFO  flat.checker.VCPrf: 
INFO  flat.checker.VCPrf: Goal: (|s| ≤ 0) ∧ (|s| > 1) ⇒ (s[1:3][1] = "b")
INFO  flat.checker.VCPrf: Proved with SMT (time: 3.084519 ms)
INFO  flat.checker.VCPrf: 
INFO  flat.checker.VCPrf: Goal: (|s| ≤ 0) ∧ (|s| > 1) ∧ (|s| > 3) ⇒ false
INFO  flat.checker.VCPrf: Proved with SMT (time: 1.932986 ms)
INFO  flat.checker.VCPrf: 
INFO  flat.checker.VCPrf: Goal: (|s| ≤ 0) ∧ (|s| ≤ 1) ∧ (|s| > 3) ⇒ false
INFO  flat.checker.VCPrf: Proved with SMT (time: 1.814976 ms)
- [ERROR] Type Error: /benchmark/subjects/333.neg.1.py
6 |    assert a == "a"
  |           ^^^^^^^^
  |           assertion may fail
- [ERROR] Type Error: /benchmark/subjects/333.neg.1.py
9 |    assert b == "b"
  |           ^^^^^^^^
  |           assertion may fail
-- [ERROR] Type Error: /benchmark/subjects/333.neg.1.py
11 |    raise Exception
   |    ^^^^^^^^^^^^^^^
   |    assertion may fail
