INFO  flat.Driver$: 
INFO  flat.Driver$: Checking: /benchmark/subjects/333.py
INFO  flat.checker.VCPrf: 
INFO  flat.checker.VCPrf: Goal: (|s| > 0) ⇒ ((0 ≥ 0) && (2 ≥ 0))
INFO  flat.checker.VCPrf: Proved with SMT (time: 23.483998 ms)
INFO  flat.checker.VCPrf: 
INFO  flat.checker.VCPrf: Goal: (|s| > 0) ⇒ (|s[0:2]| = 2)
INFO  flat.checker.VCPrf: Proved with lemmas (time: 37.183811 ms)
INFO  flat.checker.VCPrf: 
INFO  flat.checker.VCPrf: Goal: (|s| > 0) ⇒ ((0 ≥ 0) && (0 < |s[0:2]|))
INFO  flat.checker.VCPrf: Proved with SMT (time: 4.150354 ms)
INFO  flat.checker.VCPrf: 
INFO  flat.checker.VCPrf: Goal: (|s| > 0) ⇒ ((1 ≥ 0) && (1 < |s[0:2]|))
INFO  flat.checker.VCPrf: Proved with SMT + lemmas (time: 15.810934 ms)
INFO  flat.checker.VCPrf: 
INFO  flat.checker.VCPrf: Goal: (|s| > 0) ⇒ (s[0:2][0] = "a")
INFO  flat.checker.VCPrf: Proved with lemmas (time: 15.641334 ms)
INFO  flat.checker.VCPrf: 
INFO  flat.checker.VCPrf: Goal: (|s| > 0) ∧ (|s| > 1) ⇒ ((1 ≥ 0) && (3 ≥ 0))
INFO  flat.checker.VCPrf: Proved with SMT (time: 3.032332 ms)
INFO  flat.checker.VCPrf: 
INFO  flat.checker.VCPrf: Goal: (|s| > 0) ∧ (|s| > 1) ⇒ (|s[1:3]| = 2)
INFO  flat.checker.VCPrf: Proved with lemmas (time: 14.514526 ms)
INFO  flat.checker.VCPrf: 
INFO  flat.checker.VCPrf: Goal: (|s| > 0) ∧ (|s| > 1) ⇒ ((0 ≥ 0) && (0 < |s[1:3]|))
INFO  flat.checker.VCPrf: Proved with SMT (time: 5.311812 ms)
INFO  flat.checker.VCPrf: 
INFO  flat.checker.VCPrf: Goal: (|s| > 0) ∧ (|s| > 1) ⇒ ((1 ≥ 0) && (1 < |s[1:3]|))
INFO  flat.checker.VCPrf: Proved with SMT + lemmas (time: 18.013091 ms)
INFO  flat.checker.VCPrf: 
INFO  flat.checker.VCPrf: Goal: (|s| > 0) ∧ (|s| > 1) ⇒ (s[1:3][1] = "b")
INFO  flat.checker.VCPrf: Proved with lemmas (time: 13.684959 ms)
INFO  flat.checker.VCPrf: 
INFO  flat.checker.VCPrf: Goal: (|s| > 0) ∧ (|s| > 1) ∧ (|s| > 3) ⇒ false
INFO  flat.checker.VCPrf: Proved with lemmas (time: 3.085582 ms)
INFO  flat.checker.VCPrf: 
INFO  flat.checker.VCPrf: Goal: (|s| > 0) ∧ (|s| ≤ 1) ∧ (|s| > 3) ⇒ false
INFO  flat.checker.VCPrf: Proved with SMT (time: 2.00082 ms)
INFO  flat.checker.VCPrf: 
INFO  flat.checker.VCPrf: Goal: (|s| ≤ 0) ∧ (|s| > 1) ⇒ ((1 ≥ 0) && (3 ≥ 0))
INFO  flat.checker.VCPrf: Proved with SMT (time: 2.975432 ms)
INFO  flat.checker.VCPrf: 
INFO  flat.checker.VCPrf: Goal: (|s| ≤ 0) ∧ (|s| > 1) ⇒ (|s[1:3]| = 2)
INFO  flat.checker.VCPrf: Proved with SMT (time: 2.221161 ms)
INFO  flat.checker.VCPrf: 
INFO  flat.checker.VCPrf: Goal: (|s| ≤ 0) ∧ (|s| > 1) ⇒ ((0 ≥ 0) && (0 < |s[1:3]|))
INFO  flat.checker.VCPrf: Proved with SMT (time: 3.566139 ms)
INFO  flat.checker.VCPrf: 
INFO  flat.checker.VCPrf: Goal: (|s| ≤ 0) ∧ (|s| > 1) ⇒ ((1 ≥ 0) && (1 < |s[1:3]|))
INFO  flat.checker.VCPrf: Proved with SMT (time: 3.7005 ms)
INFO  flat.checker.VCPrf: 
INFO  flat.checker.VCPrf: Goal: (|s| ≤ 0) ∧ (|s| > 1) ⇒ (s[1:3][1] = "b")
INFO  flat.checker.VCPrf: Proved with SMT (time: 2.423596 ms)
INFO  flat.checker.VCPrf: 
INFO  flat.checker.VCPrf: Goal: (|s| ≤ 0) ∧ (|s| > 1) ∧ (|s| > 3) ⇒ false
INFO  flat.checker.VCPrf: Proved with SMT (time: 1.727728 ms)
INFO  flat.checker.VCPrf: 
INFO  flat.checker.VCPrf: Goal: (|s| ≤ 0) ∧ (|s| ≤ 1) ∧ (|s| > 3) ⇒ false
INFO  flat.checker.VCPrf: Proved with SMT (time: 1.843475 ms)
