INFO  flat.Driver$: 
INFO  flat.Driver$: Checking: /benchmark/subjects/351.pos.1.py
INFO  flat.checker.VCPrf: 
INFO  flat.checker.VCPrf: Goal:  ⇒ ((0 ≥ 0) && (0 < |s|))
INFO  flat.checker.VCPrf: Proved with SMT + lemmas (time: 42.795758 ms)
INFO  flat.checker.VCPrf: 
INFO  flat.checker.VCPrf: Goal: (0 ≥ 0) ∧ (0 < |s|) ⇒ (s[0] = "a")
INFO  flat.checker.VCPrf: Proved with lemmas (time: 14.921533 ms)
INFO  flat.checker.VCPrf: 
INFO  flat.checker.VCPrf: Goal:  ⇒ ((1 ≥ 0) && (1 < |s|))
INFO  flat.checker.VCPrf: Proved with SMT + lemmas (time: 8.228562 ms)
INFO  flat.checker.VCPrf: 
INFO  flat.checker.VCPrf: Goal: ((s[1] ≠ "b") || (|s| ≠ 2)) ∧ (1 ≥ 0) ∧ (1 < |s|) ⇒ ((2 ≥ 0) && (2 < |s|))
INFO  flat.checker.VCPrf: Proved with SMT + lemmas (time: 38.947645 ms)
INFO  flat.checker.VCPrf: 
INFO  flat.checker.VCPrf: Goal: ((s[1] ≠ "b") || (|s| ≠ 2)) ∧ (1 ≥ 0) ∧ (1 < |s|) ∧ (2 ≥ 0) ∧ (2 < |s|) ⇒ (s[2] = "b")
INFO  flat.checker.VCPrf: Proved with lemmas (time: 23.829098 ms)
INFO  flat.checker.VCPrf: 
INFO  flat.checker.VCPrf: Goal: ((s[1] ≠ "b") || (|s| ≠ 2)) ∧ (1 ≥ 0) ∧ (1 < |s|) ⇒ (|s| = 3)
INFO  flat.checker.VCPrf: Proved with SMT + lemmas (time: 40.944046 ms)
