INFO  flat.Driver$: 
INFO  flat.Driver$: Checking: /benchmark/subjects/351.py
INFO  flat.checker.VCPrf: 
INFO  flat.checker.VCPrf: Goal:  ⇒ ((0 ≥ 0) && (0 < |s|))
INFO  flat.checker.VCPrf: Proved with SMT + lemmas (time: 44.298502 ms)
INFO  flat.checker.VCPrf: 
INFO  flat.checker.VCPrf: Goal: (0 ≥ 0) ∧ (0 < |s|) ⇒ (s[0] = "a")
INFO  flat.checker.VCPrf: Proved with lemmas (time: 14.84626 ms)
INFO  flat.checker.VCPrf: 
INFO  flat.checker.VCPrf: Goal:  ⇒ ((1 ≥ 0) && (1 < |s|))
INFO  flat.checker.VCPrf: Proved with SMT + lemmas (time: 7.61126 ms)
INFO  flat.checker.VCPrf: 
INFO  flat.checker.VCPrf: Goal: ((s[1] ≠ "b") || (|s| ≠ 2)) ∧ (1 ≥ 0) ∧ (1 < |s|) ⇒ ((2 ≥ 0) && (2 < |s|))
INFO  flat.checker.VCPrf: Proved with SMT + lemmas (time: 39.647258 ms)
INFO  flat.checker.VCPrf: 
INFO  flat.checker.VCPrf: Goal: ((s[1] ≠ "b") || (|s| ≠ 2)) ∧ (1 ≥ 0) ∧ (1 < |s|) ∧ (2 ≥ 0) ∧ (2 < |s|) ⇒ (s[2] = "b")
INFO  flat.checker.VCPrf: Proved with lemmas (time: 23.953811 ms)
INFO  flat.checker.VCPrf: 
INFO  flat.checker.VCPrf: Goal: ((s[1] ≠ "b") || (|s| ≠ 2)) ∧ (1 ≥ 0) ∧ (1 < |s|) ⇒ (|s| = 3)
INFO  flat.checker.VCPrf: Proved with SMT + lemmas (time: 40.320546 ms)
