INFO  flat.Driver$: 
INFO  flat.Driver$: Checking: /benchmark/subjects/352.pos.1.py
INFO  flat.checker.VCPrf: 
INFO  flat.checker.VCPrf: Goal: (|s| = 2) ⇒ (|s| = 2)
INFO  flat.checker.VCPrf: Proved trivial (time: 0.438914 ms)
INFO  flat.checker.VCPrf: 
INFO  flat.checker.VCPrf: Goal: (|s| = 2) ⇒ ((0 ≥ 0) && (0 < |s|))
INFO  flat.checker.VCPrf: Proved with SMT (time: 22.105242 ms)
INFO  flat.checker.VCPrf: 
INFO  flat.checker.VCPrf: Goal: (|s| = 2) ⇒ ((1 ≥ 0) && (1 < |s|))
INFO  flat.checker.VCPrf: Proved with SMT (time: 3.248958 ms)
INFO  flat.checker.VCPrf: 
INFO  flat.checker.VCPrf: Goal: (|s| = 2) ∧ (|s| = 3) ⇒ (|s| = 3)
INFO  flat.checker.VCPrf: Proved trivial (time: 0.011585 ms)
INFO  flat.checker.VCPrf: 
INFO  flat.checker.VCPrf: Goal: (|s| = 2) ∧ (|s| = 3) ⇒ ((0 ≥ 0) && (0 < |s|))
INFO  flat.checker.VCPrf: Proved with SMT (time: 3.132586 ms)
INFO  flat.checker.VCPrf: 
INFO  flat.checker.VCPrf: Goal: (|s| = 2) ∧ (|s| = 3) ⇒ ((1 ≥ 0) && (1 < |s|))
INFO  flat.checker.VCPrf: Proved with SMT (time: 3.33721 ms)
INFO  flat.checker.VCPrf: 
INFO  flat.checker.VCPrf: Goal: (|s| = 2) ∧ (|s| = 3) ⇒ ((2 ≥ 0) && (2 < |s|))
INFO  flat.checker.VCPrf: Proved with SMT (time: 3.075085 ms)
INFO  flat.checker.VCPrf: 
INFO  flat.checker.VCPrf: Goal: (|s| = 2) ∧ (|s| = 3) ⇒ (s[0] = "a")
INFO  flat.checker.VCPrf: Proved with SMT (time: 1.864616 ms)
INFO  flat.checker.VCPrf: 
INFO  flat.checker.VCPrf: Goal: (|s| = 2) ∧ (|s| = 3) ⇒ (s[2] = "b")
INFO  flat.checker.VCPrf: Proved with SMT (time: 1.748509 ms)
INFO  flat.checker.VCPrf: 
INFO  flat.checker.VCPrf: Goal: (|s| = 2) ∧ (|s| ≠ 3) ⇒ (s[0] = "a")
INFO  flat.checker.VCPrf: Proved with lemmas (time: 34.252732 ms)
INFO  flat.checker.VCPrf: 
INFO  flat.checker.VCPrf: Goal: (|s| = 2) ∧ (|s| ≠ 3) ⇒ (s[1] = "b")
INFO  flat.checker.VCPrf: Proved with lemmas (time: 13.121832 ms)
INFO  flat.checker.VCPrf: 
INFO  flat.checker.VCPrf: Goal: (|s| ≠ 2) ∧ (|s| = 3) ⇒ (|s| = 3)
INFO  flat.checker.VCPrf: Proved trivial (time: 0.007847 ms)
INFO  flat.checker.VCPrf: 
INFO  flat.checker.VCPrf: Goal: (|s| ≠ 2) ∧ (|s| = 3) ⇒ ((0 ≥ 0) && (0 < |s|))
INFO  flat.checker.VCPrf: Proved with SMT (time: 2.979792 ms)
INFO  flat.checker.VCPrf: 
INFO  flat.checker.VCPrf: Goal: (|s| ≠ 2) ∧ (|s| = 3) ⇒ ((1 ≥ 0) && (1 < |s|))
INFO  flat.checker.VCPrf: Proved with SMT (time: 2.822324 ms)
INFO  flat.checker.VCPrf: 
INFO  flat.checker.VCPrf: Goal: (|s| ≠ 2) ∧ (|s| = 3) ⇒ ((2 ≥ 0) && (2 < |s|))
INFO  flat.checker.VCPrf: Proved with SMT (time: 2.80057 ms)
INFO  flat.checker.VCPrf: 
INFO  flat.checker.VCPrf: Goal: (|s| ≠ 2) ∧ (|s| = 3) ⇒ (s[0] = "a")
INFO  flat.checker.VCPrf: Proved with lemmas (time: 10.763555 ms)
INFO  flat.checker.VCPrf: 
INFO  flat.checker.VCPrf: Goal: (|s| ≠ 2) ∧ (|s| = 3) ⇒ (s[2] = "b")
INFO  flat.checker.VCPrf: Proved with lemmas (time: 12.653489 ms)
INFO  flat.checker.VCPrf: 
INFO  flat.checker.VCPrf: Goal: (|s| ≠ 2) ∧ (|s| ≠ 3) ⇒ ("" = "a")
INFO  flat.checker.VCPrf: Proved with SMT + lemmas (time: 7.615783 ms)
INFO  flat.checker.VCPrf: 
INFO  flat.checker.VCPrf: Goal: (|s| ≠ 2) ∧ (|s| ≠ 3) ⇒ ("" = "b")
INFO  flat.checker.VCPrf: Proved with SMT + lemmas (time: 7.264225 ms)
