INFO  flat.Driver$: 
INFO  flat.Driver$: Checking: /benchmark/subjects/360.neg.1.py
INFO  flat.checker.VCPrf: 
INFO  flat.checker.VCPrf: Goal:  ⇒ ((0 ≥ 0) && (0 < |s|))
INFO  flat.checker.VCPrf: Failed (time: 36.851026 ms)
INFO  flat.checker.VCPrf: 
INFO  flat.checker.VCPrf: Goal: (0 ≥ 0) ∧ (0 < |s|) ⇒ (s[0] = "a")
INFO  flat.checker.VCPrf: Failed (time: 19.445955 ms)
INFO  flat.checker.VCPrf: 
INFO  flat.checker.VCPrf: Goal:  ⇒ (((|s| - 1) ≥ 0) && ((|s| - 1) < |s|))
INFO  flat.checker.VCPrf: Failed (time: 4.891441 ms)
INFO  flat.checker.VCPrf: 
INFO  flat.checker.VCPrf: Goal: ((|s| - 1) ≥ 0) ∧ ((|s| - 1) < |s|) ⇒ (s[(|s| - 1)] = "b")
INFO  flat.checker.VCPrf: Failed (time: 11.602 ms)
- [ERROR] Type Error: /benchmark/subjects/360.neg.1.py
4 |  assert s[0] == "a"
  |           ^
  |           index may be out of bounds
- [ERROR] Type Error: /benchmark/subjects/360.neg.1.py
4 |  assert s[0] == "a"
  |         ^^^^^^^^^^^
  |         assertion may fail
- [ERROR] Type Error: /benchmark/subjects/360.neg.1.py
5 |  assert s[len(s)-1] == "b"
  |           ^^^^^^^^
  |           index may be out of bounds
- [ERROR] Type Error: /benchmark/subjects/360.neg.1.py
5 |  assert s[len(s)-1] == "b"
  |         ^^^^^^^^^^^^^^^^^^
  |         assertion may fail
