INFO  flat.Driver$: 
INFO  flat.Driver$: Checking: /benchmark/subjects/400.neg.1.py
INFO  flat.checker.VCPrf: 
INFO  flat.checker.VCPrf: Goal:  ⇒ ((0 ≤ 0) && (0 ≤ |s|))
INFO  flat.checker.VCPrf: Proved with SMT (time: 23.389607 ms)
INFO  flat.checker.VCPrf: 
INFO  flat.checker.VCPrf: Goal:  ⇒ (if (!s.contains("a")) then (0 = 0) else true)
INFO  flat.checker.VCPrf: Proved with SMT (time: 5.758907 ms)
INFO  flat.checker.VCPrf: 
INFO  flat.checker.VCPrf: Goal: (i₂ < |s|) ∧ (0 ≤ i₂) ∧ (i₂ ≤ |s|) ∧ (if (!s.contains("a")) then (i₂ = 0) else true) ⇒ ((i₂ ≥ 0) && (i₂ < |s|))
INFO  flat.checker.VCPrf: Proved with SMT (time: 2.662532 ms)
INFO  flat.checker.VCPrf: 
INFO  flat.checker.VCPrf: Goal: (i₂ < |s|) ∧ (0 ≤ i₂) ∧ (i₂ ≤ |s|) ∧ (if (!s.contains("a")) then (i₂ = 0) else true) ∧ (s[i₂] ≠ "a") ∧ (i₂ ≥ 0) ∧ (i₂ < |s|) ⇒ ((0 ≤ i₂) && (i₂ ≤ |s|))
INFO  flat.checker.VCPrf: Proved trivial (time: 0.028334 ms)
INFO  flat.checker.VCPrf: 
INFO  flat.checker.VCPrf: Goal: (i₂ < |s|) ∧ (0 ≤ i₂) ∧ (i₂ ≤ |s|) ∧ (if (!s.contains("a")) then (i₂ = 0) else true) ∧ (s[i₂] ≠ "a") ∧ (i₂ ≥ 0) ∧ (i₂ < |s|) ⇒ (if (!s.contains("a")) then (i₂ = 0) else true)
INFO  flat.checker.VCPrf: Proved trivial (time: 0.008786 ms)
INFO  flat.checker.VCPrf: 
INFO  flat.checker.VCPrf: Goal: (i₂ < |s|) ∧ (0 ≤ i₂) ∧ (i₂ ≤ |s|) ∧ (if (!s.contains("a")) then (i₂ = 0) else true) ∧ (s[i₂] = "a") ∧ (i₂ ≥ 0) ∧ (i₂ < |s|) ⇒ ((0 ≤ (i₂ + 1)) && ((i₂ + 1) ≤ |s|))
INFO  flat.checker.VCPrf: Proved with SMT (time: 5.866099 ms)
INFO  flat.checker.VCPrf: 
INFO  flat.checker.VCPrf: Goal: (i₂ < |s|) ∧ (0 ≤ i₂) ∧ (i₂ ≤ |s|) ∧ (if (!s.contains("a")) then (i₂ = 0) else true) ∧ (s[i₂] = "a") ∧ (i₂ ≥ 0) ∧ (i₂ < |s|) ⇒ (if (!s.contains("a")) then ((i₂ + 1) = 0) else true)
INFO  flat.checker.VCPrf: Proved with SMT (time: 5.685029 ms)
INFO  flat.checker.VCPrf: 
INFO  flat.checker.VCPrf: Goal: ((i₂ ≥ |s|) || ((s[i₂] ≠ "a") && ((i₂ ≥ 0) && (i₂ < |s|)))) ∧ (0 ≤ i₂) ∧ (i₂ ≤ |s|) ∧ (if (!s.contains("a")) then (i₂ = 0) else true) ∧ (i₂ = 0) ⇒ ((0 ≤ i₂) && (i₂ ≤ |s|))
INFO  flat.checker.VCPrf: Proved trivial (time: 0.048699 ms)
INFO  flat.checker.VCPrf: 
INFO  flat.checker.VCPrf: Goal: ((i₂ ≥ |s|) || ((s[i₂] ≠ "a") && ((i₂ ≥ 0) && (i₂ < |s|)))) ∧ (0 ≤ i₂) ∧ (i₂ ≤ |s|) ∧ (if (!s.contains("a")) then (i₂ = 0) else true) ∧ (i₂ = 0) ∧ (i₁ < |s|) ∧ (0 ≤ i₁) ∧ (i₁ ≤ |s|) ⇒ ((i₁ ≥ 0) && (i₁ < |s|))
INFO  flat.checker.VCPrf: Proved with SMT (time: 2.779771 ms)
INFO  flat.checker.VCPrf: 
INFO  flat.checker.VCPrf: Goal: ((i₂ ≥ |s|) || ((s[i₂] ≠ "a") && ((i₂ ≥ 0) && (i₂ < |s|)))) ∧ (0 ≤ i₂) ∧ (i₂ ≤ |s|) ∧ (if (!s.contains("a")) then (i₂ = 0) else true) ∧ (i₂ = 0) ∧ (i₁ < |s|) ∧ (0 ≤ i₁) ∧ (i₁ ≤ |s|) ∧ (s[i₁] ≠ "b") ∧ (i₁ ≥ 0) ∧ (i₁ < |s|) ⇒ ((0 ≤ i₁) && (i₁ ≤ |s|))
INFO  flat.checker.VCPrf: Proved trivial (time: 0.032147 ms)
INFO  flat.checker.VCPrf: 
INFO  flat.checker.VCPrf: Goal: ((i₂ ≥ |s|) || ((s[i₂] ≠ "a") && ((i₂ ≥ 0) && (i₂ < |s|)))) ∧ (0 ≤ i₂) ∧ (i₂ ≤ |s|) ∧ (if (!s.contains("a")) then (i₂ = 0) else true) ∧ (i₂ = 0) ∧ (i₁ < |s|) ∧ (0 ≤ i₁) ∧ (i₁ ≤ |s|) ∧ (s[i₁] = "b") ∧ (i₁ ≥ 0) ∧ (i₁ < |s|) ⇒ ((0 ≤ (i₁ + 1)) && ((i₁ + 1) ≤ |s|))
INFO  flat.checker.VCPrf: Proved with SMT (time: 7.513522 ms)
INFO  flat.checker.VCPrf: 
INFO  flat.checker.VCPrf: Goal: ((i₂ ≥ |s|) || ((s[i₂] ≠ "a") && ((i₂ ≥ 0) && (i₂ < |s|)))) ∧ (0 ≤ i₂) ∧ (i₂ ≤ |s|) ∧ (if (!s.contains("a")) then (i₂ = 0) else true) ∧ (i₂ = 0) ∧ ((i₁ ≥ |s|) || ((s[i₁] ≠ "b") && ((i₁ ≥ 0) && (i₁ < |s|)))) ∧ (0 ≤ i₁) ∧ (i₁ ≤ |s|) ⇒ (i₁ = |s|)
java.lang.IllegalArgumentException: requirement failed: multiple EQ: List(IndexAt(s,L,0), IndexAt(s,L,0))
	at scala.Predef$.require(Predef.scala:337)
	at flat.checker.IndexSolver.inferIndexVar(IndexSolver.scala:51)
	at flat.checker.IndexSolver.solve(IndexSolver.scala:24)
	at flat.checker.Refiner$.refineByCharAt$$anonfun$1(Refiner.scala:65)
	at scala.Option.orElse(Option.scala:477)
	at flat.checker.Refiner$.refineByCharAt(Refiner.scala:73)
	at flat.checker.Refiner$.refine$$anonfun$5(Refiner.scala:33)
	at scala.Option.flatMap(Option.scala:283)
	at flat.checker.Refiner$.refine(Refiner.scala:32)
	at flat.checker.Refiner$.refine$$anonfun$1(Refiner.scala:20)
	at scala.runtime.function.JProcedure1.apply(JProcedure1.java:15)
	at scala.runtime.function.JProcedure1.apply(JProcedure1.java:10)
	at scala.collection.immutable.List.foreach(List.scala:334)
	at flat.checker.PrfCtx.foreach(PrfCtx.scala:24)
	at flat.checker.Refiner$.refine(Refiner.scala:20)
	at flat.checker.Prover.processProp(Prover.scala:92)
	at flat.checker.Prover.processAtomic(Prover.scala:29)
	at flat.checker.Prover.processAtomic(Prover.scala:36)
	at flat.checker.Prover.$anonfun$1(Prover.scala:37)
	at scala.util.Either.flatMap(Either.scala:360)
	at flat.checker.Prover.processAtomic(Prover.scala:36)
	at flat.checker.Prover.process(Prover.scala:23)
	at flat.checker.VCPrf.$anonfun$2(VCPrf.scala:53)
	at flat.util$.time(util.scala:35)
	at flat.checker.VCPrf.proveSubGoal(VCPrf.scala:53)
	at flat.checker.VCPrf.proveSubGoal$(VCPrf.scala:9)
	at flat.checker.Prover.proveSubGoal(Prover.scala:6)
	at flat.checker.VCPrf.prove(VCPrf.scala:21)
	at flat.checker.VCPrf.prove$(VCPrf.scala:9)
	at flat.checker.Prover.prove(Prover.scala:6)
	at flat.checker.VCPrf.prove(VCPrf.scala:23)
	at flat.checker.VCPrf.prove$(VCPrf.scala:9)
	at flat.checker.Prover.prove(Prover.scala:6)
	at flat.checker.VCPrf.prove(VCPrf.scala:23)
	at flat.checker.VCPrf.prove$(VCPrf.scala:9)
	at flat.checker.Prover.prove(Prover.scala:6)
	at flat.checker.VCPrf.prove(VCPrf.scala:22)
	at flat.checker.VCPrf.prove$(VCPrf.scala:9)
	at flat.checker.Prover.prove(Prover.scala:6)
	at flat.checker.VCPrf.prove(VCPrf.scala:22)
	at flat.checker.VCPrf.prove$(VCPrf.scala:9)
	at flat.checker.Prover.prove(Prover.scala:6)
	at flat.checker.VCPrf.prove(VCPrf.scala:23)
	at flat.checker.VCPrf.prove$(VCPrf.scala:9)
	at flat.checker.Prover.prove(Prover.scala:6)
	at flat.checker.VCPrf.prove(VCPrf.scala:22)
	at flat.checker.VCPrf.prove$(VCPrf.scala:9)
	at flat.checker.Prover.prove(Prover.scala:6)
	at flat.checker.VCPrf.prove(VCPrf.scala:23)
	at flat.checker.VCPrf.prove$(VCPrf.scala:9)
	at flat.checker.Prover.prove(Prover.scala:6)
	at flat.checker.VCPrf.prove(VCPrf.scala:23)
	at flat.checker.VCPrf.prove$(VCPrf.scala:9)
	at flat.checker.Prover.prove(Prover.scala:6)
	at flat.checker.VCPrf.prove(VCPrf.scala:23)
	at flat.checker.VCPrf.prove$(VCPrf.scala:9)
	at flat.checker.Prover.prove(Prover.scala:6)
	at flat.checker.VCPrf.prove(VCPrf.scala:22)
	at flat.checker.VCPrf.prove$(VCPrf.scala:9)
	at flat.checker.Prover.prove(Prover.scala:6)
	at flat.checker.VCPrf.prove(VCPrf.scala:22)
	at flat.checker.VCPrf.prove$(VCPrf.scala:9)
	at flat.checker.Prover.prove(Prover.scala:6)
	at flat.Driver$.checkPython$$anonfun$1(Driver.scala:65)
	at scala.runtime.function.JProcedure1.apply(JProcedure1.java:15)
	at scala.runtime.function.JProcedure1.apply(JProcedure1.java:10)
	at scala.collection.immutable.List.foreach(List.scala:334)
	at flat.Driver$.checkPython(Driver.scala:58)
	at flat.Driver$.tryCheckPython(Driver.scala:40)
	at flat.Driver$.run$$anonfun$2(Driver.scala:32)
	at scala.runtime.function.JProcedure1.apply(JProcedure1.java:15)
	at scala.runtime.function.JProcedure1.apply(JProcedure1.java:10)
	at scala.collection.immutable.List.foreach(List.scala:334)
	at flat.Driver$.run(Driver.scala:29)
	at flat.CLI$.main(CLI.scala:48)
	at flat.CLI.main(CLI.scala)
