INFO  flat.Driver$: 
INFO  flat.Driver$: Checking: /benchmark/subjects/400.pos.1.py
INFO  flat.checker.VCPrf: 
INFO  flat.checker.VCPrf: Goal:  ⇒ ((0 ≤ 0) && (0 ≤ |s|))
INFO  flat.checker.VCPrf: Proved with SMT (time: 23.227324 ms)
INFO  flat.checker.VCPrf: 
INFO  flat.checker.VCPrf: Goal:  ⇒ (if (!s.contains("a")) then (0 = 0) else true)
INFO  flat.checker.VCPrf: Proved with SMT (time: 5.842106 ms)
INFO  flat.checker.VCPrf: 
INFO  flat.checker.VCPrf: Goal: (i₂ < |s|) ∧ (0 ≤ i₂) ∧ (i₂ ≤ |s|) ∧ (if (!s.contains("a")) then (i₂ = 0) else true) ⇒ ((i₂ ≥ 0) && (i₂ < |s|))
INFO  flat.checker.VCPrf: Proved with SMT (time: 3.602347 ms)
INFO  flat.checker.VCPrf: 
INFO  flat.checker.VCPrf: Goal: (i₂ < |s|) ∧ (0 ≤ i₂) ∧ (i₂ ≤ |s|) ∧ (if (!s.contains("a")) then (i₂ = 0) else true) ∧ (s[i₂] ≠ "a") ∧ (i₂ ≥ 0) ∧ (i₂ < |s|) ⇒ ((0 ≤ i₂) && (i₂ ≤ |s|))
INFO  flat.checker.VCPrf: Proved trivial (time: 0.03347 ms)
INFO  flat.checker.VCPrf: 
INFO  flat.checker.VCPrf: Goal: (i₂ < |s|) ∧ (0 ≤ i₂) ∧ (i₂ ≤ |s|) ∧ (if (!s.contains("a")) then (i₂ = 0) else true) ∧ (s[i₂] ≠ "a") ∧ (i₂ ≥ 0) ∧ (i₂ < |s|) ⇒ (if (!s.contains("a")) then (i₂ = 0) else true)
INFO  flat.checker.VCPrf: Proved trivial (time: 0.009213 ms)
INFO  flat.checker.VCPrf: 
INFO  flat.checker.VCPrf: Goal: (i₂ < |s|) ∧ (0 ≤ i₂) ∧ (i₂ ≤ |s|) ∧ (if (!s.contains("a")) then (i₂ = 0) else true) ∧ (s[i₂] = "a") ∧ (i₂ ≥ 0) ∧ (i₂ < |s|) ⇒ ((0 ≤ (i₂ + 1)) && ((i₂ + 1) ≤ |s|))
INFO  flat.checker.VCPrf: Proved with SMT (time: 5.299374 ms)
INFO  flat.checker.VCPrf: 
INFO  flat.checker.VCPrf: Goal: (i₂ < |s|) ∧ (0 ≤ i₂) ∧ (i₂ ≤ |s|) ∧ (if (!s.contains("a")) then (i₂ = 0) else true) ∧ (s[i₂] = "a") ∧ (i₂ ≥ 0) ∧ (i₂ < |s|) ⇒ (if (!s.contains("a")) then ((i₂ + 1) = 0) else true)
INFO  flat.checker.VCPrf: Proved with SMT (time: 6.852263 ms)
INFO  flat.checker.VCPrf: 
INFO  flat.checker.VCPrf: Goal: ((i₂ ≥ |s|) || ((s[i₂] ≠ "a") && ((i₂ ≥ 0) && (i₂ < |s|)))) ∧ (0 ≤ i₂) ∧ (i₂ ≤ |s|) ∧ (if (!s.contains("a")) then (i₂ = 0) else true) ∧ (i₂ = 0) ⇒ ((0 ≤ i₂) && (i₂ ≤ |s|))
INFO  flat.checker.VCPrf: Proved trivial (time: 0.047914 ms)
INFO  flat.checker.VCPrf: 
INFO  flat.checker.VCPrf: Goal: ((i₂ ≥ |s|) || ((s[i₂] ≠ "a") && ((i₂ ≥ 0) && (i₂ < |s|)))) ∧ (0 ≤ i₂) ∧ (i₂ ≤ |s|) ∧ (if (!s.contains("a")) then (i₂ = 0) else true) ∧ (i₂ = 0) ∧ (i₁ < |s|) ∧ (0 ≤ i₁) ∧ (i₁ ≤ |s|) ⇒ ((i₁ ≥ 0) && (i₁ < |s|))
INFO  flat.checker.VCPrf: Proved with SMT (time: 3.504162 ms)
INFO  flat.checker.VCPrf: 
INFO  flat.checker.VCPrf: Goal: ((i₂ ≥ |s|) || ((s[i₂] ≠ "a") && ((i₂ ≥ 0) && (i₂ < |s|)))) ∧ (0 ≤ i₂) ∧ (i₂ ≤ |s|) ∧ (if (!s.contains("a")) then (i₂ = 0) else true) ∧ (i₂ = 0) ∧ (i₁ < |s|) ∧ (0 ≤ i₁) ∧ (i₁ ≤ |s|) ∧ (s[i₁] ≠ "b") ∧ (i₁ ≥ 0) ∧ (i₁ < |s|) ⇒ ((0 ≤ i₁) && (i₁ ≤ |s|))
INFO  flat.checker.VCPrf: Proved trivial (time: 0.037086 ms)
INFO  flat.checker.VCPrf: 
INFO  flat.checker.VCPrf: Goal: ((i₂ ≥ |s|) || ((s[i₂] ≠ "a") && ((i₂ ≥ 0) && (i₂ < |s|)))) ∧ (0 ≤ i₂) ∧ (i₂ ≤ |s|) ∧ (if (!s.contains("a")) then (i₂ = 0) else true) ∧ (i₂ = 0) ∧ (i₁ < |s|) ∧ (0 ≤ i₁) ∧ (i₁ ≤ |s|) ∧ (s[i₁] = "b") ∧ (i₁ ≥ 0) ∧ (i₁ < |s|) ⇒ ((0 ≤ (i₁ + 1)) && ((i₁ + 1) ≤ |s|))
INFO  flat.checker.VCPrf: Proved with SMT (time: 8.703244 ms)
INFO  flat.checker.VCPrf: 
INFO  flat.checker.VCPrf: Goal: ((i₂ ≥ |s|) || ((s[i₂] ≠ "a") && ((i₂ ≥ 0) && (i₂ < |s|)))) ∧ (0 ≤ i₂) ∧ (i₂ ≤ |s|) ∧ (if (!s.contains("a")) then (i₂ = 0) else true) ∧ (i₂ = 0) ∧ ((i₁ ≥ |s|) || ((s[i₁] ≠ "b") && ((i₁ ≥ 0) && (i₁ < |s|)))) ∧ (0 ≤ i₁) ∧ (i₁ ≤ |s|) ⇒ (i₁ = |s|)
INFO  flat.checker.VCPrf: Proved with SMT + lemmas (time: 108.157541 ms)
INFO  flat.checker.VCPrf: 
INFO  flat.checker.VCPrf: Goal: ((i₂ ≥ |s|) || ((s[i₂] ≠ "a") && ((i₂ ≥ 0) && (i₂ < |s|)))) ∧ (0 ≤ i₂) ∧ (i₂ ≤ |s|) ∧ (if (!s.contains("a")) then (i₂ = 0) else true) ∧ (i₂ ≠ 0) ⇒ (i₂ = |s|)
INFO  flat.checker.VCPrf: Proved with SMT + lemmas (time: 64.789563 ms)
