INFO  flat.Driver$: 
INFO  flat.Driver$: Checking: /benchmark/subjects/410.neg.1.py
INFO  flat.checker.VCPrf: 
INFO  flat.checker.VCPrf: Goal:  ⇒ ((0 ≥ 0) && (0 ≤ |s|))
INFO  flat.checker.VCPrf: Proved with SMT (time: 21.806856 ms)
INFO  flat.checker.VCPrf: 
INFO  flat.checker.VCPrf: Goal: (i₁ < |s|) ∧ (i₁ ≥ 0) ∧ (i₁ ≤ |s|) ⇒ ((i₁ ≥ 0) && (i₁ < |s|))
INFO  flat.checker.VCPrf: Proved trivial (time: 0.258179 ms)
INFO  flat.checker.VCPrf: 
INFO  flat.checker.VCPrf: Goal: (i₁ < |s|) ∧ (i₁ ≥ 0) ∧ (i₁ ≤ |s|) ⇒ ((i₁ ≥ 0) && (i₁ < |s|))
INFO  flat.checker.VCPrf: Proved trivial (time: 0.031492 ms)
INFO  flat.checker.VCPrf: 
INFO  flat.checker.VCPrf: Goal: (i₁ < |s|) ∧ (i₁ ≥ 0) ∧ (i₁ ≤ |s|) ∧ (i₁ ≥ 0) ∧ (i₁ < |s|) ∧ (i₁ ≥ 0) ∧ (i₁ < |s|) ⇒ ((s[i₁] = "a") || (s[i₁] = "b"))
INFO  flat.checker.VCPrf: Failed (time: 66.888335 ms)
INFO  flat.checker.VCPrf: 
INFO  flat.checker.VCPrf: Goal: (i₁ < |s|) ∧ (i₁ ≥ 0) ∧ (i₁ ≤ |s|) ⇒ (((i₁ + 1) ≥ 0) && ((i₁ + 1) ≤ |s|))
INFO  flat.checker.VCPrf: Proved with SMT (time: 4.183779 ms)
- [ERROR] Type Error: /benchmark/subjects/410.neg.1.py
6 |    assert s[i] == "a" or s[i] == "b"
  |           ^^^^^^^^^^^^^^^^^^^^^^^^^^
  |           assertion may fail
