INFO  flat.Driver$: 
INFO  flat.Driver$: Checking: /benchmark/subjects/411.neg.1.py
INFO  flat.checker.VCPrf: 
INFO  flat.checker.VCPrf: Goal:  ⇒ ((0 ≤ 0) && (0 ≤ |s|))
INFO  flat.checker.VCPrf: Proved with SMT (time: 23.43656 ms)
INFO  flat.checker.VCPrf: 
INFO  flat.checker.VCPrf: Goal: (i₁ < |s|) ∧ (0 ≤ i₁) ∧ (i₁ ≤ |s|) ⇒ ((i₁ ≥ 0) && (i₁ < |s|))
INFO  flat.checker.VCPrf: Proved with SMT (time: 2.164754 ms)
INFO  flat.checker.VCPrf: 
INFO  flat.checker.VCPrf: Goal: (i₁ < |s|) ∧ (0 ≤ i₁) ∧ (i₁ ≤ |s|) ∧ (s[i₁] = "a") ∧ (i₁ ≥ 0) ∧ (i₁ < |s|) ⇒ ((0 ≤ (i₁ + 1)) && ((i₁ + 1) ≤ |s|))
INFO  flat.checker.VCPrf: Proved with SMT (time: 5.737226 ms)
INFO  flat.checker.VCPrf: 
INFO  flat.checker.VCPrf: Goal: (i₁ < |s|) ∧ (0 ≤ i₁) ∧ (i₁ ≤ |s|) ∧ (s[i₁] ≠ "a") ∧ (i₁ ≥ 0) ∧ (i₁ < |s|) ∧ (0 < (|s| - i₁)) ⇒ (((i₁ + 0) ≥ 0) && ((i₁ + 0) < |s|))
INFO  flat.checker.VCPrf: Proved with SMT (time: 4.274952 ms)
INFO  flat.checker.VCPrf: 
INFO  flat.checker.VCPrf: Goal: (i₁ < |s|) ∧ (0 ≤ i₁) ∧ (i₁ ≤ |s|) ∧ (s[i₁] ≠ "a") ∧ (i₁ ≥ 0) ∧ (i₁ < |s|) ∧ (0 < (|s| - i₁)) ∧ (s[(i₁ + 0)] = "b") ∧ ((i₁ + 0) ≥ 0) ∧ ((i₁ + 0) < |s|) ⇒ ((0 ≤ i₁) && (i₁ ≤ |s|))
INFO  flat.checker.VCPrf: Proved trivial (time: 0.027342 ms)
INFO  flat.checker.VCPrf: 
INFO  flat.checker.VCPrf: Goal: (i₁ < |s|) ∧ (0 ≤ i₁) ∧ (i₁ ≤ |s|) ∧ (s[i₁] ≠ "a") ∧ (i₁ ≥ 0) ∧ (i₁ < |s|) ∧ (0 < (|s| - i₁)) ∧ (s[(i₁ + 0)] ≠ "b") ∧ ((i₁ + 0) ≥ 0) ∧ ((i₁ + 0) < |s|) ⇒ ((0 ≤ i₁) && (i₁ ≤ |s|))
INFO  flat.checker.VCPrf: Proved trivial (time: 0.023719 ms)
INFO  flat.checker.VCPrf: 
INFO  flat.checker.VCPrf: Goal: (i₁ < |s|) ∧ (0 ≤ i₁) ∧ (i₁ ≤ |s|) ∧ (s[i₁] ≠ "a") ∧ (i₁ ≥ 0) ∧ (i₁ < |s|) ∧ (0 ≥ (|s| - i₁)) ⇒ (0 > 0)
INFO  flat.checker.VCPrf: Proved with SMT (time: 2.524416 ms)
INFO  flat.checker.VCPrf: 
INFO  flat.checker.VCPrf: Goal: (i₁ < |s|) ∧ (0 ≤ i₁) ∧ (i₁ ≤ |s|) ∧ (s[i₁] ≠ "a") ∧ (i₁ ≥ 0) ∧ (i₁ < |s|) ∧ (0 ≥ (|s| - i₁)) ⇒ ((0 ≤ (i₁ + 0)) && ((i₁ + 0) ≤ |s|))
INFO  flat.checker.VCPrf: Proved with SMT (time: 4.085099 ms)
