INFO  flat.Driver$: 
INFO  flat.Driver$: Checking: /benchmark/subjects/421.neg.1.py
INFO  flat.checker.VCPrf: 
INFO  flat.checker.VCPrf: Goal:  ⇒ (|s| = 1)
INFO  flat.checker.VCPrf: Failed (time: 33.902475 ms)
INFO  flat.checker.VCPrf: 
INFO  flat.checker.VCPrf: Goal:  ⇒ ((0 ≥ 0) && (0 < |s|))
INFO  flat.checker.VCPrf: Failed (time: 7.027423 ms)
INFO  flat.checker.VCPrf: 
INFO  flat.checker.VCPrf: Goal: (s[0] ≠ "a") ∧ (0 ≥ 0) ∧ (0 < |s|) ⇒ ((0 ≥ 0) && (0 < |s|))
INFO  flat.checker.VCPrf: Proved trivial (time: 0.355278 ms)
INFO  flat.checker.VCPrf: 
INFO  flat.checker.VCPrf: Goal: (s[0] ≠ "a") ∧ (0 ≥ 0) ∧ (0 < |s|) ∧ (s[0] ≠ "b") ∧ (0 ≥ 0) ∧ (0 < |s|) ⇒ ((0 ≥ 0) && (0 < |s|))
INFO  flat.checker.VCPrf: Proved trivial (time: 0.029748 ms)
INFO  flat.checker.VCPrf: 
INFO  flat.checker.VCPrf: Goal: (s[0] ≠ "a") ∧ (0 ≥ 0) ∧ (0 < |s|) ∧ (s[0] ≠ "b") ∧ (0 ≥ 0) ∧ (0 < |s|) ∧ (s[0] ≠ "c") ∧ (0 ≥ 0) ∧ (0 < |s|) ⇒ false
INFO  flat.checker.VCPrf: Failed (time: 38.809932 ms)
- [ERROR] Type Error: /benchmark/subjects/421.neg.1.py
4 |  assert len(s) == 1
  |         ^^^^^^^^^^^
  |         assertion may fail
- [ERROR] Type Error: /benchmark/subjects/421.neg.1.py
5 |  if s[0] == "a":
  |       ^
  |       index may be out of bounds
-- [ERROR] Type Error: /benchmark/subjects/421.neg.1.py
11 |  raise Exception
   |  ^^^^^^^^^^^^^^^
   |  assertion may fail
