INFO  flat.Driver$: 
INFO  flat.Driver$: Checking: /benchmark/subjects/422.py
INFO  flat.checker.VCPrf: 
INFO  flat.checker.VCPrf: Goal:  ⇒ ((0 ≥ 0) && (0 < |s|))
INFO  flat.checker.VCPrf: Proved with SMT + lemmas (time: 38.938019 ms)
INFO  flat.checker.VCPrf: 
INFO  flat.checker.VCPrf: Goal: (s[0] ≠ "a") ∧ (s[0] ≠ "b") ∧ (s[0] ≠ "c") ⇒ false
INFO  flat.checker.VCPrf: Proved with lemmas (time: 12.879006 ms)
INFO  flat.checker.VCPrf: 
INFO  flat.checker.VCPrf: Goal: (s[0] ≠ "a") ∧ (s[0] ≠ "b") ∧ (s[0] ≠ "c") ⇒ (|s| = 1)
INFO  flat.checker.VCPrf: Proved with lemmas (time: 4.515641 ms)
INFO  flat.checker.VCPrf: 
INFO  flat.checker.VCPrf: Goal: (s[0] ≠ "a") ∧ (s[0] ≠ "b") ∧ (s[0] = "c") ⇒ (|s| = 1)
INFO  flat.checker.VCPrf: Proved with lemmas (time: 5.977606 ms)
INFO  flat.checker.VCPrf: 
INFO  flat.checker.VCPrf: Goal: (s[0] ≠ "a") ∧ (s[0] = "b") ⇒ (|s| = 1)
INFO  flat.checker.VCPrf: Proved with lemmas (time: 5.179227 ms)
INFO  flat.checker.VCPrf: 
INFO  flat.checker.VCPrf: Goal: (s[0] = "a") ⇒ (|s| = 1)
INFO  flat.checker.VCPrf: Proved with lemmas (time: 5.321726 ms)
