INFO  flat.Driver$: 
INFO  flat.Driver$: Checking: /benchmark/subjects/432.neg.1.py
INFO  flat.checker.VCPrf: 
INFO  flat.checker.VCPrf: Goal:  ⇒ ((0 ≥ 0) && (0 < |s|))
INFO  flat.checker.VCPrf: Failed (time: 37.17106 ms)
INFO  flat.checker.VCPrf: 
INFO  flat.checker.VCPrf: Goal: (s[0] = "b") ∧ (0 ≥ 0) ∧ (0 < |s|) ⇒ false
INFO  flat.checker.VCPrf: Failed (time: 32.387659 ms)
INFO  flat.checker.VCPrf: 
INFO  flat.checker.VCPrf: Goal: (s[0] = "b") ∧ (0 ≥ 0) ∧ (0 < |s|) ⇒ (((|s| - 1) ≥ 0) && ((|s| - 1) < |s|))
INFO  flat.checker.VCPrf: Proved with SMT (time: 3.685951 ms)
INFO  flat.checker.VCPrf: 
INFO  flat.checker.VCPrf: Goal: (s[0] = "b") ∧ (0 ≥ 0) ∧ (0 < |s|) ⇒ (((|s| - 1) ≥ 0) && ((|s| - 1) < |s|))
INFO  flat.checker.VCPrf: Proved with SMT (time: 4.08474 ms)
INFO  flat.checker.VCPrf: 
INFO  flat.checker.VCPrf: Goal: (s[0] = "b") ∧ (0 ≥ 0) ∧ (0 < |s|) ∧ ((s[(|s| - 1)] = "a") || (s[(|s| - 1)] = "b")) ∧ ((|s| - 1) ≥ 0) ∧ ((|s| - 1) < |s|) ∧ ((|s| - 1) ≥ 0) ∧ ((|s| - 1) < |s|) ∧ (|s| > 1) ⇒ false
INFO  flat.checker.VCPrf: Failed (time: 44.786386 ms)
INFO  flat.checker.VCPrf: 
INFO  flat.checker.VCPrf: Goal: (s[0] = "b") ∧ (0 ≥ 0) ∧ (0 < |s|) ∧ (s[(|s| - 1)] ≠ "a") ∧ (s[(|s| - 1)] ≠ "b") ∧ ((|s| - 1) ≥ 0) ∧ ((|s| - 1) < |s|) ∧ ((|s| - 1) ≥ 0) ∧ ((|s| - 1) < |s|) ⇒ (|s| = 1)
INFO  flat.checker.VCPrf: Failed (time: 29.859967 ms)
INFO  flat.checker.VCPrf: 
INFO  flat.checker.VCPrf: Goal: (s[0] ≠ "b") ∧ (0 ≥ 0) ∧ (0 < |s|) ⇒ (((|s| - 1) ≥ 0) && ((|s| - 1) < |s|))
INFO  flat.checker.VCPrf: Proved with SMT (time: 3.462323 ms)
INFO  flat.checker.VCPrf: 
INFO  flat.checker.VCPrf: Goal: (s[0] ≠ "b") ∧ (0 ≥ 0) ∧ (0 < |s|) ⇒ (((|s| - 1) ≥ 0) && ((|s| - 1) < |s|))
INFO  flat.checker.VCPrf: Proved with SMT (time: 3.181679 ms)
INFO  flat.checker.VCPrf: 
INFO  flat.checker.VCPrf: Goal: (s[0] ≠ "b") ∧ (0 ≥ 0) ∧ (0 < |s|) ∧ ((s[(|s| - 1)] = "a") || (s[(|s| - 1)] = "b")) ∧ ((|s| - 1) ≥ 0) ∧ ((|s| - 1) < |s|) ∧ ((|s| - 1) ≥ 0) ∧ ((|s| - 1) < |s|) ∧ (|s| > 1) ⇒ false
INFO  flat.checker.VCPrf: Failed (time: 55.939444 ms)
INFO  flat.checker.VCPrf: 
INFO  flat.checker.VCPrf: Goal: (s[0] ≠ "b") ∧ (0 ≥ 0) ∧ (0 < |s|) ∧ (s[(|s| - 1)] ≠ "a") ∧ (s[(|s| - 1)] ≠ "b") ∧ ((|s| - 1) ≥ 0) ∧ ((|s| - 1) < |s|) ∧ ((|s| - 1) ≥ 0) ∧ ((|s| - 1) < |s|) ⇒ (|s| = 1)
INFO  flat.checker.VCPrf: Proved with SMT + lemmas (time: 23.275975 ms)
- [ERROR] Type Error: /benchmark/subjects/432.neg.1.py
4 |  if s[0] == "b":
  |       ^
  |       index may be out of bounds
- [ERROR] Type Error: /benchmark/subjects/432.neg.1.py
5 |    raise Exception
  |    ^^^^^^^^^^^^^^^
  |    assertion may fail
- [ERROR] Type Error: /benchmark/subjects/432.neg.1.py
9 |      raise Exception
  |      ^^^^^^^^^^^^^^^
  |      assertion may fail
-- [ERROR] Type Error: /benchmark/subjects/432.neg.1.py
12 |    assert len(s) == 1
   |           ^^^^^^^^^^^
   |           assertion may fail
- [ERROR] Type Error: /benchmark/subjects/432.neg.1.py
9 |      raise Exception
  |      ^^^^^^^^^^^^^^^
  |      assertion may fail
