INFO  flat.Driver$: 
INFO  flat.Driver$: Checking: /benchmark/subjects/432.py
INFO  flat.checker.VCPrf: 
INFO  flat.checker.VCPrf: Goal:  ⇒ ((0 ≥ 0) && (0 < |s|))
INFO  flat.checker.VCPrf: Proved with SMT + lemmas (time: 39.07328 ms)
INFO  flat.checker.VCPrf: 
INFO  flat.checker.VCPrf: Goal: (s[0] = "b") ∧ (0 ≥ 0) ∧ (0 < |s|) ⇒ false
INFO  flat.checker.VCPrf: Proved with lemmas (time: 13.722699 ms)
INFO  flat.checker.VCPrf: 
INFO  flat.checker.VCPrf: Goal: (s[0] = "b") ∧ (0 ≥ 0) ∧ (0 < |s|) ⇒ (((|s| - 1) ≥ 0) && ((|s| - 1) < |s|))
INFO  flat.checker.VCPrf: Proved with SMT (time: 3.894936 ms)
INFO  flat.checker.VCPrf: 
INFO  flat.checker.VCPrf: Goal: (s[0] = "b") ∧ (0 ≥ 0) ∧ (0 < |s|) ⇒ (((|s| - 1) ≥ 0) && ((|s| - 1) < |s|))
INFO  flat.checker.VCPrf: Proved with SMT (time: 3.757541 ms)
INFO  flat.checker.VCPrf: 
INFO  flat.checker.VCPrf: Goal: (s[0] = "b") ∧ (0 ≥ 0) ∧ (0 < |s|) ∧ ((s[(|s| - 1)] = "a") || (s[(|s| - 1)] = "b")) ∧ ((|s| - 1) ≥ 0) ∧ ((|s| - 1) < |s|) ∧ ((|s| - 1) ≥ 0) ∧ ((|s| - 1) < |s|) ∧ (|s| > 1) ⇒ false
INFO  flat.checker.VCPrf: Proved with lemmas (time: 11.811831 ms)
INFO  flat.checker.VCPrf: 
INFO  flat.checker.VCPrf: Goal: (s[0] = "b") ∧ (0 ≥ 0) ∧ (0 < |s|) ∧ (s[(|s| - 1)] ≠ "a") ∧ (s[(|s| - 1)] ≠ "b") ∧ ((|s| - 1) ≥ 0) ∧ ((|s| - 1) < |s|) ∧ ((|s| - 1) ≥ 0) ∧ ((|s| - 1) < |s|) ⇒ (|s| = 1)
INFO  flat.checker.VCPrf: Proved with lemmas (time: 25.046059 ms)
INFO  flat.checker.VCPrf: 
INFO  flat.checker.VCPrf: Goal: (s[0] ≠ "b") ∧ (0 ≥ 0) ∧ (0 < |s|) ⇒ (((|s| - 1) ≥ 0) && ((|s| - 1) < |s|))
INFO  flat.checker.VCPrf: Proved with SMT (time: 3.01003 ms)
INFO  flat.checker.VCPrf: 
INFO  flat.checker.VCPrf: Goal: (s[0] ≠ "b") ∧ (0 ≥ 0) ∧ (0 < |s|) ⇒ (((|s| - 1) ≥ 0) && ((|s| - 1) < |s|))
INFO  flat.checker.VCPrf: Proved with SMT (time: 3.036315 ms)
INFO  flat.checker.VCPrf: 
INFO  flat.checker.VCPrf: Goal: (s[0] ≠ "b") ∧ (0 ≥ 0) ∧ (0 < |s|) ∧ ((s[(|s| - 1)] = "a") || (s[(|s| - 1)] = "b")) ∧ ((|s| - 1) ≥ 0) ∧ ((|s| - 1) < |s|) ∧ ((|s| - 1) ≥ 0) ∧ ((|s| - 1) < |s|) ∧ (|s| > 1) ⇒ false
INFO  flat.checker.VCPrf: Proved with lemmas (time: 9.596362 ms)
INFO  flat.checker.VCPrf: 
INFO  flat.checker.VCPrf: Goal: (s[0] ≠ "b") ∧ (0 ≥ 0) ∧ (0 < |s|) ∧ (s[(|s| - 1)] ≠ "a") ∧ (s[(|s| - 1)] ≠ "b") ∧ ((|s| - 1) ≥ 0) ∧ ((|s| - 1) < |s|) ∧ ((|s| - 1) ≥ 0) ∧ ((|s| - 1) < |s|) ⇒ (|s| = 1)
INFO  flat.checker.VCPrf: Proved with lemmas (time: 22.741524 ms)
