INFO  flat.Driver$: 
INFO  flat.Driver$: Checking: /benchmark/subjects/441.pos.1.py
INFO  flat.checker.VCPrf: 
INFO  flat.checker.VCPrf: Goal:  ⇒ ((0 ≥ 0) && (0 < |s|))
INFO  flat.checker.VCPrf: Proved with SMT + lemmas (time: 44.267014 ms)
INFO  flat.checker.VCPrf: 
INFO  flat.checker.VCPrf: Goal: (s[0] = "a") ∧ (0 ≥ 0) ∧ (0 < |s|) ⇒ ((1 ≥ 0) && (1 < |s|))
INFO  flat.checker.VCPrf: Proved with SMT + lemmas (time: 25.687379 ms)
INFO  flat.checker.VCPrf: 
INFO  flat.checker.VCPrf: Goal: (s[0] = "a") ∧ (0 ≥ 0) ∧ (0 < |s|) ∧ (1 ≥ 0) ∧ (1 < |s|) ⇒ (s[1] = "b")
INFO  flat.checker.VCPrf: Proved with lemmas (time: 18.90307 ms)
INFO  flat.checker.VCPrf: 
INFO  flat.checker.VCPrf: Goal: (s[0] = "a") ∧ (0 ≥ 0) ∧ (0 < |s|) ⇒ (|s| ≤ 2)
INFO  flat.checker.VCPrf: Proved with SMT + lemmas (time: 12.274321 ms)
INFO  flat.checker.VCPrf: 
INFO  flat.checker.VCPrf: Goal: (s[0] ≠ "a") ∧ (0 ≥ 0) ∧ (0 < |s|) ⇒ ((0 ≥ 0) && (0 < |s|))
INFO  flat.checker.VCPrf: Proved trivial (time: 0.040751 ms)
INFO  flat.checker.VCPrf: 
INFO  flat.checker.VCPrf: Goal: (s[0] ≠ "a") ∧ (0 ≥ 0) ∧ (0 < |s|) ∧ (0 ≥ 0) ∧ (0 < |s|) ⇒ (s[0] = "c")
INFO  flat.checker.VCPrf: Proved with lemmas (time: 11.380359 ms)
INFO  flat.checker.VCPrf: 
INFO  flat.checker.VCPrf: Goal: (s[0] ≠ "a") ∧ (0 ≥ 0) ∧ (0 < |s|) ⇒ (|s| = 1)
INFO  flat.checker.VCPrf: Proved with lemmas (time: 10.660434 ms)
