INFO  flat.Driver$: 
INFO  flat.Driver$: Checking: /benchmark/subjects/441.neg.1.py
INFO  flat.checker.VCPrf: 
INFO  flat.checker.VCPrf: Goal:  ⇒ ((0 ≥ 0) && (0 < |s|))
INFO  flat.checker.VCPrf: Failed (time: 37.292283 ms)
INFO  flat.checker.VCPrf: 
INFO  flat.checker.VCPrf: Goal: (s[0] = "a") ∧ (0 ≥ 0) ∧ (0 < |s|) ⇒ ((1 ≥ 0) && (1 < |s|))
INFO  flat.checker.VCPrf: Failed (time: 34.891713 ms)
INFO  flat.checker.VCPrf: 
INFO  flat.checker.VCPrf: Goal: (s[0] = "a") ∧ (0 ≥ 0) ∧ (0 < |s|) ∧ (1 ≥ 0) ∧ (1 < |s|) ⇒ (s[1] = "b")
INFO  flat.checker.VCPrf: Failed (time: 27.091152 ms)
INFO  flat.checker.VCPrf: 
INFO  flat.checker.VCPrf: Goal: (s[0] = "a") ∧ (0 ≥ 0) ∧ (0 < |s|) ⇒ (|s| ≤ 2)
INFO  flat.checker.VCPrf: Failed (time: 15.043792 ms)
INFO  flat.checker.VCPrf: 
INFO  flat.checker.VCPrf: Goal: (s[0] ≠ "a") ∧ (0 ≥ 0) ∧ (0 < |s|) ⇒ ((0 ≥ 0) && (0 < |s|))
INFO  flat.checker.VCPrf: Proved trivial (time: 0.054666 ms)
INFO  flat.checker.VCPrf: 
INFO  flat.checker.VCPrf: Goal: (s[0] ≠ "a") ∧ (0 ≥ 0) ∧ (0 < |s|) ∧ (0 ≥ 0) ∧ (0 < |s|) ⇒ (s[0] = "c")
INFO  flat.checker.VCPrf: Failed (time: 16.954027 ms)
INFO  flat.checker.VCPrf: 
INFO  flat.checker.VCPrf: Goal: (s[0] ≠ "a") ∧ (0 ≥ 0) ∧ (0 < |s|) ⇒ (|s| = 1)
INFO  flat.checker.VCPrf: Failed (time: 16.463717 ms)
- [ERROR] Type Error: /benchmark/subjects/441.neg.1.py
4 |  if s[0] == "a":
  |       ^
  |       index may be out of bounds
- [ERROR] Type Error: /benchmark/subjects/441.neg.1.py
5 |    assert s[1] == "b"
  |             ^
  |             index may be out of bounds
- [ERROR] Type Error: /benchmark/subjects/441.neg.1.py
5 |    assert s[1] == "b"
  |           ^^^^^^^^^^^
  |           assertion may fail
- [ERROR] Type Error: /benchmark/subjects/441.neg.1.py
6 |    assert len(s) <= 2
  |           ^^^^^^^^^^^
  |           assertion may fail
- [ERROR] Type Error: /benchmark/subjects/441.neg.1.py
8 |    assert s[0] == "c"
  |           ^^^^^^^^^^^
  |           assertion may fail
- [ERROR] Type Error: /benchmark/subjects/441.neg.1.py
9 |    assert len(s) == 1
  |           ^^^^^^^^^^^
  |           assertion may fail
