INFO  flat.Driver$: 
INFO  flat.Driver$: Checking: /benchmark/subjects/442.pos.1.py
INFO  flat.checker.VCPrf: 
INFO  flat.checker.VCPrf: Goal:  ⇒ ((0 ≥ 0) && (0 < |s|))
INFO  flat.checker.VCPrf: Proved with SMT + lemmas (time: 43.22477 ms)
INFO  flat.checker.VCPrf: 
INFO  flat.checker.VCPrf: Goal: (s[0] = "a") ∧ (0 ≥ 0) ∧ (0 < |s|) ⇒ ((1 ≥ 0) && (1 < |s|))
INFO  flat.checker.VCPrf: Proved with SMT + lemmas (time: 25.839262 ms)
INFO  flat.checker.VCPrf: 
INFO  flat.checker.VCPrf: Goal: (s[0] = "a") ∧ (0 ≥ 0) ∧ (0 < |s|) ∧ (s[1] = "b") ∧ (1 ≥ 0) ∧ (1 < |s|) ∧ (|s| ≠ 2) ⇒ false
INFO  flat.checker.VCPrf: Proved with SMT + lemmas (time: 23.149297 ms)
INFO  flat.checker.VCPrf: 
INFO  flat.checker.VCPrf: Goal: (s[0] = "a") ∧ (0 ≥ 0) ∧ (0 < |s|) ∧ (s[1] ≠ "b") ∧ (1 ≥ 0) ∧ (1 < |s|) ⇒ false
INFO  flat.checker.VCPrf: Proved with lemmas (time: 8.536593 ms)
INFO  flat.checker.VCPrf: 
INFO  flat.checker.VCPrf: Goal: (s[0] ≠ "a") ∧ (0 ≥ 0) ∧ (0 < |s|) ⇒ ((0 ≥ 0) && (0 < |s|))
INFO  flat.checker.VCPrf: Proved trivial (time: 0.023223 ms)
INFO  flat.checker.VCPrf: 
INFO  flat.checker.VCPrf: Goal: (s[0] ≠ "a") ∧ (0 ≥ 0) ∧ (0 < |s|) ∧ (s[0] = "c") ∧ (0 ≥ 0) ∧ (0 < |s|) ∧ (|s| ≠ 1) ⇒ false
INFO  flat.checker.VCPrf: Proved with SMT + lemmas (time: 12.964631 ms)
INFO  flat.checker.VCPrf: 
INFO  flat.checker.VCPrf: Goal: (s[0] ≠ "a") ∧ (0 ≥ 0) ∧ (0 < |s|) ∧ (s[0] ≠ "c") ∧ (0 ≥ 0) ∧ (0 < |s|) ⇒ false
INFO  flat.checker.VCPrf: Proved with SMT + lemmas (time: 12.679159 ms)
