INFO  flat.Driver$: 
INFO  flat.Driver$: Checking: /benchmark/subjects/442.py
INFO  flat.checker.VCPrf: 
INFO  flat.checker.VCPrf: Goal:  ⇒ ((0 ≥ 0) && (0 < |s|))
INFO  flat.checker.VCPrf: Proved with SMT + lemmas (time: 43.454441 ms)
INFO  flat.checker.VCPrf: 
INFO  flat.checker.VCPrf: Goal: (s[0] = "a") ∧ (0 ≥ 0) ∧ (0 < |s|) ⇒ ((1 ≥ 0) && (1 < |s|))
INFO  flat.checker.VCPrf: Proved with SMT + lemmas (time: 26.700758 ms)
INFO  flat.checker.VCPrf: 
INFO  flat.checker.VCPrf: Goal: (s[0] = "a") ∧ (0 ≥ 0) ∧ (0 < |s|) ∧ (s[1] = "b") ∧ (1 ≥ 0) ∧ (1 < |s|) ∧ (|s| ≠ 2) ⇒ false
INFO  flat.checker.VCPrf: Proved with SMT + lemmas (time: 23.46202 ms)
INFO  flat.checker.VCPrf: 
INFO  flat.checker.VCPrf: Goal: (s[0] = "a") ∧ (0 ≥ 0) ∧ (0 < |s|) ∧ (s[1] ≠ "b") ∧ (1 ≥ 0) ∧ (1 < |s|) ⇒ false
INFO  flat.checker.VCPrf: Proved with lemmas (time: 8.458427 ms)
INFO  flat.checker.VCPrf: 
INFO  flat.checker.VCPrf: Goal: (s[0] ≠ "a") ∧ (0 ≥ 0) ∧ (0 < |s|) ⇒ ((0 ≥ 0) && (0 < |s|))
INFO  flat.checker.VCPrf: Proved trivial (time: 0.022792 ms)
INFO  flat.checker.VCPrf: 
INFO  flat.checker.VCPrf: Goal: (s[0] ≠ "a") ∧ (0 ≥ 0) ∧ (0 < |s|) ∧ (s[0] = "c") ∧ (0 ≥ 0) ∧ (0 < |s|) ∧ (|s| ≠ 1) ⇒ false
INFO  flat.checker.VCPrf: Proved with SMT + lemmas (time: 13.369047 ms)
INFO  flat.checker.VCPrf: 
INFO  flat.checker.VCPrf: Goal: (s[0] ≠ "a") ∧ (0 ≥ 0) ∧ (0 < |s|) ∧ (s[0] ≠ "c") ∧ (0 ≥ 0) ∧ (0 < |s|) ⇒ false
INFO  flat.checker.VCPrf: Proved with SMT + lemmas (time: 12.721583 ms)
