INFO  flat.Driver$: 
INFO  flat.Driver$: Checking: /benchmark/subjects/450.pos.1.py
INFO  flat.checker.VCPrf: 
INFO  flat.checker.VCPrf: Goal:  ⇒ ((0 ≤ 0) && (0 < (|s| + 3)))
INFO  flat.checker.VCPrf: Proved with SMT (time: 23.504371 ms)
INFO  flat.checker.VCPrf: 
INFO  flat.checker.VCPrf: Goal:  ⇒ s[0:] : (a[^ab]b)*
INFO  flat.checker.VCPrf: Proved with lemmas (time: 12.797 ms)
INFO  flat.checker.VCPrf: 
INFO  flat.checker.VCPrf: Goal: (i₁ < |s|) ∧ (0 ≤ i₁) ∧ (i₁ < (|s| + 3)) ∧ s[i₁:] : (a[^ab]b)* ⇒ (((i₁ + 0) ≥ 0) && ((i₁ + 0) < |s|))
INFO  flat.checker.VCPrf: Proved with SMT (time: 4.328979 ms)
INFO  flat.checker.VCPrf: 
INFO  flat.checker.VCPrf: Goal: (i₁ < |s|) ∧ (0 ≤ i₁) ∧ (i₁ < (|s| + 3)) ∧ s[i₁:] : (a[^ab]b)* ∧ ((i₁ + 0) ≥ 0) ∧ ((i₁ + 0) < |s|) ⇒ (s[(i₁ + 0)] = "a")
INFO  flat.checker.VCPrf: Proved with lemmas (time: 50.30538 ms)
INFO  flat.checker.VCPrf: 
INFO  flat.checker.VCPrf: Goal: (i₁ < |s|) ∧ (0 ≤ i₁) ∧ (i₁ < (|s| + 3)) ∧ s[i₁:] : (a[^ab]b)* ⇒ (((i₁ + 1) ≥ 0) && ((i₁ + 1) < |s|))
INFO  flat.checker.VCPrf: Proved with SMT + lemmas (time: 18.278217 ms)
INFO  flat.checker.VCPrf: 
INFO  flat.checker.VCPrf: Goal: (i₁ < |s|) ∧ (0 ≤ i₁) ∧ (i₁ < (|s| + 3)) ∧ s[i₁:] : (a[^ab]b)* ∧ ((i₁ + 1) ≥ 0) ∧ ((i₁ + 1) < |s|) ⇒ (s[(i₁ + 1)] ≠ "a")
INFO  flat.checker.VCPrf: Proved with lemmas (time: 26.121188 ms)
INFO  flat.checker.VCPrf: 
INFO  flat.checker.VCPrf: Goal: (i₁ < |s|) ∧ (0 ≤ i₁) ∧ (i₁ < (|s| + 3)) ∧ s[i₁:] : (a[^ab]b)* ⇒ (((i₁ + 1) ≥ 0) && ((i₁ + 1) < |s|))
INFO  flat.checker.VCPrf: Proved with SMT + lemmas (time: 18.129737 ms)
INFO  flat.checker.VCPrf: 
INFO  flat.checker.VCPrf: Goal: (i₁ < |s|) ∧ (0 ≤ i₁) ∧ (i₁ < (|s| + 3)) ∧ s[i₁:] : (a[^ab]b)* ∧ ((i₁ + 1) ≥ 0) ∧ ((i₁ + 1) < |s|) ⇒ (s[(i₁ + 1)] ≠ "b")
INFO  flat.checker.VCPrf: Proved with lemmas (time: 25.031153 ms)
INFO  flat.checker.VCPrf: 
INFO  flat.checker.VCPrf: Goal: (i₁ < |s|) ∧ (0 ≤ i₁) ∧ (i₁ < (|s| + 3)) ∧ s[i₁:] : (a[^ab]b)* ⇒ (((i₁ + 2) ≥ 0) && ((i₁ + 2) < |s|))
INFO  flat.checker.VCPrf: Proved with SMT + lemmas (time: 17.806377 ms)
INFO  flat.checker.VCPrf: 
INFO  flat.checker.VCPrf: Goal: (i₁ < |s|) ∧ (0 ≤ i₁) ∧ (i₁ < (|s| + 3)) ∧ s[i₁:] : (a[^ab]b)* ∧ ((i₁ + 2) ≥ 0) ∧ ((i₁ + 2) < |s|) ⇒ (s[(i₁ + 2)] = "b")
INFO  flat.checker.VCPrf: Proved with lemmas (time: 26.858794 ms)
INFO  flat.checker.VCPrf: 
INFO  flat.checker.VCPrf: Goal: (i₁ < |s|) ∧ (0 ≤ i₁) ∧ (i₁ < (|s| + 3)) ∧ s[i₁:] : (a[^ab]b)* ⇒ ((0 ≤ (i₁ + 3)) && ((i₁ + 3) < (|s| + 3)))
INFO  flat.checker.VCPrf: Proved with SMT (time: 3.960795 ms)
INFO  flat.checker.VCPrf: 
INFO  flat.checker.VCPrf: Goal: (i₁ < |s|) ∧ (0 ≤ i₁) ∧ (i₁ < (|s| + 3)) ∧ s[i₁:] : (a[^ab]b)* ⇒ s[(i₁ + 3):] : (a[^ab]b)*
INFO  flat.checker.VCPrf: Proved with lemmas (time: 4.491388 ms)
