INFO  flat.Driver$: 
INFO  flat.Driver$: Checking: /benchmark/subjects/451.neg.1.py
INFO  flat.checker.VCPrf: 
INFO  flat.checker.VCPrf: Goal:  ⇒ ((0 ≤ 0) && (0 < (|s| + 3)))
INFO  flat.checker.VCPrf: Proved with SMT (time: 22.833751 ms)
INFO  flat.checker.VCPrf: 
INFO  flat.checker.VCPrf: Goal:  ⇒ s[0:] : ([^a].*|a([^ab](ba[^ab])*(b([^a].*|a([ab]([^ab])*)*)|([^b]b*)*)|([ab]([^ab])*)*))
INFO  flat.checker.VCPrf: Proved with lemmas (time: 13.445775 ms)
INFO  flat.checker.VCPrf: 
INFO  flat.checker.VCPrf: Goal: (i₁ < |s|) ∧ (0 ≤ i₁) ∧ (i₁ < (|s| + 3)) ∧ s[i₁:] : ([^a].*|a([^ab](ba[^ab])*(b([^a].*|a([ab]([^ab])*)*)|([^b]b*)*)|([ab]([^ab])*)*)) ⇒ ((i₁ ≥ 0) && ((i₁ + 3) ≥ 0))
INFO  flat.checker.VCPrf: Proved with SMT (time: 4.344492 ms)
INFO  flat.checker.VCPrf: 
INFO  flat.checker.VCPrf: Goal: (i₁ < |s|) ∧ (0 ≤ i₁) ∧ (i₁ < (|s| + 3)) ∧ s[i₁:] : ([^a].*|a([^ab](ba[^ab])*(b([^a].*|a([ab]([^ab])*)*)|([^b]b*)*)|([ab]([^ab])*)*)) ⇒ (|s[i₁:(i₁ + 3)]| = 3)
INFO  flat.checker.VCPrf: Proved with lemmas (time: 41.190305 ms)
INFO  flat.checker.VCPrf: 
INFO  flat.checker.VCPrf: Goal: (i₁ < |s|) ∧ (0 ≤ i₁) ∧ (i₁ < (|s| + 3)) ∧ s[i₁:] : ([^a].*|a([^ab](ba[^ab])*(b([^a].*|a([ab]([^ab])*)*)|([^b]b*)*)|([ab]([^ab])*)*)) ⇒ ((0 ≥ 0) && (0 < |s[i₁:(i₁ + 3)]|))
INFO  flat.checker.VCPrf: Proved with SMT (time: 6.224062 ms)
INFO  flat.checker.VCPrf: 
INFO  flat.checker.VCPrf: Goal: (i₁ < |s|) ∧ (0 ≤ i₁) ∧ (i₁ < (|s| + 3)) ∧ s[i₁:] : ([^a].*|a([^ab](ba[^ab])*(b([^a].*|a([ab]([^ab])*)*)|([^b]b*)*)|([ab]([^ab])*)*)) ⇒ ((1 ≥ 0) && (1 < |s[i₁:(i₁ + 3)]|))
INFO  flat.checker.VCPrf: Proved with SMT + lemmas (time: 26.048802 ms)
INFO  flat.checker.VCPrf: 
INFO  flat.checker.VCPrf: Goal: (i₁ < |s|) ∧ (0 ≤ i₁) ∧ (i₁ < (|s| + 3)) ∧ s[i₁:] : ([^a].*|a([^ab](ba[^ab])*(b([^a].*|a([ab]([^ab])*)*)|([^b]b*)*)|([ab]([^ab])*)*)) ⇒ ((2 ≥ 0) && (2 < |s[i₁:(i₁ + 3)]|))
INFO  flat.checker.VCPrf: Proved with SMT + lemmas (time: 24.005838 ms)
INFO  flat.checker.VCPrf: 
INFO  flat.checker.VCPrf: Goal: (i₁ < |s|) ∧ (0 ≤ i₁) ∧ (i₁ < (|s| + 3)) ∧ s[i₁:] : ([^a].*|a([^ab](ba[^ab])*(b([^a].*|a([ab]([^ab])*)*)|([^b]b*)*)|([ab]([^ab])*)*)) ⇒ (s[i₁:(i₁ + 3)][0] = "a")
INFO  flat.checker.VCPrf: Failed (time: 40.348459 ms)
INFO  flat.checker.VCPrf: 
INFO  flat.checker.VCPrf: Goal: (i₁ < |s|) ∧ (0 ≤ i₁) ∧ (i₁ < (|s| + 3)) ∧ s[i₁:] : ([^a].*|a([^ab](ba[^ab])*(b([^a].*|a([ab]([^ab])*)*)|([^b]b*)*)|([ab]([^ab])*)*)) ⇒ (s[i₁:(i₁ + 3)][2] = "b")
INFO  flat.checker.VCPrf: Failed (time: 34.913902 ms)
INFO  flat.checker.VCPrf: 
INFO  flat.checker.VCPrf: Goal: (i₁ < |s|) ∧ (0 ≤ i₁) ∧ (i₁ < (|s| + 3)) ∧ s[i₁:] : ([^a].*|a([^ab](ba[^ab])*(b([^a].*|a([ab]([^ab])*)*)|([^b]b*)*)|([ab]([^ab])*)*)) ⇒ ((s[i₁:(i₁ + 3)][1] ≠ "a") && (s[i₁:(i₁ + 3)][1] ≠ "b"))
INFO  flat.checker.VCPrf: Failed (time: 35.672777 ms)
INFO  flat.checker.VCPrf: 
INFO  flat.checker.VCPrf: Goal: (i₁ < |s|) ∧ (0 ≤ i₁) ∧ (i₁ < (|s| + 3)) ∧ s[i₁:] : ([^a].*|a([^ab](ba[^ab])*(b([^a].*|a([ab]([^ab])*)*)|([^b]b*)*)|([ab]([^ab])*)*)) ⇒ ((0 ≤ (i₁ + 3)) && ((i₁ + 3) < (|s| + 3)))
INFO  flat.checker.VCPrf: Proved with SMT (time: 4.1713 ms)
INFO  flat.checker.VCPrf: 
INFO  flat.checker.VCPrf: Goal: (i₁ < |s|) ∧ (0 ≤ i₁) ∧ (i₁ < (|s| + 3)) ∧ s[i₁:] : ([^a].*|a([^ab](ba[^ab])*(b([^a].*|a([ab]([^ab])*)*)|([^b]b*)*)|([ab]([^ab])*)*)) ⇒ s[(i₁ + 3):] : ([^a].*|a([^ab](ba[^ab])*(b([^a].*|a([ab]([^ab])*)*)|([^b]b*)*)|([ab]([^ab])*)*))
INFO  flat.checker.VCPrf: Failed (time: 4.827004 ms)
- [ERROR] Type Error: /benchmark/subjects/451.neg.1.py
9 |    assert a == "a"
  |           ^^^^^^^^
  |           assertion may fail
-- [ERROR] Type Error: /benchmark/subjects/451.neg.1.py
10 |    assert b == "b"
   |           ^^^^^^^^
   |           assertion may fail
-- [ERROR] Type Error: /benchmark/subjects/451.neg.1.py
11 |    assert x != "a" and x != "b"
   |           ^^^^^^^^^^^^^^^^^^^^^
   |           assertion may fail
- [ERROR] Type Error: /benchmark/subjects/451.neg.1.py
7 |    inv(isinstance(s[i:], Input))
  |        ^^^^^^^^^^^^^^^^^^^^^^^^
  |        invariant may violate
