INFO  flat.Driver$: 
INFO  flat.Driver$: Checking: /benchmark/subjects/470.pos.1.py
INFO  flat.checker.VCPrf: 
INFO  flat.checker.VCPrf: Goal:  ⇒ ((0 ≤ 0) && (0 ≤ |s|))
INFO  flat.checker.VCPrf: Proved with SMT (time: 22.729242 ms)
INFO  flat.checker.VCPrf: 
INFO  flat.checker.VCPrf: Goal:  ⇒ s[0:] : (0|01)*
INFO  flat.checker.VCPrf: Proved with lemmas (time: 13.525896 ms)
INFO  flat.checker.VCPrf: 
INFO  flat.checker.VCPrf: Goal: (i₁ < |s|) ∧ (0 ≤ i₁) ∧ (i₁ ≤ |s|) ∧ s[i₁:] : (0|01)* ⇒ ((i₁ ≥ 0) && (i₁ < |s|))
INFO  flat.checker.VCPrf: Proved with SMT (time: 2.663206 ms)
INFO  flat.checker.VCPrf: 
INFO  flat.checker.VCPrf: Goal: (i₁ < |s|) ∧ (0 ≤ i₁) ∧ (i₁ ≤ |s|) ∧ s[i₁:] : (0|01)* ∧ (i₁ ≥ 0) ∧ (i₁ < |s|) ⇒ (s[i₁] = "0")
INFO  flat.checker.VCPrf: Proved with lemmas (time: 45.989171 ms)
INFO  flat.checker.VCPrf: 
INFO  flat.checker.VCPrf: Goal: (i₁ < |s|) ∧ (0 ≤ i₁) ∧ (i₁ ≤ |s|) ∧ s[i₁:] : (0|01)* ∧ ((i₁ + 1) < |s|) ⇒ (((i₁ + 1) ≥ 0) && ((i₁ + 1) < |s|))
INFO  flat.checker.VCPrf: Proved with SMT (time: 2.679926 ms)
INFO  flat.checker.VCPrf: 
INFO  flat.checker.VCPrf: Goal: (i₁ < |s|) ∧ (0 ≤ i₁) ∧ (i₁ ≤ |s|) ∧ s[i₁:] : (0|01)* ∧ ((i₁ + 1) < |s|) ∧ (s[(i₁ + 1)] = "1") ∧ ((i₁ + 1) ≥ 0) ∧ ((i₁ + 1) < |s|) ⇒ ((0 ≤ (i₁ + 2)) && ((i₁ + 2) ≤ |s|))
INFO  flat.checker.VCPrf: Proved with SMT (time: 5.440701 ms)
INFO  flat.checker.VCPrf: 
INFO  flat.checker.VCPrf: Goal: (i₁ < |s|) ∧ (0 ≤ i₁) ∧ (i₁ ≤ |s|) ∧ s[i₁:] : (0|01)* ∧ ((i₁ + 1) < |s|) ∧ (s[(i₁ + 1)] = "1") ∧ ((i₁ + 1) ≥ 0) ∧ ((i₁ + 1) < |s|) ⇒ s[(i₁ + 2):] : (0|01)*
INFO  flat.checker.VCPrf: Proved with lemmas (time: 18.006261 ms)
INFO  flat.checker.VCPrf: 
INFO  flat.checker.VCPrf: Goal: (i₁ < |s|) ∧ (0 ≤ i₁) ∧ (i₁ ≤ |s|) ∧ s[i₁:] : (0|01)* ∧ (((i₁ + 1) ≥ |s|) || (s[(i₁ + 1)] ≠ "1")) ∧ ((i₁ + 1) ≥ 0) ∧ ((i₁ + 1) < |s|) ⇒ ((0 ≤ (i₁ + 1)) && ((i₁ + 1) ≤ |s|))
INFO  flat.checker.VCPrf: Proved with SMT (time: 4.487701 ms)
INFO  flat.checker.VCPrf: 
INFO  flat.checker.VCPrf: Goal: (i₁ < |s|) ∧ (0 ≤ i₁) ∧ (i₁ ≤ |s|) ∧ s[i₁:] : (0|01)* ∧ (((i₁ + 1) ≥ |s|) || (s[(i₁ + 1)] ≠ "1")) ∧ ((i₁ + 1) ≥ 0) ∧ ((i₁ + 1) < |s|) ⇒ s[(i₁ + 1):] : (0|01)*
INFO  flat.checker.VCPrf: Proved with lemmas (time: 24.409456 ms)
