INFO  flat.Driver$: 
INFO  flat.Driver$: Checking: /benchmark/subjects/470.py
INFO  flat.checker.VCPrf: 
INFO  flat.checker.VCPrf: Goal:  ⇒ ((0 ≤ 0) && (0 ≤ |s|))
INFO  flat.checker.VCPrf: Proved with SMT (time: 24.87068 ms)
INFO  flat.checker.VCPrf: 
INFO  flat.checker.VCPrf: Goal:  ⇒ s[0:] : (0|01)*
INFO  flat.checker.VCPrf: Proved with lemmas (time: 13.740745 ms)
INFO  flat.checker.VCPrf: 
INFO  flat.checker.VCPrf: Goal: (i₁ < |s|) ∧ (0 ≤ i₁) ∧ (i₁ ≤ |s|) ∧ s[i₁:] : (0|01)* ⇒ ((i₁ ≥ 0) && (i₁ < |s|))
INFO  flat.checker.VCPrf: Proved with SMT (time: 2.541425 ms)
INFO  flat.checker.VCPrf: 
INFO  flat.checker.VCPrf: Goal: (i₁ < |s|) ∧ (0 ≤ i₁) ∧ (i₁ ≤ |s|) ∧ s[i₁:] : (0|01)* ∧ (i₁ ≥ 0) ∧ (i₁ < |s|) ⇒ (s[i₁] = "0")
INFO  flat.checker.VCPrf: Proved with lemmas (time: 47.14317 ms)
INFO  flat.checker.VCPrf: 
INFO  flat.checker.VCPrf: Goal: (i₁ < |s|) ∧ (0 ≤ i₁) ∧ (i₁ ≤ |s|) ∧ s[i₁:] : (0|01)* ∧ ((i₁ + 1) < |s|) ⇒ (((i₁ + 1) ≥ 0) && ((i₁ + 1) < |s|))
INFO  flat.checker.VCPrf: Proved with SMT (time: 2.608331 ms)
INFO  flat.checker.VCPrf: 
INFO  flat.checker.VCPrf: Goal: (i₁ < |s|) ∧ (0 ≤ i₁) ∧ (i₁ ≤ |s|) ∧ s[i₁:] : (0|01)* ∧ ((i₁ + 1) < |s|) ∧ (s[(i₁ + 1)] = "1") ∧ ((i₁ + 1) ≥ 0) ∧ ((i₁ + 1) < |s|) ⇒ ((0 ≤ (i₁ + 2)) && ((i₁ + 2) ≤ |s|))
INFO  flat.checker.VCPrf: Proved with SMT (time: 5.715985 ms)
INFO  flat.checker.VCPrf: 
INFO  flat.checker.VCPrf: Goal: (i₁ < |s|) ∧ (0 ≤ i₁) ∧ (i₁ ≤ |s|) ∧ s[i₁:] : (0|01)* ∧ ((i₁ + 1) < |s|) ∧ (s[(i₁ + 1)] = "1") ∧ ((i₁ + 1) ≥ 0) ∧ ((i₁ + 1) < |s|) ⇒ s[(i₁ + 2):] : (0|01)*
INFO  flat.checker.VCPrf: Proved with lemmas (time: 17.774017 ms)
INFO  flat.checker.VCPrf: 
INFO  flat.checker.VCPrf: Goal: (i₁ < |s|) ∧ (0 ≤ i₁) ∧ (i₁ ≤ |s|) ∧ s[i₁:] : (0|01)* ∧ (((i₁ + 1) ≥ |s|) || (s[(i₁ + 1)] ≠ "1")) ∧ ((i₁ + 1) ≥ 0) ∧ ((i₁ + 1) < |s|) ⇒ ((0 ≤ (i₁ + 1)) && ((i₁ + 1) ≤ |s|))
INFO  flat.checker.VCPrf: Proved with SMT (time: 4.43102 ms)
INFO  flat.checker.VCPrf: 
INFO  flat.checker.VCPrf: Goal: (i₁ < |s|) ∧ (0 ≤ i₁) ∧ (i₁ ≤ |s|) ∧ s[i₁:] : (0|01)* ∧ (((i₁ + 1) ≥ |s|) || (s[(i₁ + 1)] ≠ "1")) ∧ ((i₁ + 1) ≥ 0) ∧ ((i₁ + 1) < |s|) ⇒ s[(i₁ + 1):] : (0|01)*
INFO  flat.checker.VCPrf: Proved with lemmas (time: 25.936289 ms)
