INFO  flat.Driver$: 
INFO  flat.Driver$: Checking: /benchmark/subjects/481.py
INFO  flat.checker.VCPrf: 
INFO  flat.checker.VCPrf: Goal: (s ≠ "") ⇒ ((0 ≤ 0) && (0 ≤ (|s| - 1)))
INFO  flat.checker.VCPrf: Proved with SMT (time: 24.281132 ms)
INFO  flat.checker.VCPrf: 
INFO  flat.checker.VCPrf: Goal: (s ≠ "") ⇒ s[0:] : 1?(0|01)*
INFO  flat.checker.VCPrf: Proved with lemmas (time: 19.730223 ms)
INFO  flat.checker.VCPrf: 
INFO  flat.checker.VCPrf: Goal: (s ≠ "") ∧ (i₁ < (|s| - 1)) ∧ (0 ≤ i₁) ∧ (i₁ ≤ (|s| - 1)) ∧ s[i₁:] : 1?(0|01)* ⇒ ((i₁ ≥ 0) && (i₁ < |s|))
INFO  flat.checker.VCPrf: Proved with SMT (time: 5.164254 ms)
INFO  flat.checker.VCPrf: 
INFO  flat.checker.VCPrf: Goal: (s ≠ "") ∧ (i₁ < (|s| - 1)) ∧ (0 ≤ i₁) ∧ (i₁ ≤ (|s| - 1)) ∧ s[i₁:] : 1?(0|01)* ∧ (s[i₁] = "1") ∧ (i₁ ≥ 0) ∧ (i₁ < |s|) ⇒ (((i₁ + 1) ≥ 0) && ((i₁ + 1) < |s|))
INFO  flat.checker.VCPrf: Proved with SMT (time: 6.047151 ms)
INFO  flat.checker.VCPrf: 
INFO  flat.checker.VCPrf: Goal: (s ≠ "") ∧ (i₁ < (|s| - 1)) ∧ (0 ≤ i₁) ∧ (i₁ ≤ (|s| - 1)) ∧ s[i₁:] : 1?(0|01)* ∧ (s[i₁] = "1") ∧ (i₁ ≥ 0) ∧ (i₁ < |s|) ∧ ((i₁ + 1) ≥ 0) ∧ ((i₁ + 1) < |s|) ⇒ (s[(i₁ + 1)] ≠ "1")
INFO  flat.checker.VCPrf: Proved with SMT + lemmas (time: 86.577407 ms)
INFO  flat.checker.VCPrf: 
INFO  flat.checker.VCPrf: Goal: (s ≠ "") ∧ (i₁ < (|s| - 1)) ∧ (0 ≤ i₁) ∧ (i₁ ≤ (|s| - 1)) ∧ s[i₁:] : 1?(0|01)* ∧ (s[i₁] = "1") ∧ (i₁ ≥ 0) ∧ (i₁ < |s|) ⇒ ((0 ≤ (i₁ + 1)) && ((i₁ + 1) ≤ (|s| - 1)))
INFO  flat.checker.VCPrf: Proved with SMT (time: 5.035407 ms)
INFO  flat.checker.VCPrf: 
INFO  flat.checker.VCPrf: Goal: (s ≠ "") ∧ (i₁ < (|s| - 1)) ∧ (0 ≤ i₁) ∧ (i₁ ≤ (|s| - 1)) ∧ s[i₁:] : 1?(0|01)* ∧ (s[i₁] = "1") ∧ (i₁ ≥ 0) ∧ (i₁ < |s|) ⇒ s[(i₁ + 1):] : 1?(0|01)*
INFO  flat.checker.VCPrf: Proved with lemmas (time: 12.173067 ms)
INFO  flat.checker.VCPrf: 
INFO  flat.checker.VCPrf: Goal: (s ≠ "") ∧ (i₁ < (|s| - 1)) ∧ (0 ≤ i₁) ∧ (i₁ ≤ (|s| - 1)) ∧ s[i₁:] : 1?(0|01)* ∧ (s[i₁] ≠ "1") ∧ (i₁ ≥ 0) ∧ (i₁ < |s|) ⇒ ((i₁ ≥ 0) && (i₁ < |s|))
INFO  flat.checker.VCPrf: Proved trivial (time: 0.14682 ms)
INFO  flat.checker.VCPrf: 
INFO  flat.checker.VCPrf: Goal: (s ≠ "") ∧ (i₁ < (|s| - 1)) ∧ (0 ≤ i₁) ∧ (i₁ ≤ (|s| - 1)) ∧ s[i₁:] : 1?(0|01)* ∧ (s[i₁] ≠ "1") ∧ (i₁ ≥ 0) ∧ (i₁ < |s|) ∧ (i₁ ≥ 0) ∧ (i₁ < |s|) ⇒ (s[i₁] = "0")
INFO  flat.checker.VCPrf: Proved with lemmas (time: 38.481634 ms)
INFO  flat.checker.VCPrf: 
INFO  flat.checker.VCPrf: Goal: (s ≠ "") ∧ (i₁ < (|s| - 1)) ∧ (0 ≤ i₁) ∧ (i₁ ≤ (|s| - 1)) ∧ s[i₁:] : 1?(0|01)* ∧ (s[i₁] ≠ "1") ∧ (i₁ ≥ 0) ∧ (i₁ < |s|) ⇒ ((0 ≤ (i₁ + 1)) && ((i₁ + 1) ≤ (|s| - 1)))
INFO  flat.checker.VCPrf: Proved with SMT (time: 5.578178 ms)
INFO  flat.checker.VCPrf: 
INFO  flat.checker.VCPrf: Goal: (s ≠ "") ∧ (i₁ < (|s| - 1)) ∧ (0 ≤ i₁) ∧ (i₁ ≤ (|s| - 1)) ∧ s[i₁:] : 1?(0|01)* ∧ (s[i₁] ≠ "1") ∧ (i₁ ≥ 0) ∧ (i₁ < |s|) ⇒ s[(i₁ + 1):] : 1?(0|01)*
INFO  flat.checker.VCPrf: Proved with lemmas (time: 8.94687 ms)
INFO  flat.checker.VCPrf: 
INFO  flat.checker.VCPrf: Goal: (s ≠ "") ∧ (i₁ ≥ (|s| - 1)) ∧ (0 ≤ i₁) ∧ (i₁ ≤ (|s| - 1)) ∧ s[i₁:] : 1?(0|01)* ∧ (|s| > 1) ⇒ (((i₁ - 1) ≥ 0) && ((i₁ - 1) < |s|))
INFO  flat.checker.VCPrf: Proved with SMT (time: 5.067832 ms)
INFO  flat.checker.VCPrf: 
INFO  flat.checker.VCPrf: Goal: (s ≠ "") ∧ (i₁ ≥ (|s| - 1)) ∧ (0 ≤ i₁) ∧ (i₁ ≤ (|s| - 1)) ∧ s[i₁:] : 1?(0|01)* ∧ (|s| > 1) ∧ (s[(i₁ - 1)] = "1") ∧ ((i₁ - 1) ≥ 0) ∧ ((i₁ - 1) < |s|) ⇒ ((i₁ ≥ 0) && (i₁ < |s|))
INFO  flat.checker.VCPrf: Proved with SMT (time: 4.305341 ms)
INFO  flat.checker.VCPrf: 
INFO  flat.checker.VCPrf: Goal: (s ≠ "") ∧ (i₁ ≥ (|s| - 1)) ∧ (0 ≤ i₁) ∧ (i₁ ≤ (|s| - 1)) ∧ s[i₁:] : 1?(0|01)* ∧ (|s| > 1) ∧ (s[(i₁ - 1)] = "1") ∧ ((i₁ - 1) ≥ 0) ∧ ((i₁ - 1) < |s|) ∧ (i₁ ≥ 0) ∧ (i₁ < |s|) ⇒ (s[i₁] = "0")
INFO  flat.checker.VCPrf: Proved with lemmas (time: 45.222746 ms)
INFO  flat.checker.VCPrf: 
INFO  flat.checker.VCPrf: Goal: (s ≠ "") ∧ (i₁ ≥ (|s| - 1)) ∧ (0 ≤ i₁) ∧ (i₁ ≤ (|s| - 1)) ∧ s[i₁:] : 1?(0|01)* ∧ (|s| > 1) ∧ (s[(i₁ - 1)] ≠ "1") ∧ ((i₁ - 1) ≥ 0) ∧ ((i₁ - 1) < |s|) ⇒ ((i₁ ≥ 0) && (i₁ < |s|))
INFO  flat.checker.VCPrf: Proved with SMT (time: 4.867979 ms)
INFO  flat.checker.VCPrf: 
INFO  flat.checker.VCPrf: Goal: (s ≠ "") ∧ (i₁ ≥ (|s| - 1)) ∧ (0 ≤ i₁) ∧ (i₁ ≤ (|s| - 1)) ∧ s[i₁:] : 1?(0|01)* ∧ (|s| > 1) ∧ (s[(i₁ - 1)] ≠ "1") ∧ ((i₁ - 1) ≥ 0) ∧ ((i₁ - 1) < |s|) ⇒ ((i₁ ≥ 0) && (i₁ < |s|))
INFO  flat.checker.VCPrf: Proved with SMT (time: 4.591788 ms)
INFO  flat.checker.VCPrf: 
INFO  flat.checker.VCPrf: Goal: (s ≠ "") ∧ (i₁ ≥ (|s| - 1)) ∧ (0 ≤ i₁) ∧ (i₁ ≤ (|s| - 1)) ∧ s[i₁:] : 1?(0|01)* ∧ (|s| > 1) ∧ (s[(i₁ - 1)] ≠ "1") ∧ ((i₁ - 1) ≥ 0) ∧ ((i₁ - 1) < |s|) ∧ (i₁ ≥ 0) ∧ (i₁ < |s|) ∧ (i₁ ≥ 0) ∧ (i₁ < |s|) ⇒ ((s[i₁] = "0") || (s[i₁] = "1"))
INFO  flat.checker.VCPrf: Proved with lemmas (time: 46.150114 ms)
