INFO  flat.Driver$: 
INFO  flat.Driver$: Checking: /benchmark/subjects/490.neg.1.py
INFO  flat.checker.VCPrf: 
INFO  flat.checker.VCPrf: Goal:  ⇒ ((0 ≥ 0) && (0 ≤ |s|))
INFO  flat.checker.VCPrf: Proved with SMT (time: 21.763576 ms)
INFO  flat.checker.VCPrf: 
INFO  flat.checker.VCPrf: Goal: (i₁ < |s|) ∧ (i₁ ≥ 0) ∧ (i₁ ≤ |s|) ⇒ ((i₁ ≥ 0) && (i₁ < |s|))
INFO  flat.checker.VCPrf: Proved trivial (time: 0.333855 ms)
INFO  flat.checker.VCPrf: 
INFO  flat.checker.VCPrf: Goal: (i₁ < |s|) ∧ (i₁ ≥ 0) ∧ (i₁ ≤ |s|) ⇒ ((i₁ ≥ 0) && (i₁ < |s|))
INFO  flat.checker.VCPrf: Proved trivial (time: 0.03284 ms)
INFO  flat.checker.VCPrf: 
INFO  flat.checker.VCPrf: Goal: (i₁ < |s|) ∧ (i₁ ≥ 0) ∧ (i₁ ≤ |s|) ∧ (i₁ ≥ 0) ∧ (i₁ < |s|) ∧ (i₁ ≥ 0) ∧ (i₁ < |s|) ⇒ ((s[i₁] = "0") || (s[i₁] = "1"))
INFO  flat.checker.VCPrf: Failed (time: 69.633861 ms)
INFO  flat.checker.VCPrf: 
INFO  flat.checker.VCPrf: Goal: (i₁ < |s|) ∧ (i₁ ≥ 0) ∧ (i₁ ≤ |s|) ⇒ (((i₁ + 1) ≥ 0) && ((i₁ + 1) ≤ |s|))
INFO  flat.checker.VCPrf: Proved with SMT (time: 4.45403 ms)
INFO  flat.checker.VCPrf: 
INFO  flat.checker.VCPrf: Goal: (i₁ ≥ |s|) ∧ (i₁ ≥ 0) ∧ (i₁ ≤ |s|) ⇒ (((|s| - 3) ≥ 0) && (|s| ≥ 0))
INFO  flat.checker.VCPrf: Failed (time: 6.049423 ms)
INFO  flat.checker.VCPrf: 
INFO  flat.checker.VCPrf: Goal: (i₁ ≥ |s|) ∧ (i₁ ≥ 0) ∧ (i₁ ≤ |s|) ∧ ((|s| - 3) ≥ 0) ∧ (|s| ≥ 0) ⇒ (s[(|s| - 3):] = "011")
java.lang.IllegalArgumentException
	at flat.regex.REOps$.langSet(REOps.scala:188)
	at flat.regex.REOps$.langSet(REOps.scala:180)
	at flat.regex.REOps$.langSet(REOps.scala:180)
	at flat.regex.REOps$.langSet(REOps.scala:182)
	at flat.regex.REOps$.langSet(REOps.scala:182)
	at flat.regex.REOps$.langSet(REOps.scala:182)
	at flat.regex.REOps$.langSet(REOps.scala:182)
	at flat.regex.REOps$.langSet(REOps.scala:182)
	at flat.regex.REOps$.langSet(REOps.scala:182)
	at flat.regex.REOps$.langSet(REOps.scala:182)
	at flat.regex.REOps$.langSet(REOps.scala:182)
	at flat.regex.REOps$.langSet(REOps.scala:182)
	at flat.regex.REOps$.langSet(REOps.scala:182)
	at flat.regex.REOps$.langSet(REOps.scala:182)
	at flat.regex.REOps$.langSet(REOps.scala:182)
	at flat.regex.REOps$.langSet(REOps.scala:182)
	at flat.regex.REOps$.langSet(REOps.scala:182)
	at flat.regex.REOps$.langSet(REOps.scala:182)
	at flat.regex.REOps$.langSet(REOps.scala:182)
	at flat.regex.REOps$.langSet(REOps.scala:182)
	at flat.regex.REOps$.langSet(REOps.scala:182)
	at flat.regex.REOps$.langSet(REOps.scala:182)
	at flat.regex.REOps$.langSet(REOps.scala:182)
	at flat.regex.REOps$.langSet(REOps.scala:182)
	at flat.regex.REOps$.langSet(REOps.scala:182)
	at flat.regex.REOps$.langSet(REOps.scala:182)
	at flat.regex.REOps$.langSet(REOps.scala:182)
	at flat.regex.REOps$.langSet(REOps.scala:182)
	at flat.regex.REOps$.langSet(REOps.scala:182)
	at flat.regex.REOps$.langSet(REOps.scala:182)
	at flat.regex.REOps$.langSet(REOps.scala:182)
	at flat.regex.REOps$.langSet(REOps.scala:182)
	at flat.regex.REOps$.langSet(REOps.scala:182)
	at flat.regex.REOps$.langSet(REOps.scala:182)
	at flat.regex.REOps$.langSet(REOps.scala:182)
	at flat.regex.REOps$.langSet(REOps.scala:182)
	at flat.regex.REOps$.langSet(REOps.scala:182)
	at flat.regex.REOps$.langSet(REOps.scala:182)
	at flat.regex.REOps$.langSet(REOps.scala:182)
	at flat.regex.REOps$.langSet(REOps.scala:182)
	at flat.regex.REOps$.langSet(REOps.scala:182)
	at flat.regex.REOps$.langSet(REOps.scala:182)
	at flat.regex.REOps$.langSet(REOps.scala:182)
	at flat.regex.REOps$.langSet(REOps.scala:182)
	at flat.regex.REOps$.langSet(REOps.scala:182)
	at flat.regex.REOps$.langSet(REOps.scala:182)
	at flat.regex.REOps$.langSet(REOps.scala:182)
	at flat.regex.REOps$.langSet(REOps.scala:182)
	at flat.regex.REOps$.langSet(REOps.scala:182)
	at flat.regex.REOps$.langSet(REOps.scala:182)
	at flat.regex.REOps$.langSet(REOps.scala:182)
	at flat.regex.REOps$.langSet(REOps.scala:182)
	at flat.regex.REOps$.langSet(REOps.scala:182)
	at flat.regex.REOps$.langSet(REOps.scala:182)
	at flat.regex.REOps$.langSet(REOps.scala:182)
	at flat.regex.REOps$.langSet(REOps.scala:182)
	at flat.regex.REOps$.langSet(REOps.scala:182)
	at flat.regex.REOps$.langSet(REOps.scala:182)
	at flat.regex.REOps$.langSet(REOps.scala:182)
	at flat.regex.REOps$.langSet(REOps.scala:182)
	at flat.regex.REOps$.langSet(REOps.scala:182)
	at flat.regex.REOps$.langSet(REOps.scala:182)
	at flat.regex.REOps$.langSet(REOps.scala:182)
	at flat.regex.REOps$.langSet(REOps.scala:182)
	at flat.regex.REOps$.langSet(REOps.scala:182)
	at flat.regex.REOps$.langSet(REOps.scala:182)
	at flat.regex.REOps$.langSet(REOps.scala:182)
	at flat.regex.REOps$.langSet(REOps.scala:182)
	at flat.regex.REOps$.langSet(REOps.scala:182)
	at flat.regex.REOps$.langSet(REOps.scala:182)
	at flat.regex.REOps$.langSet(REOps.scala:182)
	at flat.regex.REOps$.langSet(REOps.scala:182)
	at flat.regex.REOps$.langSet(REOps.scala:182)
	at flat.regex.REOps$.langSet(REOps.scala:182)
	at flat.regex.REOps$.langSet(REOps.scala:182)
	at flat.regex.REOps$.langSet(REOps.scala:182)
	at flat.regex.REOps$.langSet(REOps.scala:182)
	at flat.regex.REOps$.langSet(REOps.scala:182)
	at flat.regex.REOps$.langSet(REOps.scala:182)
	at flat.regex.REOps$.langSet(REOps.scala:182)
	at flat.regex.REOps$.langSet(REOps.scala:182)
	at flat.regex.REOps$.langSet(REOps.scala:182)
	at flat.regex.REOps$.langSet(REOps.scala:182)
	at flat.regex.REOps$.langSet(REOps.scala:182)
	at flat.regex.REOps$.langSet(REOps.scala:182)
	at flat.regex.REOps$.langSet(REOps.scala:182)
	at flat.regex.REOps$.langSet(REOps.scala:182)
	at flat.regex.REOps$.langSet(REOps.scala:182)
	at flat.regex.REOps$.langSet(REOps.scala:182)
	at flat.regex.REOps$.langSet(REOps.scala:182)
	at flat.regex.REOps$.langSet(REOps.scala:182)
	at flat.regex.REOps$.langSet(REOps.scala:182)
	at flat.regex.REOps$.langSet(REOps.scala:182)
	at flat.regex.REOps$.langSet(REOps.scala:182)
	at flat.regex.REOps$.langSet(REOps.scala:182)
	at flat.regex.REOps$.langSet(REOps.scala:182)
	at flat.regex.REOps$.langSet(REOps.scala:182)
	at flat.regex.REOps$.langSet(REOps.scala:182)
	at flat.regex.REOps$.langSet(REOps.scala:182)
	at flat.regex.REOps$.langSet(REOps.scala:182)
	at flat.regex.REOps$.langSet(REOps.scala:182)
	at flat.regex.REOps$.langSet(REOps.scala:182)
	at flat.regex.REOps$.langSet(REOps.scala:182)
	at flat.regex.REOps$.langSet(REOps.scala:182)
	at flat.regex.REOps$.langSet(REOps.scala:182)
	at flat.regex.REOps$.langSet(REOps.scala:182)
	at flat.regex.REOps$.langSet(REOps.scala:182)
	at flat.regex.REOps$.langSet(REOps.scala:182)
	at flat.regex.REOps$.langSet(REOps.scala:182)
	at flat.regex.REOps$.langSet(REOps.scala:182)
	at flat.regex.REOps$.langSet(REOps.scala:182)
	at flat.regex.REOps$.langSet(REOps.scala:182)
	at flat.regex.REOps$.langSet(REOps.scala:182)
	at flat.regex.REOps$.langSet(REOps.scala:182)
	at flat.regex.REOps$.langSet(REOps.scala:182)
	at flat.regex.REOps$.langSet(REOps.scala:182)
	at flat.regex.REOps$.langSet(REOps.scala:182)
	at flat.regex.REOps$.langSet(REOps.scala:182)
	at flat.regex.REOps$.langSet(REOps.scala:182)
	at flat.regex.REOps$.langSet(REOps.scala:182)
	at flat.regex.REOps$.langSet(REOps.scala:182)
	at flat.regex.REOps$.langSet(REOps.scala:182)
	at flat.regex.REOps$.langSet(REOps.scala:182)
	at flat.regex.REOps$.langSet(REOps.scala:182)
	at flat.regex.REOps$.langSet(REOps.scala:182)
	at flat.regex.REOps$.langSet(REOps.scala:182)
	at flat.regex.REOps$.langSet(REOps.scala:182)
	at flat.regex.REOps$.langSet(REOps.scala:182)
	at flat.regex.REOps$.langSet(REOps.scala:182)
	at flat.regex.REOps$.langSet(REOps.scala:182)
	at flat.regex.REOps$.langSet(REOps.scala:182)
	at flat.regex.REOps$.langSet(REOps.scala:182)
	at flat.regex.REOps$.langSet(REOps.scala:182)
	at flat.regex.REOps$.langSet(REOps.scala:182)
	at flat.regex.REOps$.langSet(REOps.scala:182)
	at flat.regex.REOps$.langSet(REOps.scala:182)
	at flat.regex.REOps$.langSet(REOps.scala:182)
	at flat.regex.REOps$.langSet(REOps.scala:182)
	at flat.regex.REOps$.langSet(REOps.scala:182)
	at flat.regex.REOps$.langSet(REOps.scala:182)
	at flat.regex.REOps$.langSet(REOps.scala:182)
	at flat.regex.REOps$.langSet(REOps.scala:182)
	at flat.regex.REOps$.langSet(REOps.scala:182)
	at flat.regex.REOps$.langSet(REOps.scala:182)
	at flat.regex.REOps$.langSet(REOps.scala:182)
	at flat.regex.REOps$.langSet(REOps.scala:182)
	at flat.regex.REOps$.langSet(REOps.scala:182)
	at flat.regex.REOps$.langSet(REOps.scala:182)
	at flat.regex.REOps$.langSet(REOps.scala:182)
	at flat.regex.REOps$.langSet(REOps.scala:182)
	at flat.regex.REOps$.langSet(REOps.scala:182)
	at flat.regex.REOps$.langSet(REOps.scala:182)
	at flat.regex.REOps$.langSet(REOps.scala:182)
	at flat.regex.REOps$.langSet(REOps.scala:182)
	at flat.regex.REOps$.langSet(REOps.scala:182)
	at flat.regex.REOps$.langSet(REOps.scala:182)
	at flat.regex.REOps$.langSet(REOps.scala:182)
	at flat.regex.REOps$.langSet(REOps.scala:182)
	at flat.regex.REOps$.langSet(REOps.scala:182)
	at flat.regex.REOps$.langSet(REOps.scala:182)
	at flat.regex.REOps$.langSet(REOps.scala:182)
	at flat.regex.REOps$.langSet(REOps.scala:182)
	at flat.regex.REOps$.langSet(REOps.scala:182)
	at flat.regex.REOps$.langSet(REOps.scala:182)
	at flat.regex.REOps$.langSet(REOps.scala:182)
	at flat.regex.REOps$.langSet(REOps.scala:182)
	at flat.regex.REOps$.langSet(REOps.scala:182)
	at flat.regex.REOps$.langSet(REOps.scala:182)
	at flat.regex.REOps$.langSet(REOps.scala:182)
	at flat.regex.REOps$.langSet(REOps.scala:182)
	at flat.regex.REOps$.langSet(REOps.scala:182)
	at flat.regex.REOps$.langSet(REOps.scala:182)
	at flat.regex.REOps$.langSet(REOps.scala:182)
	at flat.regex.REOps$.langSet(REOps.scala:182)
	at flat.regex.REOps$.langSet(REOps.scala:182)
	at flat.regex.REOps$.langSet(REOps.scala:182)
	at flat.regex.REOps$.langSet(REOps.scala:182)
	at flat.regex.REOps$.langSet(REOps.scala:182)
	at flat.regex.REOps$.langSet(REOps.scala:182)
	at flat.regex.REOps$.langSet(REOps.scala:182)
	at flat.regex.REOps$.langSet(REOps.scala:182)
	at flat.regex.REOps$.langSet(REOps.scala:182)
	at flat.regex.REOps$.langSet(REOps.scala:182)
	at flat.regex.REOps$.langSet(REOps.scala:182)
	at flat.regex.REOps$.langSet(REOps.scala:182)
	at flat.regex.REOps$.langSet(REOps.scala:182)
	at flat.regex.REOps$.langSet(REOps.scala:182)
	at flat.regex.REOps$.langSet(REOps.scala:182)
	at flat.regex.REOps$.langSet(REOps.scala:182)
	at flat.regex.REOps$.langSet(REOps.scala:182)
	at flat.regex.REOps$.langSet(REOps.scala:182)
	at flat.regex.REOps$.langSet(REOps.scala:182)
	at flat.regex.REOps$.langSet(REOps.scala:182)
	at flat.regex.REOps$.langSet(REOps.scala:182)
	at flat.regex.REOps$.langSet(REOps.scala:182)
	at flat.regex.REOps$.langSet(REOps.scala:182)
	at flat.regex.REOps$.langSet(REOps.scala:182)
	at flat.regex.REOps$.langSet(REOps.scala:182)
	at flat.regex.REOps$.langSet(REOps.scala:182)
	at flat.regex.REOps$.langSet(REOps.scala:182)
	at flat.regex.REOps$.langSet(REOps.scala:182)
	at flat.regex.REOps$.langSet(REOps.scala:182)
	at flat.regex.REOps$.langSet(REOps.scala:182)
	at flat.regex.REOps$.langSet(REOps.scala:182)
	at flat.regex.REOps$.langSet(REOps.scala:182)
	at flat.regex.REOps$.langSet(REOps.scala:182)
	at flat.regex.REOps$.langSet(REOps.scala:182)
	at flat.regex.REOps$.langSet(REOps.scala:182)
	at flat.regex.REOps$.langSet(REOps.scala:182)
	at flat.regex.REOps$.langSet(REOps.scala:182)
	at flat.regex.REOps$.langSet(REOps.scala:182)
	at flat.regex.REOps$.langSet(REOps.scala:182)
	at flat.regex.REOps$.langSet(REOps.scala:182)
	at flat.regex.REOps$.langSet(REOps.scala:182)
	at flat.regex.REOps$.langSet(REOps.scala:182)
	at flat.regex.REOps$.langSet(REOps.scala:182)
	at flat.regex.REOps$.langSet(REOps.scala:182)
	at flat.regex.REOps$.langSet(REOps.scala:182)
	at flat.regex.REOps$.langSet(REOps.scala:182)
	at flat.regex.REOps$.langSet(REOps.scala:182)
	at flat.regex.REOps$.langSet(REOps.scala:182)
	at flat.regex.REOps$.langSet(REOps.scala:182)
	at flat.regex.REOps$.langSet(REOps.scala:182)
	at flat.regex.REOps$.langSet(REOps.scala:182)
	at flat.regex.REOps$.langSet(REOps.scala:182)
	at flat.regex.REOps$.langSet(REOps.scala:182)
	at flat.regex.REOps$.langSet(REOps.scala:182)
	at flat.regex.REOps$.langSet(REOps.scala:182)
	at flat.regex.REOps$.langSet(REOps.scala:182)
	at flat.regex.REOps$.langSet(REOps.scala:182)
	at flat.regex.REOps$.langSet(REOps.scala:182)
	at flat.regex.REOps$.langSet(REOps.scala:182)
	at flat.regex.REOps$.langSet(REOps.scala:182)
	at flat.regex.REOps$.langSet(REOps.scala:182)
	at flat.regex.REOps$.langSet(REOps.scala:182)
	at flat.regex.REOps$.langSet(REOps.scala:182)
	at flat.regex.REOps$.langSet(REOps.scala:182)
	at flat.regex.REOps$.langSet(REOps.scala:182)
	at flat.regex.REOps$.langSet(REOps.scala:182)
	at flat.regex.REOps$.langSet(REOps.scala:182)
	at flat.regex.REOps$.langSet(REOps.scala:182)
	at flat.regex.REOps$.langSet(REOps.scala:182)
	at flat.regex.REOps$.langSet(REOps.scala:182)
	at flat.regex.REOps$.langSet(REOps.scala:182)
	at flat.regex.REOps$.langSet(REOps.scala:182)
	at flat.regex.REOps$.langSet(REOps.scala:182)
	at flat.regex.REOps$.langSet(REOps.scala:182)
	at flat.regex.REOps$.langSet(REOps.scala:182)
	at flat.regex.REOps$.langSet(REOps.scala:182)
	at flat.regex.REOps$.langSet(REOps.scala:182)
	at flat.regex.REOps$.langSet(REOps.scala:182)
	at flat.regex.REOps$.langSet(REOps.scala:182)
	at flat.regex.REOps$.langSet(REOps.scala:182)
	at flat.regex.REOps$.langSet(REOps.scala:182)
	at flat.regex.REOps$.langSet(REOps.scala:182)
	at flat.regex.REOps$.langSet(REOps.scala:182)
	at flat.regex.REOps$.langSet(REOps.scala:182)
	at flat.regex.REOps$.langSet(REOps.scala:182)
	at flat.regex.REOps$.langSet(REOps.scala:182)
	at flat.regex.REOps$.tryEnumerate(REOps.scala:202)
	at flat.checker.HintSynth$StrEq.apply(HintSynth.scala:124)
	at flat.checker.HintSynth.collectHints$$anonfun$1(HintSynth.scala:39)
	at scala.runtime.function.JProcedure1.apply(JProcedure1.java:15)
	at scala.runtime.function.JProcedure1.apply(JProcedure1.java:10)
	at scala.collection.immutable.List.foreach(List.scala:334)
	at flat.checker.HintSynth.collectHints(HintSynth.scala:39)
	at flat.checker.Prover.$anonfun$3(Prover.scala:101)
	at scala.collection.immutable.List.flatMap(List.scala:294)
	at flat.checker.Prover.processProp(Prover.scala:101)
	at flat.checker.Prover.processAtomic(Prover.scala:29)
	at flat.checker.Prover.process(Prover.scala:23)
	at flat.checker.VCPrf.$anonfun$2(VCPrf.scala:53)
	at flat.util$.time(util.scala:35)
	at flat.checker.VCPrf.proveSubGoal(VCPrf.scala:53)
	at flat.checker.VCPrf.proveSubGoal$(VCPrf.scala:9)
	at flat.checker.Prover.proveSubGoal(Prover.scala:6)
	at flat.checker.VCPrf.prove(VCPrf.scala:21)
	at flat.checker.VCPrf.prove$(VCPrf.scala:9)
	at flat.checker.Prover.prove(Prover.scala:6)
	at flat.checker.VCPrf.prove(VCPrf.scala:23)
	at flat.checker.VCPrf.prove$(VCPrf.scala:9)
	at flat.checker.Prover.prove(Prover.scala:6)
	at flat.checker.VCPrf.prove(VCPrf.scala:22)
	at flat.checker.VCPrf.prove$(VCPrf.scala:9)
	at flat.checker.Prover.prove(Prover.scala:6)
	at flat.checker.VCPrf.prove(VCPrf.scala:23)
	at flat.checker.VCPrf.prove$(VCPrf.scala:9)
	at flat.checker.Prover.prove(Prover.scala:6)
	at flat.checker.VCPrf.prove(VCPrf.scala:23)
	at flat.checker.VCPrf.prove$(VCPrf.scala:9)
	at flat.checker.Prover.prove(Prover.scala:6)
	at flat.checker.VCPrf.prove(VCPrf.scala:22)
	at flat.checker.VCPrf.prove$(VCPrf.scala:9)
	at flat.checker.Prover.prove(Prover.scala:6)
	at flat.checker.VCPrf.prove(VCPrf.scala:22)
	at flat.checker.VCPrf.prove$(VCPrf.scala:9)
	at flat.checker.Prover.prove(Prover.scala:6)
	at flat.Driver$.checkPython$$anonfun$1(Driver.scala:65)
	at scala.runtime.function.JProcedure1.apply(JProcedure1.java:15)
	at scala.runtime.function.JProcedure1.apply(JProcedure1.java:10)
	at scala.collection.immutable.List.foreach(List.scala:334)
	at flat.Driver$.checkPython(Driver.scala:58)
	at flat.Driver$.tryCheckPython(Driver.scala:40)
	at flat.Driver$.run$$anonfun$2(Driver.scala:32)
	at scala.runtime.function.JProcedure1.apply(JProcedure1.java:15)
	at scala.runtime.function.JProcedure1.apply(JProcedure1.java:10)
	at scala.collection.immutable.List.foreach(List.scala:334)
	at flat.Driver$.run(Driver.scala:29)
	at flat.CLI$.main(CLI.scala:48)
	at flat.CLI.main(CLI.scala)
