INFO  flat.Driver$: 
INFO  flat.Driver$: Checking: /benchmark/subjects/500.neg.1.py
INFO  flat.checker.VCPrf: 
INFO  flat.checker.VCPrf: Goal:  ⇒ ((0 ≤ 0) && (0 ≤ (if s.contains("b") then s.find("b") else (if s.contains("c") then s.find("c") else |s|))))
INFO  flat.checker.VCPrf: Proved with SMT (time: 36.508025 ms)
INFO  flat.checker.VCPrf: 
INFO  flat.checker.VCPrf: Goal: (i₃ < |s|) ∧ (0 ≤ i₃) ∧ (i₃ ≤ (if s.contains("b") then s.find("b") else (if s.contains("c") then s.find("c") else |s|))) ⇒ ((i₃ ≥ 0) && (i₃ < |s|))
INFO  flat.checker.VCPrf: Proved with SMT (time: 2.666172 ms)
INFO  flat.checker.VCPrf: 
INFO  flat.checker.VCPrf: Goal: (i₃ < |s|) ∧ (0 ≤ i₃) ∧ (i₃ ≤ (if s.contains("b") then s.find("b") else (if s.contains("c") then s.find("c") else |s|))) ∧ (s[i₃] ≠ "a") ∧ (i₃ ≥ 0) ∧ (i₃ < |s|) ⇒ ((0 ≤ i₃) && (i₃ ≤ (if s.contains("b") then s.find("b") else (if s.contains("c") then s.find("c") else |s|))))
INFO  flat.checker.VCPrf: Proved trivial (time: 0.029435 ms)
INFO  flat.checker.VCPrf: 
INFO  flat.checker.VCPrf: Goal: (i₃ < |s|) ∧ (0 ≤ i₃) ∧ (i₃ ≤ (if s.contains("b") then s.find("b") else (if s.contains("c") then s.find("c") else |s|))) ∧ (s[i₃] = "a") ∧ (i₃ ≥ 0) ∧ (i₃ < |s|) ⇒ ((0 ≤ (i₃ + 1)) && ((i₃ + 1) ≤ (if s.contains("b") then s.find("b") else (if s.contains("c") then s.find("c") else |s|))))
INFO  flat.checker.VCPrf: Proved with SMT (time: 42.283014 ms)
INFO  flat.checker.VCPrf: 
INFO  flat.checker.VCPrf: Goal: ((i₃ ≥ |s|) || ((s[i₃] ≠ "a") && ((i₃ ≥ 0) && (i₃ < |s|)))) ∧ (0 ≤ i₃) ∧ (i₃ ≤ (if s.contains("b") then s.find("b") else (if s.contains("c") then s.find("c") else |s|))) ⇒ (((if s.contains("b") then s.find("b") else (if s.contains("c") then s.find("c") else |s|)) ≤ i₃) && (i₃ ≤ (if s.contains("c") then s.find("c") else |s|)))
java.lang.IllegalArgumentException: requirement failed
	at scala.Predef$.require(Predef.scala:324)
	at flat.regex.CharSet.$minus$minus(CharSet.scala:56)
	at flat.checker.HintSynth$IndexVar.apply$$anonfun$3(HintSynth.scala:90)
	at scala.runtime.function.JProcedure1.apply(JProcedure1.java:15)
	at scala.runtime.function.JProcedure1.apply(JProcedure1.java:10)
	at scala.collection.immutable.List.foreach(List.scala:334)
	at flat.checker.PrfCtx.foreach(PrfCtx.scala:24)
	at flat.checker.HintSynth$IndexVar.apply(HintSynth.scala:68)
	at flat.checker.HintSynth.collectHints$$anonfun$1(HintSynth.scala:39)
	at scala.runtime.function.JProcedure1.apply(JProcedure1.java:15)
	at scala.runtime.function.JProcedure1.apply(JProcedure1.java:10)
	at scala.collection.immutable.List.foreach(List.scala:334)
	at flat.checker.HintSynth.collectHints(HintSynth.scala:39)
	at flat.checker.Prover.$anonfun$3(Prover.scala:101)
	at scala.collection.immutable.List.flatMap(List.scala:294)
	at flat.checker.Prover.processProp(Prover.scala:101)
	at flat.checker.Prover.processAtomic(Prover.scala:29)
	at flat.checker.Prover.process(Prover.scala:23)
	at flat.checker.Prover.process(Prover.scala:22)
	at flat.checker.Prover.process(Prover.scala:13)
	at flat.checker.VCPrf.$anonfun$2(VCPrf.scala:53)
	at flat.util$.time(util.scala:35)
	at flat.checker.VCPrf.proveSubGoal(VCPrf.scala:53)
	at flat.checker.VCPrf.proveSubGoal$(VCPrf.scala:9)
	at flat.checker.Prover.proveSubGoal(Prover.scala:6)
	at flat.checker.VCPrf.prove(VCPrf.scala:21)
	at flat.checker.VCPrf.prove$(VCPrf.scala:9)
	at flat.checker.Prover.prove(Prover.scala:6)
	at flat.checker.VCPrf.prove(VCPrf.scala:22)
	at flat.checker.VCPrf.prove$(VCPrf.scala:9)
	at flat.checker.Prover.prove(Prover.scala:6)
	at flat.checker.VCPrf.prove(VCPrf.scala:23)
	at flat.checker.VCPrf.prove$(VCPrf.scala:9)
	at flat.checker.Prover.prove(Prover.scala:6)
	at flat.checker.VCPrf.prove(VCPrf.scala:23)
	at flat.checker.VCPrf.prove$(VCPrf.scala:9)
	at flat.checker.Prover.prove(Prover.scala:6)
	at flat.checker.VCPrf.prove(VCPrf.scala:22)
	at flat.checker.VCPrf.prove$(VCPrf.scala:9)
	at flat.checker.Prover.prove(Prover.scala:6)
	at flat.checker.VCPrf.prove(VCPrf.scala:22)
	at flat.checker.VCPrf.prove$(VCPrf.scala:9)
	at flat.checker.Prover.prove(Prover.scala:6)
	at flat.Driver$.checkPython$$anonfun$1(Driver.scala:65)
	at scala.runtime.function.JProcedure1.apply(JProcedure1.java:15)
	at scala.runtime.function.JProcedure1.apply(JProcedure1.java:10)
	at scala.collection.immutable.List.foreach(List.scala:334)
	at flat.Driver$.checkPython(Driver.scala:58)
	at flat.Driver$.tryCheckPython(Driver.scala:40)
	at flat.Driver$.run$$anonfun$2(Driver.scala:32)
	at scala.runtime.function.JProcedure1.apply(JProcedure1.java:15)
	at scala.runtime.function.JProcedure1.apply(JProcedure1.java:10)
	at scala.collection.immutable.List.foreach(List.scala:334)
	at flat.Driver$.run(Driver.scala:29)
	at flat.CLI$.main(CLI.scala:48)
	at flat.CLI.main(CLI.scala)
