INFO  flat.Driver$: 
INFO  flat.Driver$: Checking: /benchmark/subjects/524.pos.1.py
INFO  flat.checker.VCPrf: 
INFO  flat.checker.VCPrf: Goal:  ⇒ ((0 ≥ 0) && (2 ≥ 0))
INFO  flat.checker.VCPrf: Proved with SMT (time: 22.900223 ms)
INFO  flat.checker.VCPrf: 
INFO  flat.checker.VCPrf: Goal:  ⇒ (|s[0:2]| = 2)
INFO  flat.checker.VCPrf: Proved with lemmas (time: 26.22795 ms)
INFO  flat.checker.VCPrf: 
INFO  flat.checker.VCPrf: Goal:  ⇒ ((0 ≥ 0) && (0 < |s[0:2]|))
INFO  flat.checker.VCPrf: Proved with SMT + lemmas (time: 11.425604 ms)
INFO  flat.checker.VCPrf: 
INFO  flat.checker.VCPrf: Goal:  ⇒ ((1 ≥ 0) && (1 < |s[0:2]|))
INFO  flat.checker.VCPrf: Proved with SMT + lemmas (time: 10.25686 ms)
INFO  flat.checker.VCPrf: 
INFO  flat.checker.VCPrf: Goal:  ⇒ (s[0:2][0] = "a")
INFO  flat.checker.VCPrf: Proved with lemmas (time: 12.594398 ms)
INFO  flat.checker.VCPrf: 
INFO  flat.checker.VCPrf: Goal:  ⇒ (s[0:2][1] = "a")
INFO  flat.checker.VCPrf: Proved with lemmas (time: 8.187726 ms)
