INFO  flat.Driver$: 
INFO  flat.Driver$: Checking: /benchmark/subjects/524.neg.1.py
INFO  flat.checker.VCPrf: 
INFO  flat.checker.VCPrf: Goal:  ⇒ ((0 ≥ 0) && (2 ≥ 0))
INFO  flat.checker.VCPrf: Proved with SMT (time: 22.146211 ms)
INFO  flat.checker.VCPrf: 
INFO  flat.checker.VCPrf: Goal:  ⇒ (|s[0:2]| = 2)
INFO  flat.checker.VCPrf: Proved with lemmas (time: 31.306137 ms)
INFO  flat.checker.VCPrf: 
INFO  flat.checker.VCPrf: Goal:  ⇒ ((0 ≥ 0) && (0 < |s[0:2]|))
INFO  flat.checker.VCPrf: Proved with SMT + lemmas (time: 11.401345 ms)
INFO  flat.checker.VCPrf: 
INFO  flat.checker.VCPrf: Goal:  ⇒ ((1 ≥ 0) && (1 < |s[0:2]|))
INFO  flat.checker.VCPrf: Proved with SMT + lemmas (time: 11.607298 ms)
INFO  flat.checker.VCPrf: 
INFO  flat.checker.VCPrf: Goal:  ⇒ (s[0:2][0] = "a")
INFO  flat.checker.VCPrf: Failed (time: 12.984321 ms)
INFO  flat.checker.VCPrf: 
INFO  flat.checker.VCPrf: Goal:  ⇒ (s[0:2][1] = "a")
INFO  flat.checker.VCPrf: Failed (time: 8.683134 ms)
- [ERROR] Type Error: /benchmark/subjects/524.neg.1.py
5 |  assert a1 == "a"
  |         ^^^^^^^^^
  |         assertion may fail
- [ERROR] Type Error: /benchmark/subjects/524.neg.1.py
6 |  assert a2 == "a"
  |         ^^^^^^^^^
  |         assertion may fail
