INFO  flat.Driver$: 
INFO  flat.Driver$: Checking: /benchmark/subjects/527.pos.1.py
INFO  flat.checker.VCPrf: 
INFO  flat.checker.VCPrf: Goal:  ⇒ ((0 ≥ 0) && (2 ≥ 0))
INFO  flat.checker.VCPrf: Proved with SMT (time: 24.010365 ms)
INFO  flat.checker.VCPrf: 
INFO  flat.checker.VCPrf: Goal:  ⇒ (|s[0:2]| = 2)
INFO  flat.checker.VCPrf: Proved with lemmas (time: 26.337832 ms)
INFO  flat.checker.VCPrf: 
INFO  flat.checker.VCPrf: Goal:  ⇒ ((0 ≥ 0) && (0 < |s[0:2]|))
INFO  flat.checker.VCPrf: Proved with SMT + lemmas (time: 11.380435 ms)
INFO  flat.checker.VCPrf: 
INFO  flat.checker.VCPrf: Goal:  ⇒ ((1 ≥ 0) && (1 < |s[0:2]|))
INFO  flat.checker.VCPrf: Proved with SMT + lemmas (time: 10.55479 ms)
INFO  flat.checker.VCPrf: 
INFO  flat.checker.VCPrf: Goal:  ⇒ (s[0:2][0] = s[0:2][1])
INFO  flat.checker.VCPrf: Proved with SMT + lemmas (time: 28.531901 ms)
INFO  flat.checker.VCPrf: 
INFO  flat.checker.VCPrf: Goal:  ⇒ ((0 ≥ 0) && (0 < |s|))
INFO  flat.checker.VCPrf: Proved with SMT + lemmas (time: 7.401027 ms)
INFO  flat.checker.VCPrf: 
INFO  flat.checker.VCPrf: Goal: (0 ≥ 0) ∧ (0 < |s|) ⇒ (s[0] = "a")
INFO  flat.checker.VCPrf: Proved with lemmas (time: 11.84658 ms)
