INFO  flat.Driver$: 
INFO  flat.Driver$: Checking: /benchmark/subjects/540.neg.1.py
INFO  flat.checker.VCPrf: 
INFO  flat.checker.VCPrf: Goal:  ⇒ ((0 ≤ 0) && (0 ≤ |s|))
INFO  flat.checker.VCPrf: Proved with SMT (time: 22.832851 ms)
INFO  flat.checker.VCPrf: 
INFO  flat.checker.VCPrf: Goal:  ⇒ s[0:] : ([^a])*a(b(b([^a])*ab)*(b([^a])*a)?)?([^b]b*)*
INFO  flat.checker.VCPrf: Proved with lemmas (time: 13.235379 ms)
INFO  flat.checker.VCPrf: 
INFO  flat.checker.VCPrf: Goal: (i₁ < |s|) ∧ (0 ≤ i₁) ∧ (i₁ ≤ |s|) ∧ s[i₁:] : ([^a])*a(b(b([^a])*ab)*(b([^a])*a)?)?([^b]b*)* ⇒ ((i₁ ≥ 0) && (i₁ < |s|))
INFO  flat.checker.VCPrf: Proved with SMT (time: 2.854617 ms)
INFO  flat.checker.VCPrf: 
INFO  flat.checker.VCPrf: Goal: (i₁ < |s|) ∧ (0 ≤ i₁) ∧ (i₁ ≤ |s|) ∧ s[i₁:] : ([^a])*a(b(b([^a])*ab)*(b([^a])*a)?)?([^b]b*)* ∧ (s[i₁] = "a") ∧ (i₁ ≥ 0) ∧ (i₁ < |s|) ⇒ (((i₁ + 1) ≥ 0) && ((i₁ + 1) < |s|))
INFO  flat.checker.VCPrf: Proved with SMT + lemmas (time: 74.698387 ms)
INFO  flat.checker.VCPrf: 
INFO  flat.checker.VCPrf: Goal: (i₁ < |s|) ∧ (0 ≤ i₁) ∧ (i₁ ≤ |s|) ∧ s[i₁:] : ([^a])*a(b(b([^a])*ab)*(b([^a])*a)?)?([^b]b*)* ∧ (s[i₁] = "a") ∧ (i₁ ≥ 0) ∧ (i₁ < |s|) ∧ ((i₁ + 1) ≥ 0) ∧ ((i₁ + 1) < |s|) ⇒ (s[(i₁ + 1)] = "b")
INFO  flat.checker.VCPrf: Failed (time: 59.929744 ms)
INFO  flat.checker.VCPrf: 
INFO  flat.checker.VCPrf: Goal: (i₁ < |s|) ∧ (0 ≤ i₁) ∧ (i₁ ≤ |s|) ∧ s[i₁:] : ([^a])*a(b(b([^a])*ab)*(b([^a])*a)?)?([^b]b*)* ∧ (s[i₁] = "a") ∧ (i₁ ≥ 0) ∧ (i₁ < |s|) ⇒ (((i₁ + 2) ≥ 0) && ((i₁ + 2) < |s|))
INFO  flat.checker.VCPrf: Failed (time: 38.81708 ms)
INFO  flat.checker.VCPrf: 
INFO  flat.checker.VCPrf: Goal: (i₁ < |s|) ∧ (0 ≤ i₁) ∧ (i₁ ≤ |s|) ∧ s[i₁:] : ([^a])*a(b(b([^a])*ab)*(b([^a])*a)?)?([^b]b*)* ∧ (s[i₁] = "a") ∧ (i₁ ≥ 0) ∧ (i₁ < |s|) ∧ ((i₁ + 2) ≥ 0) ∧ ((i₁ + 2) < |s|) ⇒ (s[(i₁ + 2)] = "b")
INFO  flat.checker.VCPrf: Failed (time: 66.132468 ms)
INFO  flat.checker.VCPrf: 
INFO  flat.checker.VCPrf: Goal: (i₁ < |s|) ∧ (0 ≤ i₁) ∧ (i₁ ≤ |s|) ∧ s[i₁:] : ([^a])*a(b(b([^a])*ab)*(b([^a])*a)?)?([^b]b*)* ∧ (s[i₁] = "a") ∧ (i₁ ≥ 0) ∧ (i₁ < |s|) ⇒ ((0 ≤ (i₁ + 3)) && ((i₁ + 3) ≤ |s|))
INFO  flat.checker.VCPrf: Failed (time: 37.148721 ms)
INFO  flat.checker.VCPrf: 
INFO  flat.checker.VCPrf: Goal: (i₁ < |s|) ∧ (0 ≤ i₁) ∧ (i₁ ≤ |s|) ∧ s[i₁:] : ([^a])*a(b(b([^a])*ab)*(b([^a])*a)?)?([^b]b*)* ∧ (s[i₁] = "a") ∧ (i₁ ≥ 0) ∧ (i₁ < |s|) ⇒ s[(i₁ + 3):] : ([^a])*a(b(b([^a])*ab)*(b([^a])*a)?)?([^b]b*)*
INFO  flat.checker.VCPrf: Failed (time: 8.691261 ms)
INFO  flat.checker.VCPrf: 
INFO  flat.checker.VCPrf: Goal: (i₁ < |s|) ∧ (0 ≤ i₁) ∧ (i₁ ≤ |s|) ∧ s[i₁:] : ([^a])*a(b(b([^a])*ab)*(b([^a])*a)?)?([^b]b*)* ∧ (s[i₁] ≠ "a") ∧ (i₁ ≥ 0) ∧ (i₁ < |s|) ⇒ ((0 ≤ (i₁ + 1)) && ((i₁ + 1) ≤ |s|))
INFO  flat.checker.VCPrf: Proved with SMT (time: 4.874518 ms)
INFO  flat.checker.VCPrf: 
INFO  flat.checker.VCPrf: Goal: (i₁ < |s|) ∧ (0 ≤ i₁) ∧ (i₁ ≤ |s|) ∧ s[i₁:] : ([^a])*a(b(b([^a])*ab)*(b([^a])*a)?)?([^b]b*)* ∧ (s[i₁] ≠ "a") ∧ (i₁ ≥ 0) ∧ (i₁ < |s|) ⇒ s[(i₁ + 1):] : ([^a])*a(b(b([^a])*ab)*(b([^a])*a)?)?([^b]b*)*
INFO  flat.checker.VCPrf: Proved with lemmas (time: 8.03707 ms)
- [ERROR] Type Error: /benchmark/subjects/540.neg.1.py
9 |      assert s[i+1] == "b"
  |             ^^^^^^^^^^^^^
  |             assertion may fail
-- [ERROR] Type Error: /benchmark/subjects/540.neg.1.py
10 |      assert s[i+2] == "b"
   |               ^^^
   |               index may be out of bounds
-- [ERROR] Type Error: /benchmark/subjects/540.neg.1.py
10 |      assert s[i+2] == "b"
   |             ^^^^^^^^^^^^^
   |             assertion may fail
- [ERROR] Type Error: /benchmark/subjects/540.neg.1.py
6 |    inv(0 <= i <= len(s))
  |        ^^^^^^^^^^^^^^^^
  |        invariant may violate
- [ERROR] Type Error: /benchmark/subjects/540.neg.1.py
7 |    inv(isinstance(s[i:], Input))
  |        ^^^^^^^^^^^^^^^^^^^^^^^^
  |        invariant may violate
