INFO  flat.Driver$: 
INFO  flat.Driver$: Checking: /benchmark/subjects/560.neg.1.py
INFO  flat.checker.VCPrf: 
INFO  flat.checker.VCPrf: Goal:  ⇒ s.contains("b")
INFO  flat.checker.VCPrf: Failed (time: 32.564976 ms)
INFO  flat.checker.VCPrf: 
INFO  flat.checker.VCPrf: Goal: (s.find("b") = 1) ⇒ ((0 ≥ 0) && (0 < |s|))
INFO  flat.checker.VCPrf: Proved with SMT (time: 5.932385 ms)
INFO  flat.checker.VCPrf: 
INFO  flat.checker.VCPrf: Goal: (s.find("b") = 1) ∧ (0 ≥ 0) ∧ (0 < |s|) ⇒ (s[0] = "a")
INFO  flat.checker.VCPrf: Failed (time: 48.023246 ms)
INFO  flat.checker.VCPrf: 
INFO  flat.checker.VCPrf: Goal: (s.find("b") ≠ 1) ⇒ (s.find("b") = 0)
INFO  flat.checker.VCPrf: Failed (time: 16.643456 ms)
- [ERROR] Type Error: /benchmark/subjects/560.neg.1.py
4 |  bi = s.index("b")
  |       ^^^^^^^^^^^^
  |       assertion may fail
- [ERROR] Type Error: /benchmark/subjects/560.neg.1.py
6 |    assert s[0] == "a"
  |           ^^^^^^^^^^^
  |           assertion may fail
- [ERROR] Type Error: /benchmark/subjects/560.neg.1.py
8 |    assert bi == 0
  |           ^^^^^^^
  |           assertion may fail
