INFO  flat.Driver$: 
INFO  flat.Driver$: Checking: /benchmark/subjects/970_getAddrSpec.py
INFO  flat.checker.VCPrf: 
INFO  flat.checker.VCPrf: Goal:  ⇒ email.contains("<")
INFO  flat.checker.VCPrf: Proved with lemmas (time: 33.8987 ms)
INFO  flat.checker.VCPrf: 
INFO  flat.checker.VCPrf: Goal:  ⇒ (((email.find("<") + 1) ≥ 0) && (|email| ≥ 0))
INFO  flat.checker.VCPrf: Proved with SMT (time: 5.050284 ms)
INFO  flat.checker.VCPrf: 
INFO  flat.checker.VCPrf: Goal: ((email.find("<") + 1) ≥ 0) ∧ (|email| ≥ 0) ⇒ email[(email.find("<") + 1):].contains(">")
INFO  flat.checker.VCPrf: Proved with lemmas (time: 32.34008 ms)
INFO  flat.checker.VCPrf: 
INFO  flat.checker.VCPrf: Goal:  ⇒ (((email.find("<") + 1) ≥ 0) && ((email[(email.find("<") + 1):].find(">") + (email.find("<") + 1)) ≥ 0))
INFO  flat.checker.VCPrf: Proved with SMT + lemmas (time: 21.750725 ms)
INFO  flat.checker.VCPrf: 
INFO  flat.checker.VCPrf: Goal:  ⇒ (((email.find("<") + 1) ≥ 0) && (|email| ≥ 0))
INFO  flat.checker.VCPrf: Proved with SMT (time: 3.811133 ms)
INFO  flat.checker.VCPrf: 
INFO  flat.checker.VCPrf: Goal: ((email.find("<") + 1) ≥ 0) ∧ ((email[(email.find("<") + 1):].find(">") + (email.find("<") + 1)) ≥ 0) ∧ ((email.find("<") + 1) ≥ 0) ∧ (|email| ≥ 0) ⇒ email[(email.find("<") + 1):(email[(email.find("<") + 1):].find(">") + (email.find("<") + 1))] : LangType(([^>])*)
INFO  flat.checker.VCPrf: Proved with lemmas (time: 14.53358 ms)
