INFO  flat.Driver$: 
INFO  flat.Driver$: Checking: /benchmark/subjects/971_getAddrSpec.py
INFO  flat.checker.VCPrf: 
INFO  flat.checker.VCPrf: Goal:  ⇒ email.contains("<")
INFO  flat.checker.VCPrf: Proved with lemmas (time: 35.463194 ms)
INFO  flat.checker.VCPrf: 
INFO  flat.checker.VCPrf: Goal:  ⇒ (((email.find("<") + 1) ≥ 0) && (|email| ≥ 0))
INFO  flat.checker.VCPrf: Proved with SMT (time: 5.074069 ms)
INFO  flat.checker.VCPrf: 
INFO  flat.checker.VCPrf: Goal: ((email.find("<") + 1) ≥ 0) ∧ (|email| ≥ 0) ⇒ email[(email.find("<") + 1):].contains(">")
INFO  flat.checker.VCPrf: Proved with lemmas (time: 33.077037 ms)
INFO  flat.checker.VCPrf: 
INFO  flat.checker.VCPrf: Goal:  ⇒ (((email.find("<") + 1) ≥ 0) && (|email| ≥ 0))
INFO  flat.checker.VCPrf: Proved with SMT (time: 4.368108 ms)
INFO  flat.checker.VCPrf: 
INFO  flat.checker.VCPrf: Goal:  ⇒ (((email.find("<") + 1) ≥ 0) && ((email[(email.find("<") + 1):].find(">") + (email.find("<") + 1)) ≥ 0))
INFO  flat.checker.VCPrf: Proved with SMT + lemmas (time: 21.007585 ms)
INFO  flat.checker.VCPrf: 
INFO  flat.checker.VCPrf: Goal: ((email.find("<") + 1) ≥ 0) ∧ ((email[(email.find("<") + 1):].find(">") + (email.find("<") + 1)) ≥ 0) ⇒ email[(email.find("<") + 1):(email[(email.find("<") + 1):].find(">") + (email.find("<") + 1))] : LangType(([^>])*)
INFO  flat.checker.VCPrf: Proved with lemmas (time: 14.831676 ms)
