INFO  flat.Driver$: 
INFO  flat.Driver$: Checking: /benchmark/subjects/971_getAddrSpec.neg.1.py
INFO  flat.checker.VCPrf: 
INFO  flat.checker.VCPrf: Goal:  ⇒ email.contains("<")
INFO  flat.checker.VCPrf: Failed (time: 32.794603 ms)
INFO  flat.checker.VCPrf: 
INFO  flat.checker.VCPrf: Goal:  ⇒ (((email.find("<") + 1) ≥ 0) && (|email| ≥ 0))
INFO  flat.checker.VCPrf: Proved with SMT (time: 5.581648 ms)
INFO  flat.checker.VCPrf: 
INFO  flat.checker.VCPrf: Goal: ((email.find("<") + 1) ≥ 0) ∧ (|email| ≥ 0) ⇒ email[(email.find("<") + 1):].contains(">")
INFO  flat.checker.VCPrf: Failed (time: 44.867581 ms)
INFO  flat.checker.VCPrf: 
INFO  flat.checker.VCPrf: Goal:  ⇒ (((email.find("<") + 1) ≥ 0) && (|email| ≥ 0))
INFO  flat.checker.VCPrf: Proved with SMT (time: 4.159561 ms)
INFO  flat.checker.VCPrf: 
INFO  flat.checker.VCPrf: Goal:  ⇒ (((email.find("<") + 1) ≥ 0) && ((email[(email.find("<") + 1):].find(">") + (email.find("<") + 1)) ≥ 0))
INFO  flat.checker.VCPrf: Proved with SMT + lemmas (time: 21.273603 ms)
INFO  flat.checker.VCPrf: 
INFO  flat.checker.VCPrf: Goal: ((email.find("<") + 1) ≥ 0) ∧ ((email[(email.find("<") + 1):].find(">") + (email.find("<") + 1)) ≥ 0) ⇒ email[(email.find("<") + 1):(email[(email.find("<") + 1):].find(">") + (email.find("<") + 1))] : LangType(([^>])*)
INFO  flat.checker.VCPrf: Proved with lemmas (time: 14.720098 ms)
- [ERROR] Type Error: /benchmark/subjects/971_getAddrSpec.neg.1.py
6 |  b1 = email.index('<', 0) + 1
  |       ^^^^^^^^^^^^^^^^^^^
  |       assertion may fail
- [ERROR] Type Error: /benchmark/subjects/971_getAddrSpec.neg.1.py
7 |  b2 = email.index('>', b1)
  |       ^^^^^^^^^^^^^^^^^^^^
  |       assertion may fail
