INFO  flat.Driver$: 
INFO  flat.Driver$: Checking: /benchmark/subjects/980_parser.neg.1.py
INFO  flat.checker.VCPrf: 
INFO  flat.checker.VCPrf: Goal:  ⇒ ((0 ≥ 0) && (0 < |s|))
INFO  flat.checker.VCPrf: Failed (time: 36.173549 ms)
INFO  flat.checker.VCPrf: 
INFO  flat.checker.VCPrf: Goal: (s[0] = "a") ∧ (0 ≥ 0) ∧ (0 < |s|) ⇒ (|s| = 1)
INFO  flat.checker.VCPrf: Failed (time: 33.419277 ms)
INFO  flat.checker.VCPrf: 
INFO  flat.checker.VCPrf: Goal: (s[0] ≠ "a") ∧ (0 ≥ 0) ∧ (0 < |s|) ⇒ ((1 ≥ 0) && (1 < |s|))
INFO  flat.checker.VCPrf: Failed (time: 19.263245 ms)
INFO  flat.checker.VCPrf: 
INFO  flat.checker.VCPrf: Goal: (s[0] ≠ "a") ∧ (0 ≥ 0) ∧ (0 < |s|) ∧ (1 ≥ 0) ∧ (1 < |s|) ⇒ (s[1] = "b")
INFO  flat.checker.VCPrf: Failed (time: 27.816865 ms)
- [ERROR] Type Error: /benchmark/subjects/980_parser.neg.1.py
4 |  if s[0] == "a":
  |       ^
  |       index may be out of bounds
- [ERROR] Type Error: /benchmark/subjects/980_parser.neg.1.py
5 |    assert len(s) == 1
  |           ^^^^^^^^^^^
  |           assertion may fail
- [ERROR] Type Error: /benchmark/subjects/980_parser.neg.1.py
7 |    assert s[1] == "b"
  |             ^
  |             index may be out of bounds
- [ERROR] Type Error: /benchmark/subjects/980_parser.neg.1.py
7 |    assert s[1] == "b"
  |           ^^^^^^^^^^^
  |           assertion may fail
