INFO  flat.Driver$: 
INFO  flat.Driver$: Checking: /benchmark/subjects/cgidecode.py
scala.MatchError: Dict (of class java.lang.String)
	at flat.checker.py.Unpickler.expr$$anonfun$1(Unpickler.scala:239)
	at flat.checker.py.Unpickler.localStmt$$anonfun$1(Unpickler.scala:113)
	at scala.collection.StrictOptimizedIterableOps.map(StrictOptimizedIterableOps.scala:100)
	at scala.collection.StrictOptimizedIterableOps.map$(StrictOptimizedIterableOps.scala:87)
	at scala.collection.mutable.ArrayBuffer.map(ArrayBuffer.scala:42)
	at flat.checker.py.Unpickler.list$$anonfun$1(Unpickler.scala:33)
	at flat.checker.py.Unpickler.topStmt$$anonfun$1(Unpickler.scala:63)
	at scala.collection.StrictOptimizedIterableOps.flatMap(StrictOptimizedIterableOps.scala:118)
	at scala.collection.StrictOptimizedIterableOps.flatMap$(StrictOptimizedIterableOps.scala:105)
	at scala.collection.mutable.ArrayBuffer.flatMap(ArrayBuffer.scala:42)
	at flat.checker.py.Unpickler.getTree(Unpickler.scala:18)
	at flat.Driver$.checkPython(Driver.scala:55)
	at flat.Driver$.tryCheckPython(Driver.scala:40)
	at flat.Driver$.run$$anonfun$2(Driver.scala:32)
	at scala.runtime.function.JProcedure1.apply(JProcedure1.java:15)
	at scala.runtime.function.JProcedure1.apply(JProcedure1.java:10)
	at scala.collection.immutable.List.foreach(List.scala:334)
	at flat.Driver$.run(Driver.scala:29)
	at flat.CLI$.main(CLI.scala:48)
	at flat.CLI.main(CLI.scala)
